******************************************************************************
                  TI ARM Linker PC v5.2.5                      
******************************************************************************
>> Linked Tue Apr 12 01:55:15 2016

OUTPUT FILE NAME:   <pwm_adc_lm4f120.out>
ENTRY POINT SYMBOL: "_c_int00"  address: 00001901


MEMORY CONFIGURATION

         name            origin    length      used     unused   attr    fill
----------------------  --------  ---------  --------  --------  ----  --------
  FLASH                 00000000   00040000  00002018  0003dfe8  R  X
  SRAM                  20000000   00008000  00000241  00007dbf  RW X


SEGMENT ALLOCATION MAP

run origin  load origin   length   init length attrs members
----------  ----------- ---------- ----------- ----- -------
00000000    00000000    00002020   00002020    r-x
  00000000    00000000    0000026c   0000026c    r-- .intvecs
  0000026c    0000026c    00001bb2   00001bb2    r-x .text
  00001e20    00001e20    000001c2   000001c2    r-- .const
  00001fe8    00001fe8    00000038   00000038    r-- .cinit
20000000    20000000    00000241   00000000    rw-
  20000000    20000000    00000200   00000000    rw- .stack
  20000200    20000200    00000028   00000000    rw- .data
  20000228    20000228    00000019   00000000    rw- .bss


SECTION ALLOCATION MAP

 output                                  attributes/
section   page    origin      length       input sections
--------  ----  ----------  ----------   ----------------
.intvecs   0    00000000    0000026c     
                  00000000    0000026c     lm4f120h5qr_startup_ccs.obj (.intvecs)

.text      0    0000026c    00001bb2     
                  0000026c    00000850     main.obj (.text)
                  00000abc    000004a8     uartstdio.obj (.text)
                  00000f64    000001d8     driverlib-cm4f.lib : sysctl.obj (.text:SysCtlClockGet)
                  0000113c    0000013c                        : sysctl.obj (.text:SysCtlClockSet)
                  00001278    00000136     rtsv7M4_T_le_v4SPD16_eabi.lib : fd_div_t2.obj (.text)
                  000013ae    000000fc                                   : fd_mul_t2.obj (.text)
                  000014aa    000000c8     driverlib-cm4f.lib : gpio.obj (.text:GPIOPadConfigSet)
                  00001572    0000009c     rtsv7M4_T_le_v4SPD16_eabi.lib : memcpy_t2.obj (.text)
                  0000160e    0000007a                                   : memset_t2.obj (.text)
                  00001688    00000078     driverlib-cm4f.lib : sysctl.obj (.text:SysCtlPeripheralPresent)
                  00001700    0000006c                        : adc.obj (.text:ADCSequenceStepConfigure)
                  0000176c    0000006c     rtsv7M4_T_le_v4SPD16_eabi.lib : autoinit.obj (.text)
                  000017d8    0000006a                                   : copy_decompress_rle.obj (.text)
                  00001842    00000002                                   : i_div0.obj (.text)
                  00001844    00000064     driverlib-cm4f.lib : interrupt.obj (.text:IntEnable)
                  000018a8    00000058                        : sysctl.obj (.text:SysCtlPeripheralEnable)
                  00001900    00000050     rtsv7M4_T_le_v4SPD16_eabi.lib : boot.obj (.text)
                  00001950    0000004c                                   : cpy_tbl.obj (.text)
                  0000199c    00000048     driverlib-cm4f.lib : gpio.obj (.text:GPIOPinConfigure)
                  000019e4    00000048     rtsv7M4_T_le_v4SPD16_eabi.lib : fd_tos_t2.obj (.text)
                  00001a2c    00000044                                   : exit.obj (.text)
                  00001a70    00000044                                   : fd_tou_t2.obj (.text)
                  00001ab4    00000042     driverlib-cm4f.lib : uart.obj (.text:UARTConfigSetExpClk)
                  00001af6    00000040     rtsv7M4_T_le_v4SPD16_eabi.lib : u_divt2.obj (.text)
                  00001b36    0000002e     driverlib-cm4f.lib : adc.obj (.text:ADCIntStatus)
                  00001b64    0000002e                        : gpio.obj (.text:GPIODirModeSet)
                  00001b92    0000002e     rtsv7M4_T_le_v4SPD16_eabi.lib : i_tofd_t2.obj (.text)
                  00001bc0    0000002a     driverlib-cm4f.lib : adc.obj (.text:ADCSequenceConfigure)
                  00001bea    00000002     --HOLE-- [fill = 0]
                  00001bec    00000028                        : timer.obj (.text:TimerConfigure)
                  00001c14    00000020                        : adc.obj (.text:ADCSequenceDataGet)
                  00001c34    00000020                        : sysctl.obj (.text:SysCtlADCSpeedSet)
                  00001c54    00000020     rtsv7M4_T_le_v4SPD16_eabi.lib : u_tofd_t2.obj (.text)
                  00001c74    0000001c     driverlib-cm4f.lib : uart.obj (.text:UARTDisable)
                  00001c90    00000018     rtsv7M4_T_le_v4SPD16_eabi.lib : args_main.obj (.text)
                  00001ca8    00000016     driverlib-cm4f.lib : adc.obj (.text:ADCProcessorTrigger)
                  00001cbe    00000014                        : uart.obj (.text:UARTEnable)
                  00001cd2    00000002     --HOLE-- [fill = 0]
                  00001cd4    00000014     rtsv7M4_T_le_v4SPD16_eabi.lib : _lock.obj (.text)
                  00001ce8    00000012     driverlib-cm4f.lib : gpio.obj (.text:GPIOPinTypeADC)
                  00001cfa    00000012                        : gpio.obj (.text:GPIOPinTypeGPIOOutput)
                  00001d0c    00000012                        : gpio.obj (.text:GPIOPinTypeTimer)
                  00001d1e    00000012                        : gpio.obj (.text:GPIOPinTypeUART)
                  00001d30    00000012                        : timer.obj (.text:TimerLoadSet)
                  00001d42    00000012                        : timer.obj (.text:TimerMatchSet)
                  00001d54    00000010                        : uart.obj (.text:UARTCharGetNonBlocking)
                  00001d64    0000000e                        : adc.obj (.text:ADCSequenceEnable)
                  00001d72    0000000e                        : timer.obj (.text:TimerEnable)
                  00001d80    0000000e     rtsv7M4_T_le_v4SPD16_eabi.lib : copy_decompress_none.obj (.text:decompress:none)
                  00001d8e    0000000c     driverlib-cm4f.lib : cpu.obj (.text:CPUcpsie)
                  00001d9a    0000000c                        : uart.obj (.text:UARTCharsAvail)
                  00001da6    0000000c     rtsv7M4_T_le_v4SPD16_eabi.lib : copy_zero_init.obj (.text:decompress:ZI)
                  00001db2    0000000c     lm4f120h5qr_startup_ccs.obj (.text)
                  00001dbe    0000000a     driverlib-cm4f.lib : adc.obj (.text:ADCIntClear)
                  00001dc8    0000000a                        : gpio.obj (.text:GPIOPinWrite)
                  00001dd2    0000000a                        : interrupt.obj (.text:IntMasterEnable)
                  00001ddc    0000000a                        : uart.obj (.text:UARTCharGet)
                  00001de6    0000000a                        : uart.obj (.text:UARTCharPut)
                  00001df0    0000000a                        : uart.obj (.text:UARTIntStatus)
                  00001dfa    00000008                        : uart.obj (.text:UARTBusy)
                  00001e02    00000008                        : uart.obj (.text:UARTIntEnable)
                  00001e0a    00000006                        : sysctl.obj (.text:SysCtlDelay)
                  00001e10    00000006     rtsv7M4_T_le_v4SPD16_eabi.lib : copy_decompress_rle.obj (.text:decompress:rle24)
                  00001e16    00000004     driverlib-cm4f.lib : uart.obj (.text:UARTIntClear)
                  00001e1a    00000004     rtsv7M4_T_le_v4SPD16_eabi.lib : pre_init.obj (.text)

.const     0    00001e20    000001c2     
                  00001e20    00000078     driverlib-cm4f.lib : gpio.obj (.const:g_pulGPIOBaseAddrs)
                  00001e98    00000070                        : interrupt.obj (.const)
                  00001f08    0000006c                        : sysctl.obj (.const:g_pulXtals)
                  00001f74    00000040                        : sysctl.obj (.const)
                  00001fb4    0000001c     uartstdio.obj (.const)
                  00001fd0    00000012     uartstdio.obj (.const:.string)

.cinit     0    00001fe8    00000038     
                  00001fe8    00000012     (.cinit..data.load) [load image, compression = rle]
                  00001ffa    00000002     --HOLE-- [fill = 0]
                  00001ffc    0000000c     (__TI_handler_table)
                  00002008    00000008     (.cinit..bss.load) [load image, compression = zero_init]
                  00002010    00000010     (__TI_cinit_table)

.init_array 
*          0    00000000    00000000     UNINITIALIZED

.stack     0    20000000    00000200     UNINITIALIZED
                  20000000    00000200     --HOLE--

.data      0    20000200    00000028     UNINITIALIZED
                  20000200    0000000c     main.obj (.data)
                  2000020c    00000008     rtsv7M4_T_le_v4SPD16_eabi.lib : _lock.obj (.data)
                  20000214    00000008                                   : exit.obj (.data)
                  2000021c    00000005     uartstdio.obj (.data)
                  20000221    00000003     --HOLE--
                  20000224    00000004     rtsv7M4_T_le_v4SPD16_eabi.lib : stkdepth_vars.obj (.data)

.bss       0    20000228    00000019     UNINITIALIZED
                  20000228    00000004     (.common:dutyValue)
                  2000022c    00000004     (.common:ulADC0Value)
                  20000230    00000004     (.common:ulDutyExt)
                  20000234    00000004     (.common:ulPeriod)
                  20000238    00000004     (.common:ulV)
                  2000023c    00000004     (.common:ulmV)
                  20000240    00000001     (.common:charGet)

.TI.persistent 
*          0    20000200    00000000     UNINITIALIZED

.TI.noinit 
*          0    20000228    00000000     UNINITIALIZED


LINKER GENERATED COPY TABLES

__TI_cinit_table @ 00002010 records: 2, size/record: 8, table size: 16
	.data: load addr=00001fe8, load size=00000012 bytes, run addr=20000200, run size=00000028 bytes, compression=rle
	.bss: load addr=00002008, load size=00000008 bytes, run addr=20000228, run size=00000019 bytes, compression=zero_init


LINKER GENERATED HANDLER TABLE

__TI_handler_table @ 00001ffc records: 3, size/record: 4, table size: 12
	index: 0, handler: __TI_decompress_rle24
	index: 1, handler: __TI_decompress_none
	index: 2, handler: __TI_zero_init


GLOBAL SYMBOLS: SORTED ALPHABETICALLY BY Name 

address   name                    
-------   ----                    
00001dbf  ADCIntClear             
00001b37  ADCIntStatus            
00001ca9  ADCProcessorTrigger     
00001bc1  ADCSequenceConfigure    
00001c15  ADCSequenceDataGet      
00001d65  ADCSequenceEnable       
00001701  ADCSequenceStepConfigure
00001a2d  C$$EXIT                 
00001d8f  CPUcpsie                
00001b65  GPIODirModeSet          
000014ab  GPIOPadConfigSet        
0000199d  GPIOPinConfigure        
00001ce9  GPIOPinTypeADC          
00001cfb  GPIOPinTypeGPIOOutput   
00001d0d  GPIOPinTypeTimer        
00001d1f  GPIOPinTypeUART         
00001dc9  GPIOPinWrite            
0000026d  InitConsole             
00000295  InitUARTComm            
00001845  IntEnable               
00001dd3  IntMasterEnable         
00001db3  ResetISR                
UNDEFED   SHT$$INIT_ARRAY$$Base   
UNDEFED   SHT$$INIT_ARRAY$$Limit  
00001c35  SysCtlADCSpeedSet       
00000f65  SysCtlClockGet          
0000113d  SysCtlClockSet          
00001e0b  SysCtlDelay             
000018a9  SysCtlPeripheralEnable  
00001689  SysCtlPeripheralPresent 
00001bed  TimerConfigure          
00001d73  TimerEnable             
00001d31  TimerLoadSet            
00001d43  TimerMatchSet           
00001dfb  UARTBusy                
00001ddd  UARTCharGet             
00001d55  UARTCharGetNonBlocking  
00001de7  UARTCharPut             
00001d9b  UARTCharsAvail          
00001ab5  UARTConfigSetExpClk     
00001c75  UARTDisable             
00001cbf  UARTEnable              
20000208  UARTFire                
00001e17  UARTIntClear            
00001e03  UARTIntEnable           
000003f9  UARTIntHandler          
00001df1  UARTIntStatus           
00000abd  UARTStdioConfig         
00000b03  UARTStdioInit           
00000b19  UARTStdioInitExpClk     
00000c2d  UARTgetc                
00000b75  UARTgets                
00000c55  UARTprintf              
00000b2f  UARTwrite               
20000200  __STACK_END             
00000200  __STACK_SIZE            
20000200  __STACK_TOP             
00002010  __TI_CINIT_Base         
00002020  __TI_CINIT_Limit        
00001ffc  __TI_Handler_Table_Base 
00002008  __TI_Handler_Table_Limit
0000176d  __TI_auto_init          
20000214  __TI_cleanup_ptr        
00001d81  __TI_decompress_none    
00001e11  __TI_decompress_rle24   
20000218  __TI_dtors_ptr          
00000000  __TI_static_base__      
00001da7  __TI_zero_init          
000019e5  __aeabi_d2f             
00001a71  __aeabi_d2uiz           
00001279  __aeabi_ddiv            
000013af  __aeabi_dmul            
00001b93  __aeabi_i2d             
00001843  __aeabi_idiv0           
0000160f  __aeabi_memclr          
0000160f  __aeabi_memclr4         
0000160f  __aeabi_memclr8         
00001573  __aeabi_memcpy          
00001573  __aeabi_memcpy4         
00001573  __aeabi_memcpy8         
00001611  __aeabi_memset          
00001611  __aeabi_memset4         
00001611  __aeabi_memset8         
00001c55  __aeabi_ui2d            
00001af7  __aeabi_uidiv           
00001af7  __aeabi_uidivmod        
ffffffff  __binit__               
ffffffff  __c_args__              
20000000  __stack                 
00001c91  _args_main              
00001901  _c_int00                
2000020c  _lock                   
00001ce3  _nop                    
00001cdb  _register_lock          
00001cd5  _register_unlock        
00001e1b  _system_pre_init        
20000210  _unlock                 
00001a31  abort                   
ffffffff  binit                   
000003a7  blinkled                
20000240  charGet                 
00001951  copy_in                 
20000228  dutyValue               
00001a39  exit                    
00000000  g_pfnVectors            
000005b5  getDataAdc              
0000035f  initADCModule           
000002d9  initPWMTimer            
000007b1  main                    
20000224  main_func_sp            
00001573  memcpy                  
00001617  memset                  
000003cd  sendDataUART            
20000204  uartEnable_             
20000200  uiOn                    
2000022c  ulADC0Value             
20000230  ulDutyExt               
20000234  ulPeriod                
20000238  ulV                     
2000023c  ulmV                    


GLOBAL SYMBOLS: SORTED BY Symbol Address 

address   name                    
-------   ----                    
00000000  __TI_static_base__      
00000000  g_pfnVectors            
00000200  __STACK_SIZE            
0000026d  InitConsole             
00000295  InitUARTComm            
000002d9  initPWMTimer            
0000035f  initADCModule           
000003a7  blinkled                
000003cd  sendDataUART            
000003f9  UARTIntHandler          
000005b5  getDataAdc              
000007b1  main                    
00000abd  UARTStdioConfig         
00000b03  UARTStdioInit           
00000b19  UARTStdioInitExpClk     
00000b2f  UARTwrite               
00000b75  UARTgets                
00000c2d  UARTgetc                
00000c55  UARTprintf              
00000f65  SysCtlClockGet          
0000113d  SysCtlClockSet          
00001279  __aeabi_ddiv            
000013af  __aeabi_dmul            
000014ab  GPIOPadConfigSet        
00001573  __aeabi_memcpy          
00001573  __aeabi_memcpy4         
00001573  __aeabi_memcpy8         
00001573  memcpy                  
0000160f  __aeabi_memclr          
0000160f  __aeabi_memclr4         
0000160f  __aeabi_memclr8         
00001611  __aeabi_memset          
00001611  __aeabi_memset4         
00001611  __aeabi_memset8         
00001617  memset                  
00001689  SysCtlPeripheralPresent 
00001701  ADCSequenceStepConfigure
0000176d  __TI_auto_init          
00001843  __aeabi_idiv0           
00001845  IntEnable               
000018a9  SysCtlPeripheralEnable  
00001901  _c_int00                
00001951  copy_in                 
0000199d  GPIOPinConfigure        
000019e5  __aeabi_d2f             
00001a2d  C$$EXIT                 
00001a31  abort                   
00001a39  exit                    
00001a71  __aeabi_d2uiz           
00001ab5  UARTConfigSetExpClk     
00001af7  __aeabi_uidiv           
00001af7  __aeabi_uidivmod        
00001b37  ADCIntStatus            
00001b65  GPIODirModeSet          
00001b93  __aeabi_i2d             
00001bc1  ADCSequenceConfigure    
00001bed  TimerConfigure          
00001c15  ADCSequenceDataGet      
00001c35  SysCtlADCSpeedSet       
00001c55  __aeabi_ui2d            
00001c75  UARTDisable             
00001c91  _args_main              
00001ca9  ADCProcessorTrigger     
00001cbf  UARTEnable              
00001cd5  _register_unlock        
00001cdb  _register_lock          
00001ce3  _nop                    
00001ce9  GPIOPinTypeADC          
00001cfb  GPIOPinTypeGPIOOutput   
00001d0d  GPIOPinTypeTimer        
00001d1f  GPIOPinTypeUART         
00001d31  TimerLoadSet            
00001d43  TimerMatchSet           
00001d55  UARTCharGetNonBlocking  
00001d65  ADCSequenceEnable       
00001d73  TimerEnable             
00001d81  __TI_decompress_none    
00001d8f  CPUcpsie                
00001d9b  UARTCharsAvail          
00001da7  __TI_zero_init          
00001db3  ResetISR                
00001dbf  ADCIntClear             
00001dc9  GPIOPinWrite            
00001dd3  IntMasterEnable         
00001ddd  UARTCharGet             
00001de7  UARTCharPut             
00001df1  UARTIntStatus           
00001dfb  UARTBusy                
00001e03  UARTIntEnable           
00001e0b  SysCtlDelay             
00001e11  __TI_decompress_rle24   
00001e17  UARTIntClear            
00001e1b  _system_pre_init        
00001ffc  __TI_Handler_Table_Base 
00002008  __TI_Handler_Table_Limit
00002010  __TI_CINIT_Base         
00002020  __TI_CINIT_Limit        
20000000  __stack                 
20000200  __STACK_END             
20000200  __STACK_TOP             
20000200  uiOn                    
20000204  uartEnable_             
20000208  UARTFire                
2000020c  _lock                   
20000210  _unlock                 
20000214  __TI_cleanup_ptr        
20000218  __TI_dtors_ptr          
20000224  main_func_sp            
20000228  dutyValue               
2000022c  ulADC0Value             
20000230  ulDutyExt               
20000234  ulPeriod                
20000238  ulV                     
2000023c  ulmV                    
20000240  charGet                 
ffffffff  __binit__               
ffffffff  __c_args__              
ffffffff  binit                   
UNDEFED   SHT$$INIT_ARRAY$$Base   
UNDEFED   SHT$$INIT_ARRAY$$Limit  

[120 symbols]
