******************************************************************************
                  TI ARM Linker PC v5.2.5                      
******************************************************************************
>> Linked Tue Jun 14 19:15:04 2016

OUTPUT FILE NAME:   <spi_master_lm4f120.out>
ENTRY POINT SYMBOL: "_c_int00"  address: 00001265


MEMORY CONFIGURATION

         name            origin    length      used     unused   attr    fill
----------------------  --------  ---------  --------  --------  ----  --------
  FLASH                 00000000   00040000  000017ee  0003e812  R  X
  SRAM                  20000000   00008000  00000230  00007dd0  RW X


SEGMENT ALLOCATION MAP

run origin  load origin   length   init length attrs members
----------  ----------- ---------- ----------- ----- -------
00000000    00000000    000017f0   000017f0    r-x
  00000000    00000000    0000026c   0000026c    r-- .intvecs
  0000026c    0000026c    00001388   00001388    r-x .text
  000015f4    000015f4    000001c2   000001c2    r-- .const
  000017b8    000017b8    00000038   00000038    r-- .cinit
20000000    20000000    00000230   00000000    rw-
  20000000    20000000    00000200   00000000    rw- .stack
  20000200    20000200    0000001c   00000000    rw- .data
  2000021c    2000021c    00000014   00000000    rw- .bss


SECTION ALLOCATION MAP

 output                                  attributes/
section   page    origin      length       input sections
--------  ----  ----------  ----------   ----------------
.intvecs   0    00000000    0000026c     
                  00000000    0000026c     lm4f120h5qr_startup_ccs.obj (.intvecs)

.text      0    0000026c    00001388     
                  0000026c    000004a8     uartstdio.obj (.text)
                  00000714    00000450     main.obj (.text)
                  00000b64    000001d8     driverlib-cm4f.lib : sysctl.obj (.text:SysCtlClockGet)
                  00000d3c    0000013c                        : sysctl.obj (.text:SysCtlClockSet)
                  00000e78    000000c8                        : gpio.obj (.text:GPIOPadConfigSet)
                  00000f40    0000009c     rtsv7M4_T_le_v4SPD16_eabi.lib : memcpy_t2.obj (.text)
                  00000fdc    0000007a                                   : memset_t2.obj (.text)
                  00001056    00000002                                   : i_div0.obj (.text)
                  00001058    00000078     driverlib-cm4f.lib : sysctl.obj (.text:SysCtlPeripheralPresent)
                  000010d0    0000006c     rtsv7M4_T_le_v4SPD16_eabi.lib : autoinit.obj (.text)
                  0000113c    0000006a                                   : copy_decompress_rle.obj (.text)
                  000011a6    00000002     --HOLE-- [fill = 0]
                  000011a8    00000064     driverlib-cm4f.lib : interrupt.obj (.text:IntEnable)
                  0000120c    00000058                        : sysctl.obj (.text:SysCtlPeripheralEnable)
                  00001264    00000050     rtsv7M4_T_le_v4SPD16_eabi.lib : boot.obj (.text)
                  000012b4    0000004c                                   : cpy_tbl.obj (.text)
                  00001300    00000048     driverlib-cm4f.lib : gpio.obj (.text:GPIOPinConfigure)
                  00001348    00000044                        : ssi.obj (.text:SSIConfigSetExpClk)
                  0000138c    00000044     rtsv7M4_T_le_v4SPD16_eabi.lib : exit.obj (.text)
                  000013d0    00000042     driverlib-cm4f.lib : uart.obj (.text:UARTConfigSetExpClk)
                  00001412    00000040     rtsv7M4_T_le_v4SPD16_eabi.lib : u_divt2.obj (.text)
                  00001452    0000002e     driverlib-cm4f.lib : gpio.obj (.text:GPIODirModeSet)
                  00001480    0000001c                        : uart.obj (.text:UARTDisable)
                  0000149c    00000018     rtsv7M4_T_le_v4SPD16_eabi.lib : args_main.obj (.text)
                  000014b4    00000014     driverlib-cm4f.lib : uart.obj (.text:UARTEnable)
                  000014c8    00000014     rtsv7M4_T_le_v4SPD16_eabi.lib : _lock.obj (.text)
                  000014dc    00000012     driverlib-cm4f.lib : gpio.obj (.text:GPIOPinTypeGPIOOutput)
                  000014ee    00000012                        : gpio.obj (.text:GPIOPinTypeSSI)
                  00001500    00000012                        : gpio.obj (.text:GPIOPinTypeUART)
                  00001512    00000012                        : ssi.obj (.text:SSIDataGetNonBlocking)
                  00001524    00000010                        : uart.obj (.text:UARTCharGetNonBlocking)
                  00001534    0000000e     rtsv7M4_T_le_v4SPD16_eabi.lib : copy_decompress_none.obj (.text:decompress:none)
                  00001542    0000000c     driverlib-cm4f.lib : cpu.obj (.text:CPUcpsie)
                  0000154e    0000000c                        : ssi.obj (.text:SSIDataGet)
                  0000155a    0000000c                        : uart.obj (.text:UARTCharsAvail)
                  00001566    0000000c     rtsv7M4_T_le_v4SPD16_eabi.lib : copy_zero_init.obj (.text:decompress:ZI)
                  00001572    0000000c     lm4f120h5qr_startup_ccs.obj (.text)
                  0000157e    0000000a     driverlib-cm4f.lib : gpio.obj (.text:GPIOPinWrite)
                  00001588    0000000a                        : interrupt.obj (.text:IntMasterEnable)
                  00001592    0000000a                        : ssi.obj (.text:SSIDataPut)
                  0000159c    0000000a                        : ssi.obj (.text:SSIEnable)
                  000015a6    0000000a                        : uart.obj (.text:UARTCharGet)
                  000015b0    0000000a                        : uart.obj (.text:UARTCharPut)
                  000015ba    0000000a                        : uart.obj (.text:UARTIntStatus)
                  000015c4    00000008                        : ssi.obj (.text:SSIIntEnable)
                  000015cc    00000008                        : uart.obj (.text:UARTBusy)
                  000015d4    00000008                        : uart.obj (.text:UARTIntEnable)
                  000015dc    00000006                        : sysctl.obj (.text:SysCtlDelay)
                  000015e2    00000006     rtsv7M4_T_le_v4SPD16_eabi.lib : copy_decompress_rle.obj (.text:decompress:rle24)
                  000015e8    00000004     driverlib-cm4f.lib : ssi.obj (.text:SSIIntClear)
                  000015ec    00000004                        : uart.obj (.text:UARTIntClear)
                  000015f0    00000004     rtsv7M4_T_le_v4SPD16_eabi.lib : pre_init.obj (.text)

.const     0    000015f4    000001c2     
                  000015f4    00000078     driverlib-cm4f.lib : gpio.obj (.const:g_pulGPIOBaseAddrs)
                  0000166c    00000070                        : interrupt.obj (.const)
                  000016dc    0000006c                        : sysctl.obj (.const:g_pulXtals)
                  00001748    00000040                        : sysctl.obj (.const)
                  00001788    0000001c     uartstdio.obj (.const)
                  000017a4    00000012     uartstdio.obj (.const:.string)

.cinit     0    000017b8    00000038     
                  000017b8    0000000f     (.cinit..data.load) [load image, compression = rle]
                  000017c7    00000001     --HOLE-- [fill = 0]
                  000017c8    0000000c     (__TI_handler_table)
                  000017d4    00000004     --HOLE-- [fill = 0]
                  000017d8    00000008     (.cinit..bss.load) [load image, compression = zero_init]
                  000017e0    00000010     (__TI_cinit_table)

.init_array 
*          0    00000000    00000000     UNINITIALIZED

.stack     0    20000000    00000200     UNINITIALIZED
                  20000000    00000200     --HOLE--

.data      0    20000200    0000001c     UNINITIALIZED
                  20000200    00000008     rtsv7M4_T_le_v4SPD16_eabi.lib : _lock.obj (.data)
                  20000208    00000008                                   : exit.obj (.data)
                  20000210    00000005     uartstdio.obj (.data)
                  20000215    00000003     --HOLE--
                  20000218    00000004     rtsv7M4_T_le_v4SPD16_eabi.lib : stkdepth_vars.obj (.data)

.bss       0    2000021c    00000014     UNINITIALIZED
                  2000021c    0000000c     (.common:ulDataRx)
                  20000228    00000004     (.common:ulindex1)
                  2000022c    00000004     (.common:ulindex2)

.TI.persistent 
*          0    20000200    00000000     UNINITIALIZED

.TI.noinit 
*          0    2000021c    00000000     UNINITIALIZED


LINKER GENERATED COPY TABLES

__TI_cinit_table @ 000017e0 records: 2, size/record: 8, table size: 16
	.data: load addr=000017b8, load size=0000000f bytes, run addr=20000200, run size=0000001c bytes, compression=rle
	.bss: load addr=000017d8, load size=00000008 bytes, run addr=2000021c, run size=00000014 bytes, compression=zero_init


LINKER GENERATED HANDLER TABLE

__TI_handler_table @ 000017c8 records: 3, size/record: 4, table size: 12
	index: 0, handler: __TI_decompress_rle24
	index: 1, handler: __TI_decompress_none
	index: 2, handler: __TI_zero_init


GLOBAL SYMBOLS: SORTED ALPHABETICALLY BY Name 

address   name                    
-------   ----                    
0000138d  C$$EXIT                 
00001543  CPUcpsie                
00001453  GPIODirModeSet          
00000e79  GPIOPadConfigSet        
00001301  GPIOPinConfigure        
000014dd  GPIOPinTypeGPIOOutput   
000014ef  GPIOPinTypeSSI          
00001501  GPIOPinTypeUART         
0000157f  GPIOPinWrite            
00000715  InitConsole             
0000073d  InitUARTComm            
000011a9  IntEnable               
00001589  IntMasterEnable         
00001573  ResetISR                
UNDEFED   SHT$$INIT_ARRAY$$Base   
UNDEFED   SHT$$INIT_ARRAY$$Limit  
00001349  SSIConfigSetExpClk      
0000154f  SSIDataGet              
00001513  SSIDataGetNonBlocking   
00001593  SSIDataPut              
0000159d  SSIEnable               
000015e9  SSIIntClear             
000015c5  SSIIntEnable            
00000b65  SysCtlClockGet          
00000d3d  SysCtlClockSet          
000015dd  SysCtlDelay             
0000120d  SysCtlPeripheralEnable  
00001059  SysCtlPeripheralPresent 
000015cd  UARTBusy                
000015a7  UARTCharGet             
00001525  UARTCharGetNonBlocking  
000015b1  UARTCharPut             
0000155b  UARTCharsAvail          
000013d1  UARTConfigSetExpClk     
00001481  UARTDisable             
000014b5  UARTEnable              
000015ed  UARTIntClear            
000015d5  UARTIntEnable           
0000085b  UARTIntHandler          
000015bb  UARTIntStatus           
0000026d  UARTStdioConfig         
000002b3  UARTStdioInit           
000002c9  UARTStdioInitExpClk     
000003dd  UARTgetc                
00000325  UARTgets                
00000405  UARTprintf              
000002df  UARTwrite               
20000200  __STACK_END             
00000200  __STACK_SIZE            
20000200  __STACK_TOP             
000017e0  __TI_CINIT_Base         
000017f0  __TI_CINIT_Limit        
000017c8  __TI_Handler_Table_Base 
000017d4  __TI_Handler_Table_Limit
000010d1  __TI_auto_init          
20000208  __TI_cleanup_ptr        
00001535  __TI_decompress_none    
000015e3  __TI_decompress_rle24   
2000020c  __TI_dtors_ptr          
00000000  __TI_static_base__      
00001567  __TI_zero_init          
00001057  __aeabi_idiv0           
00000fdd  __aeabi_memclr          
00000fdd  __aeabi_memclr4         
00000fdd  __aeabi_memclr8         
00000f41  __aeabi_memcpy          
00000f41  __aeabi_memcpy4         
00000f41  __aeabi_memcpy8         
00000fdf  __aeabi_memset          
00000fdf  __aeabi_memset4         
00000fdf  __aeabi_memset8         
00001413  __aeabi_uidiv           
00001413  __aeabi_uidivmod        
ffffffff  __binit__               
ffffffff  __c_args__              
20000000  __stack                 
0000149d  _args_main              
00001265  _c_int00                
20000200  _lock                   
000014d7  _nop                    
000014cf  _register_lock          
000014c9  _register_unlock        
000015f1  _system_pre_init        
20000204  _unlock                 
00001391  abort                   
ffffffff  binit                   
000007d7  blinkled                
000012b5  copy_in                 
00001399  exit                    
00000000  g_pfnVectors            
00000781  initSSI                 
00000949  main                    
20000218  main_func_sp            
00000f41  memcpy                  
00000fe5  memset                  
00000829  sendDataSSI             
000007fd  sendDataUART            
000008c3  ssirxhandler            
2000021c  ulDataRx                
20000228  ulindex1                
2000022c  ulindex2                


GLOBAL SYMBOLS: SORTED BY Symbol Address 

address   name                    
-------   ----                    
00000000  __TI_static_base__      
00000000  g_pfnVectors            
00000200  __STACK_SIZE            
0000026d  UARTStdioConfig         
000002b3  UARTStdioInit           
000002c9  UARTStdioInitExpClk     
000002df  UARTwrite               
00000325  UARTgets                
000003dd  UARTgetc                
00000405  UARTprintf              
00000715  InitConsole             
0000073d  InitUARTComm            
00000781  initSSI                 
000007d7  blinkled                
000007fd  sendDataUART            
00000829  sendDataSSI             
0000085b  UARTIntHandler          
000008c3  ssirxhandler            
00000949  main                    
00000b65  SysCtlClockGet          
00000d3d  SysCtlClockSet          
00000e79  GPIOPadConfigSet        
00000f41  __aeabi_memcpy          
00000f41  __aeabi_memcpy4         
00000f41  __aeabi_memcpy8         
00000f41  memcpy                  
00000fdd  __aeabi_memclr          
00000fdd  __aeabi_memclr4         
00000fdd  __aeabi_memclr8         
00000fdf  __aeabi_memset          
00000fdf  __aeabi_memset4         
00000fdf  __aeabi_memset8         
00000fe5  memset                  
00001057  __aeabi_idiv0           
00001059  SysCtlPeripheralPresent 
000010d1  __TI_auto_init          
000011a9  IntEnable               
0000120d  SysCtlPeripheralEnable  
00001265  _c_int00                
000012b5  copy_in                 
00001301  GPIOPinConfigure        
00001349  SSIConfigSetExpClk      
0000138d  C$$EXIT                 
00001391  abort                   
00001399  exit                    
000013d1  UARTConfigSetExpClk     
00001413  __aeabi_uidiv           
00001413  __aeabi_uidivmod        
00001453  GPIODirModeSet          
00001481  UARTDisable             
0000149d  _args_main              
000014b5  UARTEnable              
000014c9  _register_unlock        
000014cf  _register_lock          
000014d7  _nop                    
000014dd  GPIOPinTypeGPIOOutput   
000014ef  GPIOPinTypeSSI          
00001501  GPIOPinTypeUART         
00001513  SSIDataGetNonBlocking   
00001525  UARTCharGetNonBlocking  
00001535  __TI_decompress_none    
00001543  CPUcpsie                
0000154f  SSIDataGet              
0000155b  UARTCharsAvail          
00001567  __TI_zero_init          
00001573  ResetISR                
0000157f  GPIOPinWrite            
00001589  IntMasterEnable         
00001593  SSIDataPut              
0000159d  SSIEnable               
000015a7  UARTCharGet             
000015b1  UARTCharPut             
000015bb  UARTIntStatus           
000015c5  SSIIntEnable            
000015cd  UARTBusy                
000015d5  UARTIntEnable           
000015dd  SysCtlDelay             
000015e3  __TI_decompress_rle24   
000015e9  SSIIntClear             
000015ed  UARTIntClear            
000015f1  _system_pre_init        
000017c8  __TI_Handler_Table_Base 
000017d4  __TI_Handler_Table_Limit
000017e0  __TI_CINIT_Base         
000017f0  __TI_CINIT_Limit        
20000000  __stack                 
20000200  __STACK_END             
20000200  __STACK_TOP             
20000200  _lock                   
20000204  _unlock                 
20000208  __TI_cleanup_ptr        
2000020c  __TI_dtors_ptr          
20000218  main_func_sp            
2000021c  ulDataRx                
20000228  ulindex1                
2000022c  ulindex2                
ffffffff  __binit__               
ffffffff  __c_args__              
ffffffff  binit                   
UNDEFED   SHT$$INIT_ARRAY$$Base   
UNDEFED   SHT$$INIT_ARRAY$$Limit  

[101 symbols]
