******************************************************************************
                  TI ARM Linker PC v5.1.8                      
******************************************************************************
>> Linked Fri Oct 17 00:48:15 2014

OUTPUT FILE NAME:   <Count_7seg.out>
ENTRY POINT SYMBOL: "_c_int00"  address: 00000d09


MEMORY CONFIGURATION

         name            origin    length      used     unused   attr    fill
----------------------  --------  ---------  --------  --------  ----  --------
  FLASH                 00000000   00040000  00001050  0003efb0  R  X
  SRAM                  20000000   00008000  00000230  00007dd0  RW X


SEGMENT ALLOCATION MAP

run origin  load origin   length   init length attrs members
----------  ----------- ---------- ----------- ----- -------
00000000    00000000    00001054   00001054    r-x
  00000000    00000000    0000026c   0000026c    r-- .intvecs
  0000026c    0000026c    00000ca4   00000ca4    r-x .text
  00000f10    00000f10    0000011c   0000011c    r-- .const
  00001030    00001030    00000024   00000024    r-- .cinit
20000000    20000000    00000230   00000000    rw-
  20000000    20000000    00000200   00000000    rw- .stack
  20000200    20000200    00000030   00000000    rw- .data


SECTION ALLOCATION MAP

 output                                  attributes/
section   page    origin      length       input sections
--------  ----  ----------  ----------   ----------------
.intvecs   0    00000000    0000026c     
                  00000000    0000026c     lm4f120h5qr_startup_ccs.obj (.intvecs)

.init_array 
*          0    00000000    00000000     UNINITIALIZED

.text      0    0000026c    00000ca4     
                  0000026c    00000474     contador_0-999.obj (.text)
                  000006e0    000001d8     driverlib-cm4f.lib : sysctl.obj (.text:SysCtlClockGet)
                  000008b8    0000013c                        : sysctl.obj (.text:SysCtlClockSet)
                  000009f4    000000c8                        : gpio.obj (.text:GPIOPadConfigSet)
                  00000abc    0000009c     rtsv7M4_T_le_v4SPD16_eabi.lib : memcpy_t2.obj (.text)
                  00000b58    00000094                                   : auto_init.obj (.text)
                  00000bec    00000064     driverlib-cm4f.lib : interrupt.obj (.text:IntEnable)
                  00000c50    0000005e     rtsv7M4_T_le_v4SPD16_eabi.lib : copy_decompress_rle.obj (.text)
                  00000cae    00000002     --HOLE-- [fill = 0]
                  00000cb0    00000058     driverlib-cm4f.lib : sysctl.obj (.text:SysCtlPeripheralEnable)
                  00000d08    00000048     rtsv7M4_T_le_v4SPD16_eabi.lib : boot.obj (.text)
                  00000d50    00000044                                   : cpy_tbl.obj (.text)
                  00000d94    00000044                                   : exit.obj (.text)
                  00000dd8    0000002e     driverlib-cm4f.lib : gpio.obj (.text:GPIODirModeSet)
                  00000e06    00000002     --HOLE-- [fill = 0]
                  00000e08    00000028                        : timer.obj (.text:TimerConfigure)
                  00000e30    00000018     rtsv7M4_T_le_v4SPD16_eabi.lib : args_main.obj (.text)
                  00000e48    00000014     driverlib-cm4f.lib : timer.obj (.text:TimerDisable)
                  00000e5c    00000014     rtsv7M4_T_le_v4SPD16_eabi.lib : _lock.obj (.text)
                  00000e70    00000012     driverlib-cm4f.lib : gpio.obj (.text:GPIOPinTypeGPIOInput)
                  00000e82    00000012                        : gpio.obj (.text:GPIOPinTypeGPIOOutput)
                  00000e94    00000012                        : timer.obj (.text:TimerLoadSet)
                  00000ea6    0000000e                        : timer.obj (.text:TimerEnable)
                  00000eb4    0000000e     rtsv7M4_T_le_v4SPD16_eabi.lib : copy_decompress_none.obj (.text:decompress:none)
                  00000ec2    0000000c     driverlib-cm4f.lib : cpu.obj (.text:CPUcpsie)
                  00000ece    0000000c     lm4f120h5qr_startup_ccs.obj (.text)
                  00000eda    0000000a     driverlib-cm4f.lib : gpio.obj (.text:GPIOPinRead)
                  00000ee4    0000000a                        : gpio.obj (.text:GPIOPinWrite)
                  00000eee    0000000a                        : interrupt.obj (.text:IntMasterEnable)
                  00000ef8    00000008                        : timer.obj (.text:TimerIntEnable)
                  00000f00    00000006                        : sysctl.obj (.text:SysCtlDelay)
                  00000f06    00000006     rtsv7M4_T_le_v4SPD16_eabi.lib : copy_decompress_rle.obj (.text:decompress:rle24)
                  00000f0c    00000004     driverlib-cm4f.lib : timer.obj (.text:TimerIntClear)

.const     0    00000f10    0000011c     
                  00000f10    00000070     driverlib-cm4f.lib : interrupt.obj (.const)
                  00000f80    0000006c                        : sysctl.obj (.const:g_pulXtals)
                  00000fec    00000040                        : sysctl.obj (.const)

.cinit     0    00001030    00000024     
                  00001030    00000012     (.cinit..data.load) [load image, compression = rle]
                  00001042    00000002     --HOLE-- [fill = 0]
                  00001044    00000008     (__TI_handler_table)
                  0000104c    00000008     (__TI_cinit_table)

.stack     0    20000000    00000200     UNINITIALIZED
                  20000000    00000200     --HOLE--

.data      0    20000200    00000030     UNINITIALIZED
                  20000200    0000001c     contador_0-999.obj (.data)
                  2000021c    00000008     rtsv7M4_T_le_v4SPD16_eabi.lib : _lock.obj (.data)
                  20000224    00000008                                   : exit.obj (.data)
                  2000022c    00000004                                   : stkdepth_vars.obj (.data)


LINKER GENERATED COPY TABLES

__TI_cinit_table @ 0000104c records: 1, size/record: 8, table size: 8
	.data: load addr=00001030, load size=00000012 bytes, run addr=20000200, run size=00000030 bytes, compression=rle


LINKER GENERATED HANDLER TABLE

__TI_handler_table @ 00001044 records: 2, size/record: 4, table size: 8
	index: 0, handler: __TI_decompress_rle24
	index: 1, handler: __TI_decompress_none


GLOBAL SYMBOLS: SORTED ALPHABETICALLY BY Name 

address    name
--------   ----
00000d95   C$$EXIT
00000ec3   CPUcpsie
00000dd9   GPIODirModeSet
000009f5   GPIOPadConfigSet
00000edb   GPIOPinRead
00000e71   GPIOPinTypeGPIOInput
00000e83   GPIOPinTypeGPIOOutput
00000ee5   GPIOPinWrite
00000bed   IntEnable
00000eef   IntMasterEnable
00000ecf   ResetISR
UNDEFED    SHT$$INIT_ARRAY$$Base
UNDEFED    SHT$$INIT_ARRAY$$Limit
000006e1   SysCtlClockGet
000008b9   SysCtlClockSet
00000f01   SysCtlDelay
00000cb1   SysCtlPeripheralEnable
000003f9   Timer0IntHandler
00000625   Timer1IntHandler
00000e09   TimerConfigure
00000e49   TimerDisable
00000ea7   TimerEnable
00000f0d   TimerIntClear
00000ef9   TimerIntEnable
00000e95   TimerLoadSet
20000200   __STACK_END
00000200   __STACK_SIZE
20000200   __STACK_TOP
0000104c   __TI_CINIT_Base
00001054   __TI_CINIT_Limit
00001044   __TI_Handler_Table_Base
0000104c   __TI_Handler_Table_Limit
00000001   __TI_args_main
00000b59   __TI_auto_init
20000224   __TI_cleanup_ptr
00000eb5   __TI_decompress_none
00000f07   __TI_decompress_rle24
20000228   __TI_dtors_ptr
00000000   __TI_static_base__
00000abd   __aeabi_memcpy
00000abd   __aeabi_memcpy4
00000abd   __aeabi_memcpy8
ffffffff   __binit__
ffffffff   __c_args__
20000000   __stack
00000e31   _args_main
00000d09   _c_int00
2000021c   _lock
00000e6b   _nop
00000e63   _register_lock
00000e5d   _register_unlock
20000220   _unlock
00000d99   abort
20000210   band
20000214   band1
20000218   band3
ffffffff   binit
2000020c   centena
20000200   cont
00000d51   copy_in
20000208   decena
00000da1   exit
00000000   g_pfnVectors
0000026d   main
2000022c   main_func_sp
00000abd   memcpy
20000204   unidad


GLOBAL SYMBOLS: SORTED BY Symbol Address 

address    name
--------   ----
00000000   __TI_static_base__
00000000   g_pfnVectors
00000001   __TI_args_main
00000200   __STACK_SIZE
0000026d   main
000003f9   Timer0IntHandler
00000625   Timer1IntHandler
000006e1   SysCtlClockGet
000008b9   SysCtlClockSet
000009f5   GPIOPadConfigSet
00000abd   __aeabi_memcpy
00000abd   __aeabi_memcpy4
00000abd   __aeabi_memcpy8
00000abd   memcpy
00000b59   __TI_auto_init
00000bed   IntEnable
00000cb1   SysCtlPeripheralEnable
00000d09   _c_int00
00000d51   copy_in
00000d95   C$$EXIT
00000d99   abort
00000da1   exit
00000dd9   GPIODirModeSet
00000e09   TimerConfigure
00000e31   _args_main
00000e49   TimerDisable
00000e5d   _register_unlock
00000e63   _register_lock
00000e6b   _nop
00000e71   GPIOPinTypeGPIOInput
00000e83   GPIOPinTypeGPIOOutput
00000e95   TimerLoadSet
00000ea7   TimerEnable
00000eb5   __TI_decompress_none
00000ec3   CPUcpsie
00000ecf   ResetISR
00000edb   GPIOPinRead
00000ee5   GPIOPinWrite
00000eef   IntMasterEnable
00000ef9   TimerIntEnable
00000f01   SysCtlDelay
00000f07   __TI_decompress_rle24
00000f0d   TimerIntClear
00001044   __TI_Handler_Table_Base
0000104c   __TI_CINIT_Base
0000104c   __TI_Handler_Table_Limit
00001054   __TI_CINIT_Limit
20000000   __stack
20000200   __STACK_END
20000200   __STACK_TOP
20000200   cont
20000204   unidad
20000208   decena
2000020c   centena
20000210   band
20000214   band1
20000218   band3
2000021c   _lock
20000220   _unlock
20000224   __TI_cleanup_ptr
20000228   __TI_dtors_ptr
2000022c   main_func_sp
ffffffff   __binit__
ffffffff   __c_args__
ffffffff   binit
UNDEFED    SHT$$INIT_ARRAY$$Base
UNDEFED    SHT$$INIT_ARRAY$$Limit

[67 symbols]
