******************************************************************************
                  TI ARM Linker PC v5.2.5                      
******************************************************************************
>> Linked Tue Jan 19 00:19:03 2016

OUTPUT FILE NAME:   <pwm_test.out>
ENTRY POINT SYMBOL: "_c_int00"  address: 00000875


MEMORY CONFIGURATION

         name            origin    length      used     unused   attr    fill
----------------------  --------  ---------  --------  --------  ----  --------
  FLASH                 00000000   00040000  00000b82  0003f47e  R  X
  SRAM                  20000000   00008000  00000214  00007dec  RW X


SEGMENT ALLOCATION MAP

run origin  load origin   length   init length attrs members
----------  ----------- ---------- ----------- ----- -------
00000000    00000000    00000b88   00000b88    r-x
  00000000    00000000    0000026c   0000026c    r-- .intvecs
  0000026c    0000026c    0000083e   0000083e    r-x .text
  00000aac    00000aac    000000b8   000000b8    r-- .const
  00000b68    00000b68    00000020   00000020    r-- .cinit
20000000    20000000    00000214   00000000    rw-
  20000000    20000000    00000200   00000000    rw- .stack
  20000200    20000200    00000014   00000000    rw- .data


SECTION ALLOCATION MAP

 output                                  attributes/
section   page    origin      length       input sections
--------  ----  ----------  ----------   ----------------
.intvecs   0    00000000    0000026c     
                  00000000    0000026c     lm4f120h5qr_startup_ccs.obj (.intvecs)

.text      0    0000026c    0000083e     
                  0000026c    000001bc     main.obj (.text)
                  00000428    0000013c     driverlib-cm4f.lib : sysctl.obj (.text:SysCtlClockSet)
                  00000564    000000c8                        : gpio.obj (.text:GPIOPadConfigSet)
                  0000062c    0000009c     rtsv7M4_T_le_v4SPD16_eabi.lib : memcpy_t2.obj (.text)
                  000006c8    0000007a                                   : memset_t2.obj (.text)
                  00000742    00000002     --HOLE-- [fill = 0]
                  00000744    0000006c                                   : autoinit.obj (.text)
                  000007b0    0000006a                                   : copy_decompress_rle.obj (.text)
                  0000081a    00000002     --HOLE-- [fill = 0]
                  0000081c    00000058     driverlib-cm4f.lib : sysctl.obj (.text:SysCtlPeripheralEnable)
                  00000874    00000050     rtsv7M4_T_le_v4SPD16_eabi.lib : boot.obj (.text)
                  000008c4    0000004c                                   : cpy_tbl.obj (.text)
                  00000910    00000048     driverlib-cm4f.lib : gpio.obj (.text:GPIOPinConfigure)
                  00000958    00000044     rtsv7M4_T_le_v4SPD16_eabi.lib : exit.obj (.text)
                  0000099c    0000002e     driverlib-cm4f.lib : gpio.obj (.text:GPIODirModeSet)
                  000009ca    00000002     --HOLE-- [fill = 0]
                  000009cc    00000028                        : timer.obj (.text:TimerConfigure)
                  000009f4    00000018     rtsv7M4_T_le_v4SPD16_eabi.lib : args_main.obj (.text)
                  00000a0c    00000014                                   : _lock.obj (.text)
                  00000a20    00000012     driverlib-cm4f.lib : gpio.obj (.text:GPIOPinTypeGPIOOutput)
                  00000a32    00000012                        : gpio.obj (.text:GPIOPinTypeTimer)
                  00000a44    00000012                        : timer.obj (.text:TimerLoadSet)
                  00000a56    00000012                        : timer.obj (.text:TimerMatchSet)
                  00000a68    0000000e                        : timer.obj (.text:TimerEnable)
                  00000a76    0000000e     rtsv7M4_T_le_v4SPD16_eabi.lib : copy_decompress_none.obj (.text:decompress:none)
                  00000a84    0000000c     lm4f120h5qr_startup_ccs.obj (.text)
                  00000a90    0000000a     driverlib-cm4f.lib : gpio.obj (.text:GPIOPinWrite)
                  00000a9a    00000006                        : sysctl.obj (.text:SysCtlDelay)
                  00000aa0    00000006     rtsv7M4_T_le_v4SPD16_eabi.lib : copy_decompress_rle.obj (.text:decompress:rle24)
                  00000aa6    00000004                                   : pre_init.obj (.text)

.const     0    00000aac    000000b8     
                  00000aac    00000078     driverlib-cm4f.lib : gpio.obj (.const:g_pulGPIOBaseAddrs)
                  00000b24    00000040                        : sysctl.obj (.const)

.cinit     0    00000b68    00000020     
                  00000b68    0000000f     (.cinit..data.load) [load image, compression = rle]
                  00000b77    00000001     --HOLE-- [fill = 0]
                  00000b78    00000008     (__TI_handler_table)
                  00000b80    00000008     (__TI_cinit_table)

.init_array 
*          0    00000000    00000000     UNINITIALIZED

.stack     0    20000000    00000200     UNINITIALIZED
                  20000000    00000200     --HOLE--

.data      0    20000200    00000014     UNINITIALIZED
                  20000200    00000008     rtsv7M4_T_le_v4SPD16_eabi.lib : _lock.obj (.data)
                  20000208    00000008                                   : exit.obj (.data)
                  20000210    00000004                                   : stkdepth_vars.obj (.data)

.TI.persistent 
*          0    20000200    00000000     UNINITIALIZED


LINKER GENERATED COPY TABLES

__TI_cinit_table @ 00000b80 records: 1, size/record: 8, table size: 8
	.data: load addr=00000b68, load size=0000000f bytes, run addr=20000200, run size=00000014 bytes, compression=rle


LINKER GENERATED HANDLER TABLE

__TI_handler_table @ 00000b78 records: 2, size/record: 4, table size: 8
	index: 0, handler: __TI_decompress_rle24
	index: 1, handler: __TI_decompress_none


GLOBAL SYMBOLS: SORTED ALPHABETICALLY BY Name 

address   name                    
-------   ----                    
00000959  C$$EXIT                 
0000099d  GPIODirModeSet          
00000565  GPIOPadConfigSet        
00000911  GPIOPinConfigure        
00000a21  GPIOPinTypeGPIOOutput   
00000a33  GPIOPinTypeTimer        
00000a91  GPIOPinWrite            
00000a85  ResetISR                
UNDEFED   SHT$$INIT_ARRAY$$Base   
UNDEFED   SHT$$INIT_ARRAY$$Limit  
00000429  SysCtlClockSet          
00000a9b  SysCtlDelay             
0000081d  SysCtlPeripheralEnable  
000009cd  TimerConfigure          
00000a69  TimerEnable             
00000a45  TimerLoadSet            
00000a57  TimerMatchSet           
20000200  __STACK_END             
00000200  __STACK_SIZE            
20000200  __STACK_TOP             
00000b80  __TI_CINIT_Base         
00000b88  __TI_CINIT_Limit        
00000b78  __TI_Handler_Table_Base 
00000b80  __TI_Handler_Table_Limit
00000745  __TI_auto_init          
20000208  __TI_cleanup_ptr        
00000a77  __TI_decompress_none    
00000aa1  __TI_decompress_rle24   
2000020c  __TI_dtors_ptr          
00000000  __TI_static_base__      
000006c9  __aeabi_memclr          
000006c9  __aeabi_memclr4         
000006c9  __aeabi_memclr8         
0000062d  __aeabi_memcpy          
0000062d  __aeabi_memcpy4         
0000062d  __aeabi_memcpy8         
000006cb  __aeabi_memset          
000006cb  __aeabi_memset4         
000006cb  __aeabi_memset8         
ffffffff  __binit__               
ffffffff  __c_args__              
20000000  __stack                 
000009f5  _args_main              
00000875  _c_int00                
20000200  _lock                   
00000a1b  _nop                    
00000a13  _register_lock          
00000a0d  _register_unlock        
00000aa7  _system_pre_init        
20000204  _unlock                 
0000095d  abort                   
ffffffff  binit                   
000008c5  copy_in                 
00000965  exit                    
00000000  g_pfnVectors            
0000026d  main                    
20000210  main_func_sp            
0000062d  memcpy                  
000006d1  memset                  


GLOBAL SYMBOLS: SORTED BY Symbol Address 

address   name                    
-------   ----                    
00000000  __TI_static_base__      
00000000  g_pfnVectors            
00000200  __STACK_SIZE            
0000026d  main                    
00000429  SysCtlClockSet          
00000565  GPIOPadConfigSet        
0000062d  __aeabi_memcpy          
0000062d  __aeabi_memcpy4         
0000062d  __aeabi_memcpy8         
0000062d  memcpy                  
000006c9  __aeabi_memclr          
000006c9  __aeabi_memclr4         
000006c9  __aeabi_memclr8         
000006cb  __aeabi_memset          
000006cb  __aeabi_memset4         
000006cb  __aeabi_memset8         
000006d1  memset                  
00000745  __TI_auto_init          
0000081d  SysCtlPeripheralEnable  
00000875  _c_int00                
000008c5  copy_in                 
00000911  GPIOPinConfigure        
00000959  C$$EXIT                 
0000095d  abort                   
00000965  exit                    
0000099d  GPIODirModeSet          
000009cd  TimerConfigure          
000009f5  _args_main              
00000a0d  _register_unlock        
00000a13  _register_lock          
00000a1b  _nop                    
00000a21  GPIOPinTypeGPIOOutput   
00000a33  GPIOPinTypeTimer        
00000a45  TimerLoadSet            
00000a57  TimerMatchSet           
00000a69  TimerEnable             
00000a77  __TI_decompress_none    
00000a85  ResetISR                
00000a91  GPIOPinWrite            
00000a9b  SysCtlDelay             
00000aa1  __TI_decompress_rle24   
00000aa7  _system_pre_init        
00000b78  __TI_Handler_Table_Base 
00000b80  __TI_CINIT_Base         
00000b80  __TI_Handler_Table_Limit
00000b88  __TI_CINIT_Limit        
20000000  __stack                 
20000200  __STACK_END             
20000200  __STACK_TOP             
20000200  _lock                   
20000204  _unlock                 
20000208  __TI_cleanup_ptr        
2000020c  __TI_dtors_ptr          
20000210  main_func_sp            
ffffffff  __binit__               
ffffffff  __c_args__              
ffffffff  binit                   
UNDEFED   SHT$$INIT_ARRAY$$Base   
UNDEFED   SHT$$INIT_ARRAY$$Limit  

[59 symbols]
