******************************************************************************
                  TI ARM Linker PC v5.2.5                      
******************************************************************************
>> Linked Sun Sep 04 17:47:46 2016

OUTPUT FILE NAME:   <LCD_UART_Keypad2.out>
ENTRY POINT SYMBOL: "_c_int00"  address: 0000163d


MEMORY CONFIGURATION

         name            origin    length      used     unused   attr    fill
----------------------  --------  ---------  --------  --------  ----  --------
  FLASH                 00000000   00040000  00001bc4  0003e43c  R  X
  SRAM                  20000000   00008000  00000240  00007dc0  RW X


SEGMENT ALLOCATION MAP

run origin  load origin   length   init length attrs members
----------  ----------- ---------- ----------- ----- -------
00000000    00000000    00001bc8   00001bc8    r-x
  00000000    00000000    0000026c   0000026c    r-- .intvecs
  0000026c    0000026c    0000174c   0000174c    r-x .text
  000019b8    000019b8    000001d4   000001d4    r-- .const
  00001b90    00001b90    00000038   00000038    r-- .cinit
20000000    20000000    00000240   00000000    rw-
  20000000    20000000    00000200   00000000    rw- .stack
  20000200    20000200    00000024   00000000    rw- .bss
  20000224    20000224    0000001c   00000000    rw- .data


SECTION ALLOCATION MAP

 output                                  attributes/
section   page    origin      length       input sections
--------  ----  ----------  ----------   ----------------
.intvecs   0    00000000    0000026c     
                  00000000    0000026c     lm4f120h5qr_startup_ccs.obj (.intvecs)

.text      0    0000026c    0000174c     
                  0000026c    000004d8     main.obj (.text)
                  00000744    000004a8     uartstdio.obj (.text)
                  00000bec    00000284     Lcd.obj (.text)
                  00000e70    000001d8     driverlib-cm4f.lib : sysctl.obj (.text:SysCtlClockGet)
                  00001048    0000013c                        : sysctl.obj (.text:SysCtlClockSet)
                  00001184    000000cc     keypad.obj (.text)
                  00001250    000000c8     driverlib-cm4f.lib : gpio.obj (.text:GPIOPadConfigSet)
                  00001318    0000009c     rtsv7M4_T_le_v4SPD16_eabi.lib : memcpy_t2.obj (.text)
                  000013b4    0000007a                                   : memset_t2.obj (.text)
                  0000142e    00000002                                   : i_div0.obj (.text)
                  00001430    00000078     driverlib-cm4f.lib : sysctl.obj (.text:SysCtlPeripheralPresent)
                  000014a8    0000006c     rtsv7M4_T_le_v4SPD16_eabi.lib : autoinit.obj (.text)
                  00001514    0000006a                                   : copy_decompress_rle.obj (.text)
                  0000157e    00000002     --HOLE-- [fill = 0]
                  00001580    00000064     driverlib-cm4f.lib : interrupt.obj (.text:IntEnable)
                  000015e4    00000058                        : sysctl.obj (.text:SysCtlPeripheralEnable)
                  0000163c    00000050     rtsv7M4_T_le_v4SPD16_eabi.lib : boot.obj (.text)
                  0000168c    0000004c                                   : cpy_tbl.obj (.text)
                  000016d8    00000048     driverlib-cm4f.lib : gpio.obj (.text:GPIOPinConfigure)
                  00001720    00000044                        : gpio.obj (.text:GPIOIntTypeSet)
                  00001764    00000044     rtsv7M4_T_le_v4SPD16_eabi.lib : exit.obj (.text)
                  000017a8    00000042     driverlib-cm4f.lib : uart.obj (.text:UARTConfigSetExpClk)
                  000017ea    00000040     rtsv7M4_T_le_v4SPD16_eabi.lib : u_divt2.obj (.text)
                  0000182a    0000002e     driverlib-cm4f.lib : gpio.obj (.text:GPIODirModeSet)
                  00001858    0000001c                        : uart.obj (.text:UARTDisable)
                  00001874    00000018     rtsv7M4_T_le_v4SPD16_eabi.lib : args_main.obj (.text)
                  0000188c    00000014     driverlib-cm4f.lib : uart.obj (.text:UARTEnable)
                  000018a0    00000014     rtsv7M4_T_le_v4SPD16_eabi.lib : _lock.obj (.text)
                  000018b4    00000012     driverlib-cm4f.lib : gpio.obj (.text:GPIOPinTypeGPIOInput)
                  000018c6    00000012                        : gpio.obj (.text:GPIOPinTypeGPIOOutput)
                  000018d8    00000012                        : gpio.obj (.text:GPIOPinTypeUART)
                  000018ea    00000010                        : uart.obj (.text:UARTCharGetNonBlocking)
                  000018fa    0000000e                        : gpio.obj (.text:GPIOPinIntStatus)
                  00001908    0000000e     rtsv7M4_T_le_v4SPD16_eabi.lib : copy_decompress_none.obj (.text:decompress:none)
                  00001916    0000000c     driverlib-cm4f.lib : cpu.obj (.text:CPUcpsie)
                  00001922    0000000c                        : gpio.obj (.text:GPIOPinIntEnable)
                  0000192e    0000000c                        : uart.obj (.text:UARTCharsAvail)
                  0000193a    0000000c     rtsv7M4_T_le_v4SPD16_eabi.lib : copy_zero_init.obj (.text:decompress:ZI)
                  00001946    0000000c     lm4f120h5qr_startup_ccs.obj (.text)
                  00001952    0000000a     driverlib-cm4f.lib : gpio.obj (.text:GPIOPinRead)
                  0000195c    0000000a                        : gpio.obj (.text:GPIOPinWrite)
                  00001966    0000000a                        : interrupt.obj (.text:IntMasterEnable)
                  00001970    0000000a                        : uart.obj (.text:UARTCharGet)
                  0000197a    0000000a                        : uart.obj (.text:UARTCharPut)
                  00001984    0000000a                        : uart.obj (.text:UARTIntStatus)
                  0000198e    00000008                        : uart.obj (.text:UARTBusy)
                  00001996    00000008                        : uart.obj (.text:UARTIntEnable)
                  0000199e    00000006                        : gpio.obj (.text:GPIOPinIntClear)
                  000019a4    00000006                        : sysctl.obj (.text:SysCtlDelay)
                  000019aa    00000006     rtsv7M4_T_le_v4SPD16_eabi.lib : copy_decompress_rle.obj (.text:decompress:rle24)
                  000019b0    00000004     driverlib-cm4f.lib : uart.obj (.text:UARTIntClear)
                  000019b4    00000004     rtsv7M4_T_le_v4SPD16_eabi.lib : pre_init.obj (.text)

.const     0    000019b8    000001d4     
                  000019b8    00000078     driverlib-cm4f.lib : gpio.obj (.const:g_pulGPIOBaseAddrs)
                  00001a30    00000070                        : interrupt.obj (.const)
                  00001aa0    0000006c                        : sysctl.obj (.const:g_pulXtals)
                  00001b0c    00000040                        : sysctl.obj (.const)
                  00001b4c    0000001c     uartstdio.obj (.const)
                  00001b68    00000012     uartstdio.obj (.const:.string)
                  00001b7a    00000002     --HOLE-- [fill = 0]
                  00001b7c    00000010     keypad.obj (.const)

.cinit     0    00001b90    00000038     
                  00001b90    0000000f     (.cinit..data.load) [load image, compression = rle]
                  00001b9f    00000001     --HOLE-- [fill = 0]
                  00001ba0    0000000c     (__TI_handler_table)
                  00001bac    00000004     --HOLE-- [fill = 0]
                  00001bb0    00000008     (.cinit..bss.load) [load image, compression = zero_init]
                  00001bb8    00000010     (__TI_cinit_table)

.init_array 
*          0    00000000    00000000     UNINITIALIZED

.stack     0    20000000    00000200     UNINITIALIZED
                  20000000    00000200     --HOLE--

.bss       0    20000200    00000024     UNINITIALIZED
                  20000200    00000020     (.common:dataFromUart)
                  20000220    00000004     (.common:key_get)

.TI.noinit 
*          0    20000200    00000000     UNINITIALIZED

.data      0    20000224    0000001c     UNINITIALIZED
                  20000224    00000008     rtsv7M4_T_le_v4SPD16_eabi.lib : _lock.obj (.data)
                  2000022c    00000008                                   : exit.obj (.data)
                  20000234    00000005     uartstdio.obj (.data)
                  20000239    00000003     --HOLE--
                  2000023c    00000004     rtsv7M4_T_le_v4SPD16_eabi.lib : stkdepth_vars.obj (.data)

.TI.persistent 
*          0    20000224    00000000     UNINITIALIZED


LINKER GENERATED COPY TABLES

__TI_cinit_table @ 00001bb8 records: 2, size/record: 8, table size: 16
	.data: load addr=00001b90, load size=0000000f bytes, run addr=20000224, run size=0000001c bytes, compression=rle
	.bss: load addr=00001bb0, load size=00000008 bytes, run addr=20000200, run size=00000024 bytes, compression=zero_init


LINKER GENERATED HANDLER TABLE

__TI_handler_table @ 00001ba0 records: 3, size/record: 4, table size: 12
	index: 0, handler: __TI_decompress_rle24
	index: 1, handler: __TI_decompress_none
	index: 2, handler: __TI_zero_init


GLOBAL SYMBOLS: SORTED ALPHABETICALLY BY Name 

address   name                    
-------   ----                    
00001765  C$$EXIT                 
00001917  CPUcpsie                
0000182b  GPIODirModeSet          
000003a9  GPIOIntHandler          
00001721  GPIOIntTypeSet          
00001251  GPIOPadConfigSet        
000016d9  GPIOPinConfigure        
0000199f  GPIOPinIntClear         
00001923  GPIOPinIntEnable        
000018fb  GPIOPinIntStatus        
00001953  GPIOPinRead             
000018b5  GPIOPinTypeGPIOInput    
000018c7  GPIOPinTypeGPIOOutput   
000018d9  GPIOPinTypeUART         
0000195d  GPIOPinWrite            
0000026d  InitConsole             
00000295  InitUARTComm            
00001581  IntEnable               
00001967  IntMasterEnable         
00000df3  Lcd_Goto                
00000d6f  Lcd_Putch               
00000e4d  Lcd_Puts                
00000e3d  Lcd_borrar              
00000ce9  Lcd_comando             
00000bed  Lcd_init                
00001947  ResetISR                
UNDEFED   SHT$$INIT_ARRAY$$Base   
UNDEFED   SHT$$INIT_ARRAY$$Limit  
00000e71  SysCtlClockGet          
00001049  SysCtlClockSet          
000019a5  SysCtlDelay             
000015e5  SysCtlPeripheralEnable  
00001431  SysCtlPeripheralPresent 
0000198f  UARTBusy                
00001971  UARTCharGet             
000018eb  UARTCharGetNonBlocking  
0000197b  UARTCharPut             
0000192f  UARTCharsAvail          
000017a9  UARTConfigSetExpClk     
00001859  UARTDisable             
0000188d  UARTEnable              
000019b1  UARTIntClear            
00001997  UARTIntEnable           
00000347  UARTIntHandler          
00001985  UARTIntStatus           
00000745  UARTStdioConfig         
0000078b  UARTStdioInit           
000007a1  UARTStdioInitExpClk     
000008b5  UARTgetc                
000007fd  UARTgets                
000008dd  UARTprintf              
000007b7  UARTwrite               
20000200  __STACK_END             
00000200  __STACK_SIZE            
20000200  __STACK_TOP             
00001bb8  __TI_CINIT_Base         
00001bc8  __TI_CINIT_Limit        
00001ba0  __TI_Handler_Table_Base 
00001bac  __TI_Handler_Table_Limit
000014a9  __TI_auto_init          
2000022c  __TI_cleanup_ptr        
00001909  __TI_decompress_none    
000019ab  __TI_decompress_rle24   
20000230  __TI_dtors_ptr          
00000000  __TI_static_base__      
0000193b  __TI_zero_init          
0000142f  __aeabi_idiv0           
000013b5  __aeabi_memclr          
000013b5  __aeabi_memclr4         
000013b5  __aeabi_memclr8         
00001319  __aeabi_memcpy          
00001319  __aeabi_memcpy4         
00001319  __aeabi_memcpy8         
000013b7  __aeabi_memset          
000013b7  __aeabi_memset4         
000013b7  __aeabi_memset8         
000017eb  __aeabi_uidiv           
000017eb  __aeabi_uidivmod        
ffffffff  __binit__               
ffffffff  __c_args__              
20000000  __stack                 
00001875  _args_main              
0000163d  _c_int00                
20000224  _lock                   
000018af  _nop                    
000018a7  _register_lock          
000018a1  _register_unlock        
000019b5  _system_pre_init        
20000228  _unlock                 
00001769  abort                   
ffffffff  binit                   
000002f5  blinkled                
0000168d  copy_in                 
20000200  dataFromUart            
00001771  exit                    
00000000  g_pfnVectors            
000011b1  getKey                  
000002d9  initIntPortE            
00001185  initPorts               
20000220  key_get                 
000004b9  main                    
2000023c  main_func_sp            
00001319  memcpy                  
000013bd  memset                  
0000031b  sendDataUART            


GLOBAL SYMBOLS: SORTED BY Symbol Address 

address   name                    
-------   ----                    
00000000  __TI_static_base__      
00000000  g_pfnVectors            
00000200  __STACK_SIZE            
0000026d  InitConsole             
00000295  InitUARTComm            
000002d9  initIntPortE            
000002f5  blinkled                
0000031b  sendDataUART            
00000347  UARTIntHandler          
000003a9  GPIOIntHandler          
000004b9  main                    
00000745  UARTStdioConfig         
0000078b  UARTStdioInit           
000007a1  UARTStdioInitExpClk     
000007b7  UARTwrite               
000007fd  UARTgets                
000008b5  UARTgetc                
000008dd  UARTprintf              
00000bed  Lcd_init                
00000ce9  Lcd_comando             
00000d6f  Lcd_Putch               
00000df3  Lcd_Goto                
00000e3d  Lcd_borrar              
00000e4d  Lcd_Puts                
00000e71  SysCtlClockGet          
00001049  SysCtlClockSet          
00001185  initPorts               
000011b1  getKey                  
00001251  GPIOPadConfigSet        
00001319  __aeabi_memcpy          
00001319  __aeabi_memcpy4         
00001319  __aeabi_memcpy8         
00001319  memcpy                  
000013b5  __aeabi_memclr          
000013b5  __aeabi_memclr4         
000013b5  __aeabi_memclr8         
000013b7  __aeabi_memset          
000013b7  __aeabi_memset4         
000013b7  __aeabi_memset8         
000013bd  memset                  
0000142f  __aeabi_idiv0           
00001431  SysCtlPeripheralPresent 
000014a9  __TI_auto_init          
00001581  IntEnable               
000015e5  SysCtlPeripheralEnable  
0000163d  _c_int00                
0000168d  copy_in                 
000016d9  GPIOPinConfigure        
00001721  GPIOIntTypeSet          
00001765  C$$EXIT                 
00001769  abort                   
00001771  exit                    
000017a9  UARTConfigSetExpClk     
000017eb  __aeabi_uidiv           
000017eb  __aeabi_uidivmod        
0000182b  GPIODirModeSet          
00001859  UARTDisable             
00001875  _args_main              
0000188d  UARTEnable              
000018a1  _register_unlock        
000018a7  _register_lock          
000018af  _nop                    
000018b5  GPIOPinTypeGPIOInput    
000018c7  GPIOPinTypeGPIOOutput   
000018d9  GPIOPinTypeUART         
000018eb  UARTCharGetNonBlocking  
000018fb  GPIOPinIntStatus        
00001909  __TI_decompress_none    
00001917  CPUcpsie                
00001923  GPIOPinIntEnable        
0000192f  UARTCharsAvail          
0000193b  __TI_zero_init          
00001947  ResetISR                
00001953  GPIOPinRead             
0000195d  GPIOPinWrite            
00001967  IntMasterEnable         
00001971  UARTCharGet             
0000197b  UARTCharPut             
00001985  UARTIntStatus           
0000198f  UARTBusy                
00001997  UARTIntEnable           
0000199f  GPIOPinIntClear         
000019a5  SysCtlDelay             
000019ab  __TI_decompress_rle24   
000019b1  UARTIntClear            
000019b5  _system_pre_init        
00001ba0  __TI_Handler_Table_Base 
00001bac  __TI_Handler_Table_Limit
00001bb8  __TI_CINIT_Base         
00001bc8  __TI_CINIT_Limit        
20000000  __stack                 
20000200  __STACK_END             
20000200  __STACK_TOP             
20000200  dataFromUart            
20000220  key_get                 
20000224  _lock                   
20000228  _unlock                 
2000022c  __TI_cleanup_ptr        
20000230  __TI_dtors_ptr          
2000023c  main_func_sp            
ffffffff  __binit__               
ffffffff  __c_args__              
ffffffff  binit                   
UNDEFED   SHT$$INIT_ARRAY$$Base   
UNDEFED   SHT$$INIT_ARRAY$$Limit  

[105 symbols]
