******************************************************************************
                  TI ARM Linker PC v5.2.5                      
******************************************************************************
>> Linked Wed Aug 17 00:21:52 2016

OUTPUT FILE NAME:   <i2c_lm4f120_master_sendwrite.out>
ENTRY POINT SYMBOL: "_c_int00"  address: 000013a5


MEMORY CONFIGURATION

         name            origin    length      used     unused   attr    fill
----------------------  --------  ---------  --------  --------  ----  --------
  FLASH                 00000000   00040000  0000193a  0003e6c6  R  X
  SRAM                  20000000   00008000  00000221  00007ddf  RW X


SEGMENT ALLOCATION MAP

run origin  load origin   length   init length attrs members
----------  ----------- ---------- ----------- ----- -------
00000000    00000000    00001940   00001940    r-x
  00000000    00000000    0000026c   0000026c    r-- .intvecs
  0000026c    0000026c    000014d4   000014d4    r-x .text
  00001740    00001740    000001c2   000001c2    r-- .const
  00001908    00001908    00000038   00000038    r-- .cinit
20000000    20000000    00000221   00000000    rw-
  20000000    20000000    00000200   00000000    rw- .stack
  20000200    20000200    0000001c   00000000    rw- .data
  2000021c    2000021c    00000005   00000000    rw- .bss


SECTION ALLOCATION MAP

 output                                  attributes/
section   page    origin      length       input sections
--------  ----  ----------  ----------   ----------------
.intvecs   0    00000000    0000026c     
                  00000000    0000026c     lm4f120h5qr_startup_ccs.obj (.intvecs)

.text      0    0000026c    000014d4     
                  0000026c    00000518     main.obj (.text)
                  00000784    000004a8     uartstdio.obj (.text)
                  00000c2c    000001d8     driverlib-cm4f.lib : sysctl.obj (.text:SysCtlClockGet)
                  00000e04    0000013c                        : sysctl.obj (.text:SysCtlClockSet)
                  00000f40    000000c8                        : gpio.obj (.text:GPIOPadConfigSet)
                  00001008    0000009c     rtsv7M4_T_le_v4SPD16_eabi.lib : memcpy_t2.obj (.text)
                  000010a4    0000007a                                   : memset_t2.obj (.text)
                  0000111e    00000002                                   : i_div0.obj (.text)
                  00001120    00000078     driverlib-cm4f.lib : gpio.obj (.text:GPIOPinTypeI2CSCL)
                  00001198    00000078                        : sysctl.obj (.text:SysCtlPeripheralPresent)
                  00001210    0000006c     rtsv7M4_T_le_v4SPD16_eabi.lib : autoinit.obj (.text)
                  0000127c    0000006a                                   : copy_decompress_rle.obj (.text)
                  000012e6    00000002     --HOLE-- [fill = 0]
                  000012e8    00000064     driverlib-cm4f.lib : interrupt.obj (.text:IntEnable)
                  0000134c    00000058                        : sysctl.obj (.text:SysCtlPeripheralEnable)
                  000013a4    00000050     rtsv7M4_T_le_v4SPD16_eabi.lib : boot.obj (.text)
                  000013f4    0000004c     driverlib-cm4f.lib : i2c.obj (.text:I2CMasterInitExpClk)
                  00001440    0000004c     rtsv7M4_T_le_v4SPD16_eabi.lib : cpy_tbl.obj (.text)
                  0000148c    00000048     driverlib-cm4f.lib : gpio.obj (.text:GPIOPinConfigure)
                  000014d4    00000044     rtsv7M4_T_le_v4SPD16_eabi.lib : exit.obj (.text)
                  00001518    00000042     driverlib-cm4f.lib : uart.obj (.text:UARTConfigSetExpClk)
                  0000155a    00000040     rtsv7M4_T_le_v4SPD16_eabi.lib : u_divt2.obj (.text)
                  0000159a    0000002e     driverlib-cm4f.lib : gpio.obj (.text:GPIODirModeSet)
                  000015c8    0000001c                        : uart.obj (.text:UARTDisable)
                  000015e4    00000018     rtsv7M4_T_le_v4SPD16_eabi.lib : args_main.obj (.text)
                  000015fc    00000014     driverlib-cm4f.lib : uart.obj (.text:UARTEnable)
                  00001610    00000014     rtsv7M4_T_le_v4SPD16_eabi.lib : _lock.obj (.text)
                  00001624    00000012     driverlib-cm4f.lib : gpio.obj (.text:GPIOPinTypeGPIOOutput)
                  00001636    00000012                        : gpio.obj (.text:GPIOPinTypeI2C)
                  00001648    00000012                        : gpio.obj (.text:GPIOPinTypeUART)
                  0000165a    00000010                        : uart.obj (.text:UARTCharGetNonBlocking)
                  0000166a    0000000e     rtsv7M4_T_le_v4SPD16_eabi.lib : copy_decompress_none.obj (.text:decompress:none)
                  00001678    0000000c     driverlib-cm4f.lib : cpu.obj (.text:CPUcpsie)
                  00001684    0000000c                        : uart.obj (.text:UARTCharsAvail)
                  00001690    0000000c     rtsv7M4_T_le_v4SPD16_eabi.lib : copy_zero_init.obj (.text:decompress:ZI)
                  0000169c    0000000c     lm4f120h5qr_startup_ccs.obj (.text)
                  000016a8    0000000a     driverlib-cm4f.lib : gpio.obj (.text:GPIOPinWrite)
                  000016b2    0000000a                        : i2c.obj (.text:I2CMasterEnable)
                  000016bc    0000000a                        : interrupt.obj (.text:IntMasterEnable)
                  000016c6    0000000a                        : uart.obj (.text:UARTCharGet)
                  000016d0    0000000a                        : uart.obj (.text:UARTCharPut)
                  000016da    0000000a                        : uart.obj (.text:UARTIntStatus)
                  000016e4    00000008                        : i2c.obj (.text:I2CMasterBusBusy)
                  000016ec    00000008                        : i2c.obj (.text:I2CMasterBusy)
                  000016f4    00000008                        : i2c.obj (.text:I2CMasterIntClear)
                  000016fc    00000008                        : i2c.obj (.text:I2CMasterSlaveAddrSet)
                  00001704    00000008                        : uart.obj (.text:UARTBusy)
                  0000170c    00000008                        : uart.obj (.text:UARTIntEnable)
                  00001714    00000006                        : i2c.obj (.text:I2CMasterIntDisable)
                  0000171a    00000006                        : i2c.obj (.text:I2CMasterIntEnable)
                  00001720    00000006                        : sysctl.obj (.text:SysCtlDelay)
                  00001726    00000006     rtsv7M4_T_le_v4SPD16_eabi.lib : copy_decompress_rle.obj (.text:decompress:rle24)
                  0000172c    00000004     driverlib-cm4f.lib : i2c.obj (.text:I2CMasterControl)
                  00001730    00000004                        : i2c.obj (.text:I2CMasterDataGet)
                  00001734    00000004                        : i2c.obj (.text:I2CMasterDataPut)
                  00001738    00000004                        : uart.obj (.text:UARTIntClear)
                  0000173c    00000004     rtsv7M4_T_le_v4SPD16_eabi.lib : pre_init.obj (.text)

.const     0    00001740    000001c2     
                  00001740    00000078     driverlib-cm4f.lib : gpio.obj (.const:g_pulGPIOBaseAddrs)
                  000017b8    00000070                        : interrupt.obj (.const)
                  00001828    0000006c                        : sysctl.obj (.const:g_pulXtals)
                  00001894    00000040                        : sysctl.obj (.const)
                  000018d4    0000001c     uartstdio.obj (.const)
                  000018f0    00000012     uartstdio.obj (.const:.string)

.cinit     0    00001908    00000038     
                  00001908    0000000f     (.cinit..data.load) [load image, compression = rle]
                  00001917    00000001     --HOLE-- [fill = 0]
                  00001918    0000000c     (__TI_handler_table)
                  00001924    00000004     --HOLE-- [fill = 0]
                  00001928    00000008     (.cinit..bss.load) [load image, compression = zero_init]
                  00001930    00000010     (__TI_cinit_table)

.init_array 
*          0    00000000    00000000     UNINITIALIZED

.stack     0    20000000    00000200     UNINITIALIZED
                  20000000    00000200     --HOLE--

.data      0    20000200    0000001c     UNINITIALIZED
                  20000200    00000008     rtsv7M4_T_le_v4SPD16_eabi.lib : _lock.obj (.data)
                  20000208    00000008                                   : exit.obj (.data)
                  20000210    00000005     uartstdio.obj (.data)
                  20000215    00000003     --HOLE--
                  20000218    00000004     rtsv7M4_T_le_v4SPD16_eabi.lib : stkdepth_vars.obj (.data)

.bss       0    2000021c    00000005     UNINITIALIZED
                  2000021c    00000004     (.common:dataFromUart)
                  20000220    00000001     (.common:rx)

.TI.persistent 
*          0    20000200    00000000     UNINITIALIZED

.TI.noinit 
*          0    2000021c    00000000     UNINITIALIZED


LINKER GENERATED COPY TABLES

__TI_cinit_table @ 00001930 records: 2, size/record: 8, table size: 16
	.data: load addr=00001908, load size=0000000f bytes, run addr=20000200, run size=0000001c bytes, compression=rle
	.bss: load addr=00001928, load size=00000008 bytes, run addr=2000021c, run size=00000005 bytes, compression=zero_init


LINKER GENERATED HANDLER TABLE

__TI_handler_table @ 00001918 records: 3, size/record: 4, table size: 12
	index: 0, handler: __TI_decompress_rle24
	index: 1, handler: __TI_decompress_none
	index: 2, handler: __TI_zero_init


GLOBAL SYMBOLS: SORTED ALPHABETICALLY BY Name 

address   name                    
-------   ----                    
000014d5  C$$EXIT                 
00001679  CPUcpsie                
0000159b  GPIODirModeSet          
00000f41  GPIOPadConfigSet        
0000148d  GPIOPinConfigure        
00001625  GPIOPinTypeGPIOOutput   
00001637  GPIOPinTypeI2C          
00001121  GPIOPinTypeI2CSCL       
00001649  GPIOPinTypeUART         
000016a9  GPIOPinWrite            
000016e5  I2CMasterBusBusy        
000016ed  I2CMasterBusy           
0000172d  I2CMasterControl        
00001731  I2CMasterDataGet        
00001735  I2CMasterDataPut        
000016b3  I2CMasterEnable         
000013f5  I2CMasterInitExpClk     
000016f5  I2CMasterIntClear       
00001715  I2CMasterIntDisable     
0000171b  I2CMasterIntEnable      
000016fd  I2CMasterSlaveAddrSet   
0000048b  I2C_read                
00000325  I2C_write               
0000026d  InitConsole             
00000295  InitUARTComm            
000012e9  IntEnable               
000016bd  IntMasterEnable         
0000169d  ResetISR                
UNDEFED   SHT$$INIT_ARRAY$$Base   
UNDEFED   SHT$$INIT_ARRAY$$Limit  
00000c2d  SysCtlClockGet          
00000e05  SysCtlClockSet          
00001721  SysCtlDelay             
0000134d  SysCtlPeripheralEnable  
00001199  SysCtlPeripheralPresent 
00001705  UARTBusy                
000016c7  UARTCharGet             
0000165b  UARTCharGetNonBlocking  
000016d1  UARTCharPut             
00001685  UARTCharsAvail          
00001519  UARTConfigSetExpClk     
000015c9  UARTDisable             
000015fd  UARTEnable              
00001739  UARTIntClear            
0000170d  UARTIntEnable           
00000409  UARTIntHandler          
000016db  UARTIntStatus           
00000785  UARTStdioConfig         
000007cb  UARTStdioInit           
000007e1  UARTStdioInitExpClk     
000008f5  UARTgetc                
0000083d  UARTgets                
0000091d  UARTprintf              
000007f7  UARTwrite               
20000200  __STACK_END             
00000200  __STACK_SIZE            
20000200  __STACK_TOP             
00001930  __TI_CINIT_Base         
00001940  __TI_CINIT_Limit        
00001918  __TI_Handler_Table_Base 
00001924  __TI_Handler_Table_Limit
00001211  __TI_auto_init          
20000208  __TI_cleanup_ptr        
0000166b  __TI_decompress_none    
00001727  __TI_decompress_rle24   
2000020c  __TI_dtors_ptr          
00000000  __TI_static_base__      
00001691  __TI_zero_init          
0000111f  __aeabi_idiv0           
000010a5  __aeabi_memclr          
000010a5  __aeabi_memclr4         
000010a5  __aeabi_memclr8         
00001009  __aeabi_memcpy          
00001009  __aeabi_memcpy4         
00001009  __aeabi_memcpy8         
000010a7  __aeabi_memset          
000010a7  __aeabi_memset4         
000010a7  __aeabi_memset8         
0000155b  __aeabi_uidiv           
0000155b  __aeabi_uidivmod        
ffffffff  __binit__               
ffffffff  __c_args__              
20000000  __stack                 
000015e5  _args_main              
000013a5  _c_int00                
20000200  _lock                   
0000161f  _nop                    
00001617  _register_lock          
00001611  _register_unlock        
0000173d  _system_pre_init        
20000204  _unlock                 
000014d9  abort                   
ffffffff  binit                   
000003b7  blinkled                
00001441  copy_in                 
2000021c  dataFromUart            
000014e1  exit                    
00000000  g_pfnVectors            
00000527  i2c_rx_handler          
000002d9  initI2C                 
00000565  main                    
20000218  main_func_sp            
00001009  memcpy                  
000010ad  memset                  
20000220  rx                      
000003dd  sendDataUART            


GLOBAL SYMBOLS: SORTED BY Symbol Address 

address   name                    
-------   ----                    
00000000  __TI_static_base__      
00000000  g_pfnVectors            
00000200  __STACK_SIZE            
0000026d  InitConsole             
00000295  InitUARTComm            
000002d9  initI2C                 
00000325  I2C_write               
000003b7  blinkled                
000003dd  sendDataUART            
00000409  UARTIntHandler          
0000048b  I2C_read                
00000527  i2c_rx_handler          
00000565  main                    
00000785  UARTStdioConfig         
000007cb  UARTStdioInit           
000007e1  UARTStdioInitExpClk     
000007f7  UARTwrite               
0000083d  UARTgets                
000008f5  UARTgetc                
0000091d  UARTprintf              
00000c2d  SysCtlClockGet          
00000e05  SysCtlClockSet          
00000f41  GPIOPadConfigSet        
00001009  __aeabi_memcpy          
00001009  __aeabi_memcpy4         
00001009  __aeabi_memcpy8         
00001009  memcpy                  
000010a5  __aeabi_memclr          
000010a5  __aeabi_memclr4         
000010a5  __aeabi_memclr8         
000010a7  __aeabi_memset          
000010a7  __aeabi_memset4         
000010a7  __aeabi_memset8         
000010ad  memset                  
0000111f  __aeabi_idiv0           
00001121  GPIOPinTypeI2CSCL       
00001199  SysCtlPeripheralPresent 
00001211  __TI_auto_init          
000012e9  IntEnable               
0000134d  SysCtlPeripheralEnable  
000013a5  _c_int00                
000013f5  I2CMasterInitExpClk     
00001441  copy_in                 
0000148d  GPIOPinConfigure        
000014d5  C$$EXIT                 
000014d9  abort                   
000014e1  exit                    
00001519  UARTConfigSetExpClk     
0000155b  __aeabi_uidiv           
0000155b  __aeabi_uidivmod        
0000159b  GPIODirModeSet          
000015c9  UARTDisable             
000015e5  _args_main              
000015fd  UARTEnable              
00001611  _register_unlock        
00001617  _register_lock          
0000161f  _nop                    
00001625  GPIOPinTypeGPIOOutput   
00001637  GPIOPinTypeI2C          
00001649  GPIOPinTypeUART         
0000165b  UARTCharGetNonBlocking  
0000166b  __TI_decompress_none    
00001679  CPUcpsie                
00001685  UARTCharsAvail          
00001691  __TI_zero_init          
0000169d  ResetISR                
000016a9  GPIOPinWrite            
000016b3  I2CMasterEnable         
000016bd  IntMasterEnable         
000016c7  UARTCharGet             
000016d1  UARTCharPut             
000016db  UARTIntStatus           
000016e5  I2CMasterBusBusy        
000016ed  I2CMasterBusy           
000016f5  I2CMasterIntClear       
000016fd  I2CMasterSlaveAddrSet   
00001705  UARTBusy                
0000170d  UARTIntEnable           
00001715  I2CMasterIntDisable     
0000171b  I2CMasterIntEnable      
00001721  SysCtlDelay             
00001727  __TI_decompress_rle24   
0000172d  I2CMasterControl        
00001731  I2CMasterDataGet        
00001735  I2CMasterDataPut        
00001739  UARTIntClear            
0000173d  _system_pre_init        
00001918  __TI_Handler_Table_Base 
00001924  __TI_Handler_Table_Limit
00001930  __TI_CINIT_Base         
00001940  __TI_CINIT_Limit        
20000000  __stack                 
20000200  __STACK_END             
20000200  __STACK_TOP             
20000200  _lock                   
20000204  _unlock                 
20000208  __TI_cleanup_ptr        
2000020c  __TI_dtors_ptr          
20000218  main_func_sp            
2000021c  dataFromUart            
20000220  rx                      
ffffffff  __binit__               
ffffffff  __c_args__              
ffffffff  binit                   
UNDEFED   SHT$$INIT_ARRAY$$Base   
UNDEFED   SHT$$INIT_ARRAY$$Limit  

[106 symbols]
