<?xml version="1.0"?>
<link_info>
   <banner>TI ARM Linker PC v5.2.5</banner>
   <copyright>Copyright (c) 1996-2015 Texas Instruments Incorporated</copyright>
   <link_time>0x57019b90</link_time>
   <link_errors>0x0</link_errors>
   <output_file>keyboardMatrixTest.out</output_file>
   <entry_point>
      <name>_c_int00</name>
      <address>0x1211</address>
   </entry_point>
   <input_file_list>
      <input_file id="fl-2">
         <path>.\</path>
         <kind>object</kind>
         <file>keypad.obj</file>
         <name>keypad.obj</name>
      </input_file>
      <input_file id="fl-3">
         <path>.\</path>
         <kind>object</kind>
         <file>lm4f120h5qr_startup_ccs.obj</file>
         <name>lm4f120h5qr_startup_ccs.obj</name>
      </input_file>
      <input_file id="fl-4">
         <path>.\</path>
         <kind>object</kind>
         <file>main.obj</file>
         <name>main.obj</name>
      </input_file>
      <input_file id="fl-5">
         <path>.\</path>
         <kind>object</kind>
         <file>uartstdio.obj</file>
         <name>uartstdio.obj</name>
      </input_file>
      <input_file id="fl-12d">
         <path>C:\ti\ccsv6\tools\compiler\ti-cgt-arm_5.2.5\lib\</path>
         <kind>archive</kind>
         <file>rtsv7M4_T_le_v4SPD16_eabi.lib</file>
         <name>boot.obj</name>
      </input_file>
      <input_file id="fl-12e">
         <path>C:\ti\ccsv6\tools\compiler\ti-cgt-arm_5.2.5\lib\</path>
         <kind>archive</kind>
         <file>rtsv7M4_T_le_v4SPD16_eabi.lib</file>
         <name>copy_decompress_none.obj</name>
      </input_file>
      <input_file id="fl-12f">
         <path>C:\ti\ccsv6\tools\compiler\ti-cgt-arm_5.2.5\lib\</path>
         <kind>archive</kind>
         <file>rtsv7M4_T_le_v4SPD16_eabi.lib</file>
         <name>copy_decompress_rle.obj</name>
      </input_file>
      <input_file id="fl-130">
         <path>C:\ti\ccsv6\tools\compiler\ti-cgt-arm_5.2.5\lib\</path>
         <kind>archive</kind>
         <file>rtsv7M4_T_le_v4SPD16_eabi.lib</file>
         <name>copy_zero_init.obj</name>
      </input_file>
      <input_file id="fl-131">
         <path>C:\ti\ccsv6\tools\compiler\ti-cgt-arm_5.2.5\lib\</path>
         <kind>archive</kind>
         <file>rtsv7M4_T_le_v4SPD16_eabi.lib</file>
         <name>exit.obj</name>
      </input_file>
      <input_file id="fl-132">
         <path>C:\ti\ccsv6\tools\compiler\ti-cgt-arm_5.2.5\lib\</path>
         <kind>archive</kind>
         <file>rtsv7M4_T_le_v4SPD16_eabi.lib</file>
         <name>memcpy_t2.obj</name>
      </input_file>
      <input_file id="fl-133">
         <path>C:\ti\ccsv6\tools\compiler\ti-cgt-arm_5.2.5\lib\</path>
         <kind>archive</kind>
         <file>rtsv7M4_T_le_v4SPD16_eabi.lib</file>
         <name>memset_t2.obj</name>
      </input_file>
      <input_file id="fl-134">
         <path>C:\ti\ccsv6\tools\compiler\ti-cgt-arm_5.2.5\lib\</path>
         <kind>archive</kind>
         <file>rtsv7M4_T_le_v4SPD16_eabi.lib</file>
         <name>pre_init.obj</name>
      </input_file>
      <input_file id="fl-135">
         <path>C:\ti\ccsv6\tools\compiler\ti-cgt-arm_5.2.5\lib\</path>
         <kind>archive</kind>
         <file>rtsv7M4_T_le_v4SPD16_eabi.lib</file>
         <name>stkdepth_vars.obj</name>
      </input_file>
      <input_file id="fl-136">
         <path>C:\ti\ccsv6\tools\compiler\ti-cgt-arm_5.2.5\lib\</path>
         <kind>archive</kind>
         <file>rtsv7M4_T_le_v4SPD16_eabi.lib</file>
         <name>u_divt2.obj</name>
      </input_file>
      <input_file id="fl-137">
         <path>C:\ti\ccsv6\tools\compiler\ti-cgt-arm_5.2.5\lib\</path>
         <kind>archive</kind>
         <file>rtsv7M4_T_le_v4SPD16_eabi.lib</file>
         <name>_lock.obj</name>
      </input_file>
      <input_file id="fl-138">
         <path>C:\ti\ccsv6\tools\compiler\ti-cgt-arm_5.2.5\lib\</path>
         <kind>archive</kind>
         <file>rtsv7M4_T_le_v4SPD16_eabi.lib</file>
         <name>args_main.obj</name>
      </input_file>
      <input_file id="fl-139">
         <path>C:\ti\ccsv6\tools\compiler\ti-cgt-arm_5.2.5\lib\</path>
         <kind>archive</kind>
         <file>rtsv7M4_T_le_v4SPD16_eabi.lib</file>
         <name>autoinit.obj</name>
      </input_file>
      <input_file id="fl-13a">
         <path>C:\ti\ccsv6\tools\compiler\ti-cgt-arm_5.2.5\lib\</path>
         <kind>archive</kind>
         <file>rtsv7M4_T_le_v4SPD16_eabi.lib</file>
         <name>cpy_tbl.obj</name>
      </input_file>
      <input_file id="fl-13b">
         <path>C:\ti\ccsv6\tools\compiler\ti-cgt-arm_5.2.5\lib\</path>
         <kind>archive</kind>
         <file>rtsv7M4_T_le_v4SPD16_eabi.lib</file>
         <name>i_div0.obj</name>
      </input_file>
      <input_file id="fl-13c">
         <path>C:\StellarisWare\driverlib\ccs-cm4f\Debug\</path>
         <kind>archive</kind>
         <file>driverlib-cm4f.lib</file>
         <name>uart.obj</name>
      </input_file>
      <input_file id="fl-13d">
         <path>C:\StellarisWare\driverlib\ccs-cm4f\Debug\</path>
         <kind>archive</kind>
         <file>driverlib-cm4f.lib</file>
         <name>sysctl.obj</name>
      </input_file>
      <input_file id="fl-13e">
         <path>C:\StellarisWare\driverlib\ccs-cm4f\Debug\</path>
         <kind>archive</kind>
         <file>driverlib-cm4f.lib</file>
         <name>interrupt.obj</name>
      </input_file>
      <input_file id="fl-13f">
         <path>C:\StellarisWare\driverlib\ccs-cm4f\Debug\</path>
         <kind>archive</kind>
         <file>driverlib-cm4f.lib</file>
         <name>gpio.obj</name>
      </input_file>
      <input_file id="fl-140">
         <path>C:\StellarisWare\driverlib\ccs-cm4f\Debug\</path>
         <kind>archive</kind>
         <file>driverlib-cm4f.lib</file>
         <name>cpu.obj</name>
      </input_file>
   </input_file_list>
   <object_component_list>
      <object_component id="oc-f">
         <name>.intvecs</name>
         <load_address>0x0</load_address>
         <run_address>0x0</run_address>
         <size>0x26c</size>
         <input_file_ref idref="fl-3"/>
      </object_component>
      <object_component id="oc-87">
         <name>.text</name>
         <load_address>0x26c</load_address>
         <run_address>0x26c</run_address>
         <size>0x4a8</size>
         <input_file_ref idref="fl-5"/>
      </object_component>
      <object_component id="oc-30">
         <name>.text</name>
         <load_address>0x714</load_address>
         <run_address>0x714</run_address>
         <size>0x33c</size>
         <input_file_ref idref="fl-4"/>
      </object_component>
      <object_component id="oc-8d">
         <name>.text:SysCtlClockGet</name>
         <load_address>0xa50</load_address>
         <run_address>0xa50</run_address>
         <size>0x1d8</size>
         <input_file_ref idref="fl-13d"/>
      </object_component>
      <object_component id="oc-cc">
         <name>.text:SysCtlClockSet</name>
         <load_address>0xc28</load_address>
         <run_address>0xc28</run_address>
         <size>0x13c</size>
         <input_file_ref idref="fl-13d"/>
      </object_component>
      <object_component id="oc-122">
         <name>.text:GPIOPadConfigSet</name>
         <load_address>0xd64</load_address>
         <run_address>0xd64</run_address>
         <size>0xc8</size>
         <input_file_ref idref="fl-13f"/>
      </object_component>
      <object_component id="oc-c2">
         <name>.text</name>
         <load_address>0xe2c</load_address>
         <run_address>0xe2c</run_address>
         <size>0xc0</size>
         <input_file_ref idref="fl-2"/>
      </object_component>
      <object_component id="oc-39">
         <name>.text</name>
         <load_address>0xeec</load_address>
         <run_address>0xeec</run_address>
         <size>0x9c</size>
         <input_file_ref idref="fl-132"/>
      </object_component>
      <object_component id="oc-52">
         <name>.text</name>
         <load_address>0xf88</load_address>
         <run_address>0xf88</run_address>
         <size>0x7a</size>
         <input_file_ref idref="fl-133"/>
      </object_component>
      <object_component id="oc-1b1">
         <name>.text</name>
         <load_address>0x1002</load_address>
         <run_address>0x1002</run_address>
         <size>0x2</size>
         <input_file_ref idref="fl-13b"/>
      </object_component>
      <object_component id="oc-127">
         <name>.text:SysCtlPeripheralPresent</name>
         <load_address>0x1004</load_address>
         <run_address>0x1004</run_address>
         <size>0x78</size>
         <input_file_ref idref="fl-13d"/>
      </object_component>
      <object_component id="oc-64">
         <name>.text</name>
         <load_address>0x107c</load_address>
         <run_address>0x107c</run_address>
         <size>0x6c</size>
         <input_file_ref idref="fl-139"/>
      </object_component>
      <object_component id="oc-45">
         <name>.text</name>
         <load_address>0x10e8</load_address>
         <run_address>0x10e8</run_address>
         <size>0x6a</size>
         <input_file_ref idref="fl-12f"/>
      </object_component>
      <object_component id="oc-95">
         <name>.text:IntEnable</name>
         <load_address>0x1154</load_address>
         <run_address>0x1154</run_address>
         <size>0x64</size>
         <input_file_ref idref="fl-13e"/>
      </object_component>
      <object_component id="oc-7b">
         <name>.text:SysCtlPeripheralEnable</name>
         <load_address>0x11b8</load_address>
         <run_address>0x11b8</run_address>
         <size>0x58</size>
         <input_file_ref idref="fl-13d"/>
      </object_component>
      <object_component id="oc-24">
         <name>.text</name>
         <load_address>0x1210</load_address>
         <run_address>0x1210</run_address>
         <size>0x50</size>
         <input_file_ref idref="fl-12d"/>
      </object_component>
      <object_component id="oc-fd">
         <name>.text</name>
         <load_address>0x1260</load_address>
         <run_address>0x1260</run_address>
         <size>0x4c</size>
         <input_file_ref idref="fl-13a"/>
      </object_component>
      <object_component id="oc-7f">
         <name>.text:GPIOPinConfigure</name>
         <load_address>0x12ac</load_address>
         <run_address>0x12ac</run_address>
         <size>0x48</size>
         <input_file_ref idref="fl-13f"/>
      </object_component>
      <object_component id="oc-9d">
         <name>.text:GPIOIntTypeSet</name>
         <load_address>0x12f4</load_address>
         <run_address>0x12f4</run_address>
         <size>0x44</size>
         <input_file_ref idref="fl-13f"/>
      </object_component>
      <object_component id="oc-70">
         <name>.text</name>
         <load_address>0x1338</load_address>
         <run_address>0x1338</run_address>
         <size>0x44</size>
         <input_file_ref idref="fl-131"/>
      </object_component>
      <object_component id="oc-91">
         <name>.text:UARTConfigSetExpClk</name>
         <load_address>0x137c</load_address>
         <run_address>0x137c</run_address>
         <size>0x42</size>
         <input_file_ref idref="fl-13c"/>
      </object_component>
      <object_component id="oc-139">
         <name>.text</name>
         <load_address>0x13be</load_address>
         <run_address>0x13be</run_address>
         <size>0x40</size>
         <input_file_ref idref="fl-136"/>
      </object_component>
      <object_component id="oc-11e">
         <name>.text:GPIODirModeSet</name>
         <load_address>0x13fe</load_address>
         <run_address>0x13fe</run_address>
         <size>0x2e</size>
         <input_file_ref idref="fl-13f"/>
      </object_component>
      <object_component id="oc-148">
         <name>.text:UARTDisable</name>
         <load_address>0x142c</load_address>
         <run_address>0x142c</run_address>
         <size>0x1c</size>
         <input_file_ref idref="fl-13c"/>
      </object_component>
      <object_component id="oc-6a">
         <name>.text</name>
         <load_address>0x1448</load_address>
         <run_address>0x1448</run_address>
         <size>0x18</size>
         <input_file_ref idref="fl-138"/>
      </object_component>
      <object_component id="oc-12b">
         <name>.text:UARTEnable</name>
         <load_address>0x1460</load_address>
         <run_address>0x1460</run_address>
         <size>0x14</size>
         <input_file_ref idref="fl-13c"/>
      </object_component>
      <object_component id="oc-191">
         <name>.text</name>
         <load_address>0x1474</load_address>
         <run_address>0x1474</run_address>
         <size>0x14</size>
         <input_file_ref idref="fl-137"/>
      </object_component>
      <object_component id="oc-160">
         <name>.text:GPIOPinTypeGPIOInput</name>
         <load_address>0x1488</load_address>
         <run_address>0x1488</run_address>
         <size>0x12</size>
         <input_file_ref idref="fl-13f"/>
      </object_component>
      <object_component id="oc-d0">
         <name>.text:GPIOPinTypeGPIOOutput</name>
         <load_address>0x149a</load_address>
         <run_address>0x149a</run_address>
         <size>0x12</size>
         <input_file_ref idref="fl-13f"/>
      </object_component>
      <object_component id="oc-83">
         <name>.text:GPIOPinTypeUART</name>
         <load_address>0x14ac</load_address>
         <run_address>0x14ac</run_address>
         <size>0x12</size>
         <input_file_ref idref="fl-13f"/>
      </object_component>
      <object_component id="oc-ba">
         <name>.text:UARTCharGetNonBlocking</name>
         <load_address>0x14be</load_address>
         <run_address>0x14be</run_address>
         <size>0x10</size>
         <input_file_ref idref="fl-13c"/>
      </object_component>
      <object_component id="oc-c8">
         <name>.text:GPIOPinIntDisable</name>
         <load_address>0x14ce</load_address>
         <run_address>0x14ce</run_address>
         <size>0xe</size>
         <input_file_ref idref="fl-13f"/>
      </object_component>
      <object_component id="oc-12">
         <name>.text:decompress:none</name>
         <load_address>0x14dc</load_address>
         <run_address>0x14dc</run_address>
         <size>0xe</size>
         <input_file_ref idref="fl-12e"/>
      </object_component>
      <object_component id="oc-170">
         <name>.text:CPUcpsie</name>
         <load_address>0x14ea</load_address>
         <run_address>0x14ea</run_address>
         <size>0xc</size>
         <input_file_ref idref="fl-140"/>
      </object_component>
      <object_component id="oc-a1">
         <name>.text:GPIOPinIntEnable</name>
         <load_address>0x14f6</load_address>
         <run_address>0x14f6</run_address>
         <size>0xc</size>
         <input_file_ref idref="fl-13f"/>
      </object_component>
      <object_component id="oc-be">
         <name>.text:UARTCharsAvail</name>
         <load_address>0x1502</load_address>
         <run_address>0x1502</run_address>
         <size>0xc</size>
         <input_file_ref idref="fl-13c"/>
      </object_component>
      <object_component id="oc-1e">
         <name>.text:decompress:ZI</name>
         <load_address>0x150e</load_address>
         <run_address>0x150e</run_address>
         <size>0xc</size>
         <input_file_ref idref="fl-130"/>
      </object_component>
      <object_component id="oc-2a">
         <name>.text</name>
         <load_address>0x151a</load_address>
         <run_address>0x151a</run_address>
         <size>0xc</size>
         <input_file_ref idref="fl-3"/>
      </object_component>
      <object_component id="oc-164">
         <name>.text:GPIOPinRead</name>
         <load_address>0x1526</load_address>
         <run_address>0x1526</run_address>
         <size>0xa</size>
         <input_file_ref idref="fl-13f"/>
      </object_component>
      <object_component id="oc-a5">
         <name>.text:GPIOPinWrite</name>
         <load_address>0x1530</load_address>
         <run_address>0x1530</run_address>
         <size>0xa</size>
         <input_file_ref idref="fl-13f"/>
      </object_component>
      <object_component id="oc-d4">
         <name>.text:IntMasterEnable</name>
         <load_address>0x153a</load_address>
         <run_address>0x153a</run_address>
         <size>0xa</size>
         <input_file_ref idref="fl-13e"/>
      </object_component>
      <object_component id="oc-12f">
         <name>.text:UARTCharGet</name>
         <load_address>0x1544</load_address>
         <run_address>0x1544</run_address>
         <size>0xa</size>
         <input_file_ref idref="fl-13c"/>
      </object_component>
      <object_component id="oc-ae">
         <name>.text:UARTCharPut</name>
         <load_address>0x154e</load_address>
         <run_address>0x154e</run_address>
         <size>0xa</size>
         <input_file_ref idref="fl-13c"/>
      </object_component>
      <object_component id="oc-b2">
         <name>.text:UARTIntStatus</name>
         <load_address>0x1558</load_address>
         <run_address>0x1558</run_address>
         <size>0xa</size>
         <input_file_ref idref="fl-13c"/>
      </object_component>
      <object_component id="oc-aa">
         <name>.text:UARTBusy</name>
         <load_address>0x1562</load_address>
         <run_address>0x1562</run_address>
         <size>0x8</size>
         <input_file_ref idref="fl-13c"/>
      </object_component>
      <object_component id="oc-99">
         <name>.text:UARTIntEnable</name>
         <load_address>0x156a</load_address>
         <run_address>0x156a</run_address>
         <size>0x8</size>
         <input_file_ref idref="fl-13c"/>
      </object_component>
      <object_component id="oc-a9">
         <name>.text:SysCtlDelay</name>
         <load_address>0x1572</load_address>
         <run_address>0x1572</run_address>
         <size>0x6</size>
         <input_file_ref idref="fl-13d"/>
      </object_component>
      <object_component id="oc-18">
         <name>.text:decompress:rle24</name>
         <load_address>0x1578</load_address>
         <run_address>0x1578</run_address>
         <size>0x6</size>
         <input_file_ref idref="fl-12f"/>
      </object_component>
      <object_component id="oc-b6">
         <name>.text:UARTIntClear</name>
         <load_address>0x157e</load_address>
         <run_address>0x157e</run_address>
         <size>0x4</size>
         <input_file_ref idref="fl-13c"/>
      </object_component>
      <object_component id="oc-5e">
         <name>.text</name>
         <load_address>0x1582</load_address>
         <run_address>0x1582</run_address>
         <size>0x4</size>
         <input_file_ref idref="fl-134"/>
      </object_component>
      <object_component id="oc-11a">
         <name>.const:g_pulGPIOBaseAddrs</name>
         <load_address>0x1588</load_address>
         <run_address>0x1588</run_address>
         <size>0x78</size>
         <input_file_ref idref="fl-13f"/>
      </object_component>
      <object_component id="oc-14e">
         <name>.const</name>
         <load_address>0x1600</load_address>
         <run_address>0x1600</run_address>
         <size>0x70</size>
         <input_file_ref idref="fl-13e"/>
      </object_component>
      <object_component id="oc-145">
         <name>.const:g_pulXtals</name>
         <load_address>0x1670</load_address>
         <run_address>0x1670</run_address>
         <size>0x6c</size>
         <input_file_ref idref="fl-13d"/>
      </object_component>
      <object_component id="oc-112">
         <name>.const</name>
         <load_address>0x16dc</load_address>
         <run_address>0x16dc</run_address>
         <size>0x40</size>
         <input_file_ref idref="fl-13d"/>
      </object_component>
      <object_component id="oc-133">
         <name>.const</name>
         <load_address>0x171c</load_address>
         <run_address>0x171c</run_address>
         <size>0x1c</size>
         <input_file_ref idref="fl-5"/>
      </object_component>
      <object_component id="oc-1ac">
         <name>.const:.string</name>
         <load_address>0x1738</load_address>
         <run_address>0x1738</run_address>
         <size>0x12</size>
         <input_file_ref idref="fl-5"/>
      </object_component>
      <object_component id="oc-168">
         <name>.const</name>
         <load_address>0x174c</load_address>
         <run_address>0x174c</run_address>
         <size>0x10</size>
         <input_file_ref idref="fl-2"/>
      </object_component>
      <object_component id="oc-1f8">
         <name>.cinit..data.load</name>
         <load_address>0x1760</load_address>
         <run_address>0x1760</run_address>
         <size>0xf</size>
      </object_component>
      <object_component id="oc-1f6">
         <name>__TI_handler_table</name>
         <load_address>0x1770</load_address>
         <run_address>0x1770</run_address>
         <size>0xc</size>
      </object_component>
      <object_component id="oc-1f9">
         <name>.cinit..bss.load</name>
         <load_address>0x1780</load_address>
         <run_address>0x1780</run_address>
         <size>0x8</size>
      </object_component>
      <object_component id="oc-1f7">
         <name>__TI_cinit_table</name>
         <load_address>0x1788</load_address>
         <run_address>0x1788</run_address>
         <size>0x10</size>
      </object_component>
      <object_component id="oc-29">
         <name>.stack</name>
         <uninitialized>true</uninitialized>
         <run_address>0x20000000</run_address>
         <size>0x0</size>
         <input_file_ref idref="fl-12d"/>
      </object_component>
      <object_component id="oc-1fa">
         <name>.stack</name>
         <uninitialized>true</uninitialized>
         <run_address>0x20000000</run_address>
         <size>0x0</size>
      </object_component>
      <object_component id="oc-db">
         <name>.common:key_get</name>
         <uninitialized>true</uninitialized>
         <run_address>0x20000220</run_address>
         <size>0x4</size>
      </object_component>
      <object_component id="oc-d8">
         <name>.common:dataFromUart</name>
         <uninitialized>true</uninitialized>
         <run_address>0x2000021c</run_address>
         <size>0x4</size>
      </object_component>
      <object_component id="oc-136">
         <name>.data</name>
         <load_address>0x20000210</load_address>
         <run_address>0x20000210</run_address>
         <size>0x5</size>
         <input_file_ref idref="fl-5"/>
      </object_component>
      <object_component id="oc-10a">
         <name>.data</name>
         <load_address>0x20000208</load_address>
         <run_address>0x20000208</run_address>
         <size>0x8</size>
         <input_file_ref idref="fl-131"/>
      </object_component>
      <object_component id="oc-76">
         <name>.data</name>
         <load_address>0x20000218</load_address>
         <run_address>0x20000218</run_address>
         <size>0x4</size>
         <input_file_ref idref="fl-135"/>
      </object_component>
      <object_component id="oc-107">
         <name>.data</name>
         <load_address>0x20000200</load_address>
         <run_address>0x20000200</run_address>
         <size>0x8</size>
         <input_file_ref idref="fl-137"/>
      </object_component>
      <object_component id="oc-16c">
         <name>.debug_info</name>
         <load_address>0x0</load_address>
         <run_address>0x0</run_address>
         <size>0x24c</size>
         <input_file_ref idref="fl-2"/>
      </object_component>
      <object_component id="oc-169">
         <name>.debug_info</name>
         <load_address>0x24c</load_address>
         <run_address>0x24c</run_address>
         <size>0xcd</size>
         <input_file_ref idref="fl-2"/>
      </object_component>
      <object_component id="oc-c3">
         <name>.debug_info</name>
         <load_address>0x319</load_address>
         <run_address>0x319</run_address>
         <size>0x24c</size>
         <input_file_ref idref="fl-2"/>
      </object_component>
      <object_component id="oc-dd">
         <name>.debug_info</name>
         <load_address>0x565</load_address>
         <run_address>0x565</run_address>
         <size>0x84</size>
         <input_file_ref idref="fl-2"/>
      </object_component>
      <object_component id="oc-177">
         <name>.debug_info</name>
         <load_address>0x5e9</load_address>
         <run_address>0x5e9</run_address>
         <size>0x2c</size>
         <input_file_ref idref="fl-2"/>
      </object_component>
      <object_component id="oc-38">
         <name>.debug_info</name>
         <load_address>0x615</load_address>
         <run_address>0x615</run_address>
         <size>0x128</size>
         <input_file_ref idref="fl-3"/>
      </object_component>
      <object_component id="oc-10">
         <name>.debug_info</name>
         <load_address>0x73d</load_address>
         <run_address>0x73d</run_address>
         <size>0xe9</size>
         <input_file_ref idref="fl-3"/>
      </object_component>
      <object_component id="oc-2c">
         <name>.debug_info</name>
         <load_address>0x826</load_address>
         <run_address>0x826</run_address>
         <size>0x25d</size>
         <input_file_ref idref="fl-3"/>
      </object_component>
      <object_component id="oc-e4">
         <name>.debug_info</name>
         <load_address>0xa83</load_address>
         <run_address>0xa83</run_address>
         <size>0x18b</size>
         <input_file_ref idref="fl-3"/>
      </object_component>
      <object_component id="oc-d9">
         <name>.debug_info</name>
         <load_address>0xc0e</load_address>
         <run_address>0xc0e</run_address>
         <size>0x5d4</size>
         <input_file_ref idref="fl-4"/>
      </object_component>
      <object_component id="oc-31">
         <name>.debug_info</name>
         <load_address>0x11e2</load_address>
         <run_address>0x11e2</run_address>
         <size>0x82a</size>
         <input_file_ref idref="fl-4"/>
      </object_component>
      <object_component id="oc-13f">
         <name>.debug_info</name>
         <load_address>0x1a0c</load_address>
         <run_address>0x1a0c</run_address>
         <size>0x262</size>
         <input_file_ref idref="fl-5"/>
      </object_component>
      <object_component id="oc-137">
         <name>.debug_info</name>
         <load_address>0x1c6e</load_address>
         <run_address>0x1c6e</run_address>
         <size>0xd2</size>
         <input_file_ref idref="fl-5"/>
      </object_component>
      <object_component id="oc-134">
         <name>.debug_info</name>
         <load_address>0x1d40</load_address>
         <run_address>0x1d40</run_address>
         <size>0x124</size>
         <input_file_ref idref="fl-5"/>
      </object_component>
      <object_component id="oc-8a">
         <name>.debug_info</name>
         <load_address>0x1e64</load_address>
         <run_address>0x1e64</run_address>
         <size>0x825</size>
         <input_file_ref idref="fl-5"/>
      </object_component>
      <object_component id="oc-140">
         <name>.debug_info</name>
         <load_address>0x2689</load_address>
         <run_address>0x2689</run_address>
         <size>0x4e</size>
         <input_file_ref idref="fl-5"/>
      </object_component>
      <object_component id="oc-25">
         <name>.debug_info</name>
         <load_address>0x26d7</load_address>
         <run_address>0x26d7</run_address>
         <size>0x134</size>
         <input_file_ref idref="fl-12d"/>
      </object_component>
      <object_component id="oc-44">
         <name>.debug_info</name>
         <load_address>0x280b</load_address>
         <run_address>0x280b</run_address>
         <size>0x121</size>
         <input_file_ref idref="fl-12e"/>
      </object_component>
      <object_component id="oc-15">
         <name>.debug_info</name>
         <load_address>0x292c</load_address>
         <run_address>0x292c</run_address>
         <size>0x1c0</size>
         <input_file_ref idref="fl-12e"/>
      </object_component>
      <object_component id="oc-3f">
         <name>.debug_info</name>
         <load_address>0x2aec</load_address>
         <run_address>0x2aec</run_address>
         <size>0x46</size>
         <input_file_ref idref="fl-12e"/>
      </object_component>
      <object_component id="oc-ea">
         <name>.debug_info</name>
         <load_address>0x2b32</load_address>
         <run_address>0x2b32</run_address>
         <size>0x2c</size>
         <input_file_ref idref="fl-12e"/>
      </object_component>
      <object_component id="oc-4c">
         <name>.debug_info</name>
         <load_address>0x2b5e</load_address>
         <run_address>0x2b5e</run_address>
         <size>0x115</size>
         <input_file_ref idref="fl-12f"/>
      </object_component>
      <object_component id="oc-46">
         <name>.debug_info</name>
         <load_address>0x2c73</load_address>
         <run_address>0x2c73</run_address>
         <size>0x228</size>
         <input_file_ref idref="fl-12f"/>
      </object_component>
      <object_component id="oc-19">
         <name>.debug_info</name>
         <load_address>0x2e9b</load_address>
         <run_address>0x2e9b</run_address>
         <size>0x192</size>
         <input_file_ref idref="fl-12f"/>
      </object_component>
      <object_component id="oc-4d">
         <name>.debug_info</name>
         <load_address>0x302d</load_address>
         <run_address>0x302d</run_address>
         <size>0x39</size>
         <input_file_ref idref="fl-12f"/>
      </object_component>
      <object_component id="oc-f4">
         <name>.debug_info</name>
         <load_address>0x3066</load_address>
         <run_address>0x3066</run_address>
         <size>0x2c</size>
         <input_file_ref idref="fl-12f"/>
      </object_component>
      <object_component id="oc-5d">
         <name>.debug_info</name>
         <load_address>0x3092</load_address>
         <run_address>0x3092</run_address>
         <size>0x110</size>
         <input_file_ref idref="fl-130"/>
      </object_component>
      <object_component id="oc-21">
         <name>.debug_info</name>
         <load_address>0x31a2</load_address>
         <run_address>0x31a2</run_address>
         <size>0x18b</size>
         <input_file_ref idref="fl-130"/>
      </object_component>
      <object_component id="oc-58">
         <name>.debug_info</name>
         <load_address>0x332d</load_address>
         <run_address>0x332d</run_address>
         <size>0x46</size>
         <input_file_ref idref="fl-130"/>
      </object_component>
      <object_component id="oc-10e">
         <name>.debug_info</name>
         <load_address>0x3373</load_address>
         <run_address>0x3373</run_address>
         <size>0x172</size>
         <input_file_ref idref="fl-131"/>
      </object_component>
      <object_component id="oc-10b">
         <name>.debug_info</name>
         <load_address>0x34e5</load_address>
         <run_address>0x34e5</run_address>
         <size>0x117</size>
         <input_file_ref idref="fl-131"/>
      </object_component>
      <object_component id="oc-71">
         <name>.debug_info</name>
         <load_address>0x35fc</load_address>
         <run_address>0x35fc</run_address>
         <size>0x1ee</size>
         <input_file_ref idref="fl-131"/>
      </object_component>
      <object_component id="oc-3a">
         <name>.debug_info</name>
         <load_address>0x37ea</load_address>
         <run_address>0x37ea</run_address>
         <size>0xf6</size>
         <input_file_ref idref="fl-132"/>
      </object_component>
      <object_component id="oc-55">
         <name>.debug_info</name>
         <load_address>0x38e0</load_address>
         <run_address>0x38e0</run_address>
         <size>0x124</size>
         <input_file_ref idref="fl-133"/>
      </object_component>
      <object_component id="oc-5f">
         <name>.debug_info</name>
         <load_address>0x3a04</load_address>
         <run_address>0x3a04</run_address>
         <size>0x129</size>
         <input_file_ref idref="fl-134"/>
      </object_component>
      <object_component id="oc-77">
         <name>.debug_info</name>
         <load_address>0x3b2d</load_address>
         <run_address>0x3b2d</run_address>
         <size>0xea</size>
         <input_file_ref idref="fl-135"/>
      </object_component>
      <object_component id="oc-13a">
         <name>.debug_info</name>
         <load_address>0x3c17</load_address>
         <run_address>0x3c17</run_address>
         <size>0x11f</size>
         <input_file_ref idref="fl-136"/>
      </object_component>
      <object_component id="oc-199">
         <name>.debug_info</name>
         <load_address>0x3d36</load_address>
         <run_address>0x3d36</run_address>
         <size>0x105</size>
         <input_file_ref idref="fl-137"/>
      </object_component>
      <object_component id="oc-108">
         <name>.debug_info</name>
         <load_address>0x3e3b</load_address>
         <run_address>0x3e3b</run_address>
         <size>0xf4</size>
         <input_file_ref idref="fl-137"/>
      </object_component>
      <object_component id="oc-195">
         <name>.debug_info</name>
         <load_address>0x3f2f</load_address>
         <run_address>0x3f2f</run_address>
         <size>0x200</size>
         <input_file_ref idref="fl-137"/>
      </object_component>
      <object_component id="oc-106">
         <name>.debug_info</name>
         <load_address>0x412f</load_address>
         <run_address>0x412f</run_address>
         <size>0x147</size>
         <input_file_ref idref="fl-138"/>
      </object_component>
      <object_component id="oc-6c">
         <name>.debug_info</name>
         <load_address>0x4276</load_address>
         <run_address>0x4276</run_address>
         <size>0x148</size>
         <input_file_ref idref="fl-138"/>
      </object_component>
      <object_component id="oc-18c">
         <name>.debug_info</name>
         <load_address>0x43be</load_address>
         <run_address>0x43be</run_address>
         <size>0x5e</size>
         <input_file_ref idref="fl-138"/>
      </object_component>
      <object_component id="oc-104">
         <name>.debug_info</name>
         <load_address>0x441c</load_address>
         <run_address>0x441c</run_address>
         <size>0x29e</size>
         <input_file_ref idref="fl-139"/>
      </object_component>
      <object_component id="oc-65">
         <name>.debug_info</name>
         <load_address>0x46ba</load_address>
         <run_address>0x46ba</run_address>
         <size>0x158</size>
         <input_file_ref idref="fl-139"/>
      </object_component>
      <object_component id="oc-180">
         <name>.debug_info</name>
         <load_address>0x4812</load_address>
         <run_address>0x4812</run_address>
         <size>0x39</size>
         <input_file_ref idref="fl-139"/>
      </object_component>
      <object_component id="oc-185">
         <name>.debug_info</name>
         <load_address>0x484b</load_address>
         <run_address>0x484b</run_address>
         <size>0xcd</size>
         <input_file_ref idref="fl-139"/>
      </object_component>
      <object_component id="oc-17d">
         <name>.debug_info</name>
         <load_address>0x4918</load_address>
         <run_address>0x4918</run_address>
         <size>0x1c1</size>
         <input_file_ref idref="fl-13a"/>
      </object_component>
      <object_component id="oc-ff">
         <name>.debug_info</name>
         <load_address>0x4ad9</load_address>
         <run_address>0x4ad9</run_address>
         <size>0x164</size>
         <input_file_ref idref="fl-13a"/>
      </object_component>
      <object_component id="oc-1cc">
         <name>.debug_info</name>
         <load_address>0x4c3d</load_address>
         <run_address>0x4c3d</run_address>
         <size>0x2c</size>
         <input_file_ref idref="fl-13a"/>
      </object_component>
      <object_component id="oc-1b2">
         <name>.debug_info</name>
         <load_address>0x4c69</load_address>
         <run_address>0x4c69</run_address>
         <size>0x128</size>
         <input_file_ref idref="fl-13b"/>
      </object_component>
      <object_component id="oc-14d">
         <name>.debug_info</name>
         <load_address>0x4d91</load_address>
         <run_address>0x4d91</run_address>
         <size>0x342</size>
         <input_file_ref idref="fl-13c"/>
      </object_component>
      <object_component id="oc-b3">
         <name>.debug_info</name>
         <load_address>0x50d3</load_address>
         <run_address>0x50d3</run_address>
         <size>0x1dc</size>
         <input_file_ref idref="fl-13c"/>
      </object_component>
      <object_component id="oc-9a">
         <name>.debug_info</name>
         <load_address>0x52af</load_address>
         <run_address>0x52af</run_address>
         <size>0x1e4</size>
         <input_file_ref idref="fl-13c"/>
      </object_component>
      <object_component id="oc-b7">
         <name>.debug_info</name>
         <load_address>0x5493</load_address>
         <run_address>0x5493</run_address>
         <size>0x1e2</size>
         <input_file_ref idref="fl-13c"/>
      </object_component>
      <object_component id="oc-12c">
         <name>.debug_info</name>
         <load_address>0x5675</load_address>
         <run_address>0x5675</run_address>
         <size>0x1a4</size>
         <input_file_ref idref="fl-13c"/>
      </object_component>
      <object_component id="oc-149">
         <name>.debug_info</name>
         <load_address>0x5819</load_address>
         <run_address>0x5819</run_address>
         <size>0x228</size>
         <input_file_ref idref="fl-13c"/>
      </object_component>
      <object_component id="oc-92">
         <name>.debug_info</name>
         <load_address>0x5a41</load_address>
         <run_address>0x5a41</run_address>
         <size>0x26b</size>
         <input_file_ref idref="fl-13c"/>
      </object_component>
      <object_component id="oc-bf">
         <name>.debug_info</name>
         <load_address>0x5cac</load_address>
         <run_address>0x5cac</run_address>
         <size>0x1b0</size>
         <input_file_ref idref="fl-13c"/>
      </object_component>
      <object_component id="oc-af">
         <name>.debug_info</name>
         <load_address>0x5e5c</load_address>
         <run_address>0x5e5c</run_address>
         <size>0x253</size>
         <input_file_ref idref="fl-13c"/>
      </object_component>
      <object_component id="oc-bb">
         <name>.debug_info</name>
         <load_address>0x60af</load_address>
         <run_address>0x60af</run_address>
         <size>0x1c0</size>
         <input_file_ref idref="fl-13c"/>
      </object_component>
      <object_component id="oc-130">
         <name>.debug_info</name>
         <load_address>0x626f</load_address>
         <run_address>0x626f</run_address>
         <size>0x22d</size>
         <input_file_ref idref="fl-13c"/>
      </object_component>
      <object_component id="oc-ab">
         <name>.debug_info</name>
         <load_address>0x649c</load_address>
         <run_address>0x649c</run_address>
         <size>0x1a4</size>
         <input_file_ref idref="fl-13c"/>
      </object_component>
      <object_component id="oc-115">
         <name>.debug_info</name>
         <load_address>0x6640</load_address>
         <run_address>0x6640</run_address>
         <size>0x84</size>
         <input_file_ref idref="fl-13c"/>
      </object_component>
      <object_component id="oc-157">
         <name>.debug_info</name>
         <load_address>0x66c4</load_address>
         <run_address>0x66c4</run_address>
         <size>0x2c</size>
         <input_file_ref idref="fl-13c"/>
      </object_component>
      <object_component id="oc-119">
         <name>.debug_info</name>
         <load_address>0x66f0</load_address>
         <run_address>0x66f0</run_address>
         <size>0x391</size>
         <input_file_ref idref="fl-13d"/>
      </object_component>
      <object_component id="oc-113">
         <name>.debug_info</name>
         <load_address>0x6a81</load_address>
         <run_address>0x6a81</run_address>
         <size>0x1b2</size>
         <input_file_ref idref="fl-13d"/>
      </object_component>
      <object_component id="oc-146">
         <name>.debug_info</name>
         <load_address>0x6c33</load_address>
         <run_address>0x6c33</run_address>
         <size>0x108</size>
         <input_file_ref idref="fl-13d"/>
      </object_component>
      <object_component id="oc-128">
         <name>.debug_info</name>
         <load_address>0x6d3b</load_address>
         <run_address>0x6d3b</run_address>
         <size>0x1e0</size>
         <input_file_ref idref="fl-13d"/>
      </object_component>
      <object_component id="oc-7c">
         <name>.debug_info</name>
         <load_address>0x6f1b</load_address>
         <run_address>0x6f1b</run_address>
         <size>0x1da</size>
         <input_file_ref idref="fl-13d"/>
      </object_component>
      <object_component id="oc-cf">
         <name>.debug_info</name>
         <load_address>0x70f5</load_address>
         <run_address>0x70f5</run_address>
         <size>0x2cf</size>
         <input_file_ref idref="fl-13d"/>
      </object_component>
      <object_component id="oc-90">
         <name>.debug_info</name>
         <load_address>0x73c4</load_address>
         <run_address>0x73c4</run_address>
         <size>0x202</size>
         <input_file_ref idref="fl-13d"/>
      </object_component>
      <object_component id="oc-151">
         <name>.debug_info</name>
         <load_address>0x75c6</load_address>
         <run_address>0x75c6</run_address>
         <size>0x342</size>
         <input_file_ref idref="fl-13e"/>
      </object_component>
      <object_component id="oc-14f">
         <name>.debug_info</name>
         <load_address>0x7908</load_address>
         <run_address>0x7908</run_address>
         <size>0x1b7</size>
         <input_file_ref idref="fl-13e"/>
      </object_component>
      <object_component id="oc-d6">
         <name>.debug_info</name>
         <load_address>0x7abf</load_address>
         <run_address>0x7abf</run_address>
         <size>0x1a3</size>
         <input_file_ref idref="fl-13e"/>
      </object_component>
      <object_component id="oc-96">
         <name>.debug_info</name>
         <load_address>0x7c62</load_address>
         <run_address>0x7c62</run_address>
         <size>0x1c5</size>
         <input_file_ref idref="fl-13e"/>
      </object_component>
      <object_component id="oc-11d">
         <name>.debug_info</name>
         <load_address>0x7e27</load_address>
         <run_address>0x7e27</run_address>
         <size>0x336</size>
         <input_file_ref idref="fl-13f"/>
      </object_component>
      <object_component id="oc-11b">
         <name>.debug_info</name>
         <load_address>0x815d</load_address>
         <run_address>0x815d</run_address>
         <size>0x116</size>
         <input_file_ref idref="fl-13f"/>
      </object_component>
      <object_component id="oc-a6">
         <name>.debug_info</name>
         <load_address>0x8273</load_address>
         <run_address>0x8273</run_address>
         <size>0x1f8</size>
         <input_file_ref idref="fl-13f"/>
      </object_component>
      <object_component id="oc-11f">
         <name>.debug_info</name>
         <load_address>0x846b</load_address>
         <run_address>0x846b</run_address>
         <size>0x204</size>
         <input_file_ref idref="fl-13f"/>
      </object_component>
      <object_component id="oc-123">
         <name>.debug_info</name>
         <load_address>0x866f</load_address>
         <run_address>0x866f</run_address>
         <size>0x24a</size>
         <input_file_ref idref="fl-13f"/>
      </object_component>
      <object_component id="oc-84">
         <name>.debug_info</name>
         <load_address>0x88b9</load_address>
         <run_address>0x88b9</run_address>
         <size>0x1da</size>
         <input_file_ref idref="fl-13f"/>
      </object_component>
      <object_component id="oc-d1">
         <name>.debug_info</name>
         <load_address>0x8a93</load_address>
         <run_address>0x8a93</run_address>
         <size>0x1e6</size>
         <input_file_ref idref="fl-13f"/>
      </object_component>
      <object_component id="oc-161">
         <name>.debug_info</name>
         <load_address>0x8c79</load_address>
         <run_address>0x8c79</run_address>
         <size>0x1e4</size>
         <input_file_ref idref="fl-13f"/>
      </object_component>
      <object_component id="oc-165">
         <name>.debug_info</name>
         <load_address>0x8e5d</load_address>
         <run_address>0x8e5d</run_address>
         <size>0x1d4</size>
         <input_file_ref idref="fl-13f"/>
      </object_component>
      <object_component id="oc-a2">
         <name>.debug_info</name>
         <load_address>0x9031</load_address>
         <run_address>0x9031</run_address>
         <size>0x1da</size>
         <input_file_ref idref="fl-13f"/>
      </object_component>
      <object_component id="oc-c9">
         <name>.debug_info</name>
         <load_address>0x920b</load_address>
         <run_address>0x920b</run_address>
         <size>0x1dc</size>
         <input_file_ref idref="fl-13f"/>
      </object_component>
      <object_component id="oc-80">
         <name>.debug_info</name>
         <load_address>0x93e7</load_address>
         <run_address>0x93e7</run_address>
         <size>0x1d9</size>
         <input_file_ref idref="fl-13f"/>
      </object_component>
      <object_component id="oc-9e">
         <name>.debug_info</name>
         <load_address>0x95c0</load_address>
         <run_address>0x95c0</run_address>
         <size>0x20c</size>
         <input_file_ref idref="fl-13f"/>
      </object_component>
      <object_component id="oc-171">
         <name>.debug_info</name>
         <load_address>0x97cc</load_address>
         <run_address>0x97cc</run_address>
         <size>0x177</size>
         <input_file_ref idref="fl-140"/>
      </object_component>
      <object_component id="oc-1fb">
         <name>.debug_info</name>
         <load_address>0x9943</load_address>
         <run_address>0x9943</run_address>
         <size>0xa4</size>
      </object_component>
      <object_component id="oc-1c8">
         <name>.debug_line</name>
         <load_address>0x0</load_address>
         <run_address>0x0</run_address>
         <size>0x6c</size>
         <input_file_ref idref="fl-2"/>
      </object_component>
      <object_component id="oc-1c6">
         <name>.debug_line</name>
         <load_address>0x6c</load_address>
         <run_address>0x6c</run_address>
         <size>0x2f</size>
         <input_file_ref idref="fl-2"/>
      </object_component>
      <object_component id="oc-c6">
         <name>.debug_line</name>
         <load_address>0x9b</load_address>
         <run_address>0x9b</run_address>
         <size>0x8d</size>
         <input_file_ref idref="fl-2"/>
      </object_component>
      <object_component id="oc-e0">
         <name>.debug_line</name>
         <load_address>0x128</load_address>
         <run_address>0x128</run_address>
         <size>0x20</size>
         <input_file_ref idref="fl-2"/>
      </object_component>
      <object_component id="oc-17a">
         <name>.debug_line</name>
         <load_address>0x148</load_address>
         <run_address>0x148</run_address>
         <size>0x43</size>
         <input_file_ref idref="fl-2"/>
      </object_component>
      <object_component id="oc-e3">
         <name>.debug_line</name>
         <load_address>0x18b</load_address>
         <run_address>0x18b</run_address>
         <size>0x40</size>
         <input_file_ref idref="fl-3"/>
      </object_component>
      <object_component id="oc-37">
         <name>.debug_line</name>
         <load_address>0x1cb</load_address>
         <run_address>0x1cb</run_address>
         <size>0x40</size>
         <input_file_ref idref="fl-3"/>
      </object_component>
      <object_component id="oc-2f">
         <name>.debug_line</name>
         <load_address>0x20b</load_address>
         <run_address>0x20b</run_address>
         <size>0xa0</size>
         <input_file_ref idref="fl-3"/>
      </object_component>
      <object_component id="oc-e7">
         <name>.debug_line</name>
         <load_address>0x2ab</load_address>
         <run_address>0x2ab</run_address>
         <size>0x60</size>
         <input_file_ref idref="fl-3"/>
      </object_component>
      <object_component id="oc-176">
         <name>.debug_line</name>
         <load_address>0x30b</load_address>
         <run_address>0x30b</run_address>
         <size>0xfd</size>
         <input_file_ref idref="fl-4"/>
      </object_component>
      <object_component id="oc-35">
         <name>.debug_line</name>
         <load_address>0x408</load_address>
         <run_address>0x408</run_address>
         <size>0x151</size>
         <input_file_ref idref="fl-4"/>
      </object_component>
      <object_component id="oc-1b9">
         <name>.debug_line</name>
         <load_address>0x559</load_address>
         <run_address>0x559</run_address>
         <size>0x6c</size>
         <input_file_ref idref="fl-5"/>
      </object_component>
      <object_component id="oc-1b0">
         <name>.debug_line</name>
         <load_address>0x5c5</load_address>
         <run_address>0x5c5</run_address>
         <size>0x32</size>
         <input_file_ref idref="fl-5"/>
      </object_component>
      <object_component id="oc-1ae">
         <name>.debug_line</name>
         <load_address>0x5f7</load_address>
         <run_address>0x5f7</run_address>
         <size>0x32</size>
         <input_file_ref idref="fl-5"/>
      </object_component>
      <object_component id="oc-89">
         <name>.debug_line</name>
         <load_address>0x629</load_address>
         <run_address>0x629</run_address>
         <size>0x2a2</size>
         <input_file_ref idref="fl-5"/>
      </object_component>
      <object_component id="oc-143">
         <name>.debug_line</name>
         <load_address>0x8cb</load_address>
         <run_address>0x8cb</run_address>
         <size>0x60</size>
         <input_file_ref idref="fl-5"/>
      </object_component>
      <object_component id="oc-28">
         <name>.debug_line</name>
         <load_address>0x92b</load_address>
         <run_address>0x92b</run_address>
         <size>0x52</size>
         <input_file_ref idref="fl-12d"/>
      </object_component>
      <object_component id="oc-f0">
         <name>.debug_line</name>
         <load_address>0x97d</load_address>
         <run_address>0x97d</run_address>
         <size>0x80</size>
         <input_file_ref idref="fl-12e"/>
      </object_component>
      <object_component id="oc-17">
         <name>.debug_line</name>
         <load_address>0x9fd</load_address>
         <run_address>0x9fd</run_address>
         <size>0x55</size>
         <input_file_ref idref="fl-12e"/>
      </object_component>
      <object_component id="oc-42">
         <name>.debug_line</name>
         <load_address>0xa52</load_address>
         <run_address>0xa52</run_address>
         <size>0x3a</size>
         <input_file_ref idref="fl-12e"/>
      </object_component>
      <object_component id="oc-ed">
         <name>.debug_line</name>
         <load_address>0xa8c</load_address>
         <run_address>0xa8c</run_address>
         <size>0x80</size>
         <input_file_ref idref="fl-12e"/>
      </object_component>
      <object_component id="oc-f3">
         <name>.debug_line</name>
         <load_address>0xb0c</load_address>
         <run_address>0xb0c</run_address>
         <size>0x80</size>
         <input_file_ref idref="fl-12f"/>
      </object_component>
      <object_component id="oc-4a">
         <name>.debug_line</name>
         <load_address>0xb8c</load_address>
         <run_address>0xb8c</run_address>
         <size>0x98</size>
         <input_file_ref idref="fl-12f"/>
      </object_component>
      <object_component id="oc-1d">
         <name>.debug_line</name>
         <load_address>0xc24</load_address>
         <run_address>0xc24</run_address>
         <size>0x4b</size>
         <input_file_ref idref="fl-12f"/>
      </object_component>
      <object_component id="oc-50">
         <name>.debug_line</name>
         <load_address>0xc6f</load_address>
         <run_address>0xc6f</run_address>
         <size>0x39</size>
         <input_file_ref idref="fl-12f"/>
      </object_component>
      <object_component id="oc-f7">
         <name>.debug_line</name>
         <load_address>0xca8</load_address>
         <run_address>0xca8</run_address>
         <size>0x80</size>
         <input_file_ref idref="fl-12f"/>
      </object_component>
      <object_component id="oc-fb">
         <name>.debug_line</name>
         <load_address>0xd28</load_address>
         <run_address>0xd28</run_address>
         <size>0x80</size>
         <input_file_ref idref="fl-130"/>
      </object_component>
      <object_component id="oc-1f">
         <name>.debug_line</name>
         <load_address>0xda8</load_address>
         <run_address>0xda8</run_address>
         <size>0x4f</size>
         <input_file_ref idref="fl-130"/>
      </object_component>
      <object_component id="oc-5b">
         <name>.debug_line</name>
         <load_address>0xdf7</load_address>
         <run_address>0xdf7</run_address>
         <size>0x34</size>
         <input_file_ref idref="fl-130"/>
      </object_component>
      <object_component id="oc-19e">
         <name>.debug_line</name>
         <load_address>0xe2b</load_address>
         <run_address>0xe2b</run_address>
         <size>0x7f</size>
         <input_file_ref idref="fl-131"/>
      </object_component>
      <object_component id="oc-19c">
         <name>.debug_line</name>
         <load_address>0xeaa</load_address>
         <run_address>0xeaa</run_address>
         <size>0x2a</size>
         <input_file_ref idref="fl-131"/>
      </object_component>
      <object_component id="oc-74">
         <name>.debug_line</name>
         <load_address>0xed4</load_address>
         <run_address>0xed4</run_address>
         <size>0x7a</size>
         <input_file_ref idref="fl-131"/>
      </object_component>
      <object_component id="oc-3d">
         <name>.debug_line</name>
         <load_address>0xf4e</load_address>
         <run_address>0xf4e</run_address>
         <size>0x88</size>
         <input_file_ref idref="fl-132"/>
      </object_component>
      <object_component id="oc-53">
         <name>.debug_line</name>
         <load_address>0xfd6</load_address>
         <run_address>0xfd6</run_address>
         <size>0x79</size>
         <input_file_ref idref="fl-133"/>
      </object_component>
      <object_component id="oc-62">
         <name>.debug_line</name>
         <load_address>0x104f</load_address>
         <run_address>0x104f</run_address>
         <size>0x40</size>
         <input_file_ref idref="fl-134"/>
      </object_component>
      <object_component id="oc-111">
         <name>.debug_line</name>
         <load_address>0x108f</load_address>
         <run_address>0x108f</run_address>
         <size>0x33</size>
         <input_file_ref idref="fl-135"/>
      </object_component>
      <object_component id="oc-13d">
         <name>.debug_line</name>
         <load_address>0x10c2</load_address>
         <run_address>0x10c2</run_address>
         <size>0x5b</size>
         <input_file_ref idref="fl-136"/>
      </object_component>
      <object_component id="oc-1d3">
         <name>.debug_line</name>
         <load_address>0x111d</load_address>
         <run_address>0x111d</run_address>
         <size>0x20</size>
         <input_file_ref idref="fl-137"/>
      </object_component>
      <object_component id="oc-198">
         <name>.debug_line</name>
         <load_address>0x113d</load_address>
         <run_address>0x113d</run_address>
         <size>0x2b</size>
         <input_file_ref idref="fl-137"/>
      </object_component>
      <object_component id="oc-193">
         <name>.debug_line</name>
         <load_address>0x1168</load_address>
         <run_address>0x1168</run_address>
         <size>0x68</size>
         <input_file_ref idref="fl-137"/>
      </object_component>
      <object_component id="oc-18b">
         <name>.debug_line</name>
         <load_address>0x11d0</load_address>
         <run_address>0x11d0</run_address>
         <size>0x2b</size>
         <input_file_ref idref="fl-138"/>
      </object_component>
      <object_component id="oc-6e">
         <name>.debug_line</name>
         <load_address>0x11fb</load_address>
         <run_address>0x11fb</run_address>
         <size>0x50</size>
         <input_file_ref idref="fl-138"/>
      </object_component>
      <object_component id="oc-18f">
         <name>.debug_line</name>
         <load_address>0x124b</load_address>
         <run_address>0x124b</run_address>
         <size>0x2b</size>
         <input_file_ref idref="fl-138"/>
      </object_component>
      <object_component id="oc-17f">
         <name>.debug_line</name>
         <load_address>0x1276</load_address>
         <run_address>0x1276</run_address>
         <size>0x8f</size>
         <input_file_ref idref="fl-139"/>
      </object_component>
      <object_component id="oc-69">
         <name>.debug_line</name>
         <load_address>0x1305</load_address>
         <run_address>0x1305</run_address>
         <size>0x79</size>
         <input_file_ref idref="fl-139"/>
      </object_component>
      <object_component id="oc-183">
         <name>.debug_line</name>
         <load_address>0x137e</load_address>
         <run_address>0x137e</run_address>
         <size>0x2e</size>
         <input_file_ref idref="fl-139"/>
      </object_component>
      <object_component id="oc-188">
         <name>.debug_line</name>
         <load_address>0x13ac</load_address>
         <run_address>0x13ac</run_address>
         <size>0x81</size>
         <input_file_ref idref="fl-139"/>
      </object_component>
      <object_component id="oc-1cb">
         <name>.debug_line</name>
         <load_address>0x142d</load_address>
         <run_address>0x142d</run_address>
         <size>0x8e</size>
         <input_file_ref idref="fl-13a"/>
      </object_component>
      <object_component id="oc-fe">
         <name>.debug_line</name>
         <load_address>0x14bb</load_address>
         <run_address>0x14bb</run_address>
         <size>0x68</size>
         <input_file_ref idref="fl-13a"/>
      </object_component>
      <object_component id="oc-1cf">
         <name>.debug_line</name>
         <load_address>0x1523</load_address>
         <run_address>0x1523</run_address>
         <size>0x2e</size>
         <input_file_ref idref="fl-13a"/>
      </object_component>
      <object_component id="oc-1b6">
         <name>.debug_line</name>
         <load_address>0x1551</load_address>
         <run_address>0x1551</run_address>
         <size>0x3b</size>
         <input_file_ref idref="fl-13b"/>
      </object_component>
      <object_component id="oc-1be">
         <name>.debug_line</name>
         <load_address>0x158c</load_address>
         <run_address>0x158c</run_address>
         <size>0x58</size>
         <input_file_ref idref="fl-13c"/>
      </object_component>
      <object_component id="oc-b4">
         <name>.debug_line</name>
         <load_address>0x15e4</load_address>
         <run_address>0x15e4</run_address>
         <size>0x69</size>
         <input_file_ref idref="fl-13c"/>
      </object_component>
      <object_component id="oc-9b">
         <name>.debug_line</name>
         <load_address>0x164d</load_address>
         <run_address>0x164d</run_address>
         <size>0x69</size>
         <input_file_ref idref="fl-13c"/>
      </object_component>
      <object_component id="oc-b8">
         <name>.debug_line</name>
         <load_address>0x16b6</load_address>
         <run_address>0x16b6</run_address>
         <size>0x69</size>
         <input_file_ref idref="fl-13c"/>
      </object_component>
      <object_component id="oc-12d">
         <name>.debug_line</name>
         <load_address>0x171f</load_address>
         <run_address>0x171f</run_address>
         <size>0x6a</size>
         <input_file_ref idref="fl-13c"/>
      </object_component>
      <object_component id="oc-14a">
         <name>.debug_line</name>
         <load_address>0x1789</load_address>
         <run_address>0x1789</run_address>
         <size>0x6b</size>
         <input_file_ref idref="fl-13c"/>
      </object_component>
      <object_component id="oc-93">
         <name>.debug_line</name>
         <load_address>0x17f4</load_address>
         <run_address>0x17f4</run_address>
         <size>0x76</size>
         <input_file_ref idref="fl-13c"/>
      </object_component>
      <object_component id="oc-c0">
         <name>.debug_line</name>
         <load_address>0x186a</load_address>
         <run_address>0x186a</run_address>
         <size>0x69</size>
         <input_file_ref idref="fl-13c"/>
      </object_component>
      <object_component id="oc-b0">
         <name>.debug_line</name>
         <load_address>0x18d3</load_address>
         <run_address>0x18d3</run_address>
         <size>0x6a</size>
         <input_file_ref idref="fl-13c"/>
      </object_component>
      <object_component id="oc-bc">
         <name>.debug_line</name>
         <load_address>0x193d</load_address>
         <run_address>0x193d</run_address>
         <size>0x69</size>
         <input_file_ref idref="fl-13c"/>
      </object_component>
      <object_component id="oc-131">
         <name>.debug_line</name>
         <load_address>0x19a6</load_address>
         <run_address>0x19a6</run_address>
         <size>0x6a</size>
         <input_file_ref idref="fl-13c"/>
      </object_component>
      <object_component id="oc-ac">
         <name>.debug_line</name>
         <load_address>0x1a10</load_address>
         <run_address>0x1a10</run_address>
         <size>0x69</size>
         <input_file_ref idref="fl-13c"/>
      </object_component>
      <object_component id="oc-117">
         <name>.debug_line</name>
         <load_address>0x1a79</load_address>
         <run_address>0x1a79</run_address>
         <size>0x1d</size>
         <input_file_ref idref="fl-13c"/>
      </object_component>
      <object_component id="oc-159">
         <name>.debug_line</name>
         <load_address>0x1a96</load_address>
         <run_address>0x1a96</run_address>
         <size>0x51</size>
         <input_file_ref idref="fl-13c"/>
      </object_component>
      <object_component id="oc-1a2">
         <name>.debug_line</name>
         <load_address>0x1ae7</load_address>
         <run_address>0x1ae7</run_address>
         <size>0xc5</size>
         <input_file_ref idref="fl-13d"/>
      </object_component>
      <object_component id="oc-1a0">
         <name>.debug_line</name>
         <load_address>0x1bac</load_address>
         <run_address>0x1bac</run_address>
         <size>0x55</size>
         <input_file_ref idref="fl-13d"/>
      </object_component>
      <object_component id="oc-1bb">
         <name>.debug_line</name>
         <load_address>0x1c01</load_address>
         <run_address>0x1c01</run_address>
         <size>0x55</size>
         <input_file_ref idref="fl-13d"/>
      </object_component>
      <object_component id="oc-129">
         <name>.debug_line</name>
         <load_address>0x1c56</load_address>
         <run_address>0x1c56</run_address>
         <size>0x7d</size>
         <input_file_ref idref="fl-13d"/>
      </object_component>
      <object_component id="oc-7d">
         <name>.debug_line</name>
         <load_address>0x1cd3</load_address>
         <run_address>0x1cd3</run_address>
         <size>0x73</size>
         <input_file_ref idref="fl-13d"/>
      </object_component>
      <object_component id="oc-cd">
         <name>.debug_line</name>
         <load_address>0x1d46</load_address>
         <run_address>0x1d46</run_address>
         <size>0xb8</size>
         <input_file_ref idref="fl-13d"/>
      </object_component>
      <object_component id="oc-8e">
         <name>.debug_line</name>
         <load_address>0x1dfe</load_address>
         <run_address>0x1dfe</run_address>
         <size>0x116</size>
         <input_file_ref idref="fl-13d"/>
      </object_component>
      <object_component id="oc-1c2">
         <name>.debug_line</name>
         <load_address>0x1f14</load_address>
         <run_address>0x1f14</run_address>
         <size>0x52</size>
         <input_file_ref idref="fl-13e"/>
      </object_component>
      <object_component id="oc-1c0">
         <name>.debug_line</name>
         <load_address>0x1f66</load_address>
         <run_address>0x1f66</run_address>
         <size>0x58</size>
         <input_file_ref idref="fl-13e"/>
      </object_component>
      <object_component id="oc-d5">
         <name>.debug_line</name>
         <load_address>0x1fbe</load_address>
         <run_address>0x1fbe</run_address>
         <size>0x6e</size>
         <input_file_ref idref="fl-13e"/>
      </object_component>
      <object_component id="oc-97">
         <name>.debug_line</name>
         <load_address>0x202c</load_address>
         <run_address>0x202c</run_address>
         <size>0x96</size>
         <input_file_ref idref="fl-13e"/>
      </object_component>
      <object_component id="oc-1a6">
         <name>.debug_line</name>
         <load_address>0x20c2</load_address>
         <run_address>0x20c2</run_address>
         <size>0x58</size>
         <input_file_ref idref="fl-13f"/>
      </object_component>
      <object_component id="oc-1a4">
         <name>.debug_line</name>
         <load_address>0x211a</load_address>
         <run_address>0x211a</run_address>
         <size>0x53</size>
         <input_file_ref idref="fl-13f"/>
      </object_component>
      <object_component id="oc-a7">
         <name>.debug_line</name>
         <load_address>0x216d</load_address>
         <run_address>0x216d</run_address>
         <size>0x69</size>
         <input_file_ref idref="fl-13f"/>
      </object_component>
      <object_component id="oc-120">
         <name>.debug_line</name>
         <load_address>0x21d6</load_address>
         <run_address>0x21d6</run_address>
         <size>0x6a</size>
         <input_file_ref idref="fl-13f"/>
      </object_component>
      <object_component id="oc-124">
         <name>.debug_line</name>
         <load_address>0x2240</load_address>
         <run_address>0x2240</run_address>
         <size>0x71</size>
         <input_file_ref idref="fl-13f"/>
      </object_component>
      <object_component id="oc-85">
         <name>.debug_line</name>
         <load_address>0x22b1</load_address>
         <run_address>0x22b1</run_address>
         <size>0x6a</size>
         <input_file_ref idref="fl-13f"/>
      </object_component>
      <object_component id="oc-d2">
         <name>.debug_line</name>
         <load_address>0x231b</load_address>
         <run_address>0x231b</run_address>
         <size>0x6a</size>
         <input_file_ref idref="fl-13f"/>
      </object_component>
      <object_component id="oc-162">
         <name>.debug_line</name>
         <load_address>0x2385</load_address>
         <run_address>0x2385</run_address>
         <size>0x6a</size>
         <input_file_ref idref="fl-13f"/>
      </object_component>
      <object_component id="oc-166">
         <name>.debug_line</name>
         <load_address>0x23ef</load_address>
         <run_address>0x23ef</run_address>
         <size>0x69</size>
         <input_file_ref idref="fl-13f"/>
      </object_component>
      <object_component id="oc-a3">
         <name>.debug_line</name>
         <load_address>0x2458</load_address>
         <run_address>0x2458</run_address>
         <size>0x69</size>
         <input_file_ref idref="fl-13f"/>
      </object_component>
      <object_component id="oc-ca">
         <name>.debug_line</name>
         <load_address>0x24c1</load_address>
         <run_address>0x24c1</run_address>
         <size>0x69</size>
         <input_file_ref idref="fl-13f"/>
      </object_component>
      <object_component id="oc-81">
         <name>.debug_line</name>
         <load_address>0x252a</load_address>
         <run_address>0x252a</run_address>
         <size>0x75</size>
         <input_file_ref idref="fl-13f"/>
      </object_component>
      <object_component id="oc-9f">
         <name>.debug_line</name>
         <load_address>0x259f</load_address>
         <run_address>0x259f</run_address>
         <size>0x6b</size>
         <input_file_ref idref="fl-13f"/>
      </object_component>
      <object_component id="oc-172">
         <name>.debug_line</name>
         <load_address>0x260a</load_address>
         <run_address>0x260a</run_address>
         <size>0x69</size>
         <input_file_ref idref="fl-140"/>
      </object_component>
      <object_component id="oc-c7">
         <name>.debug_frame</name>
         <load_address>0x0</load_address>
         <run_address>0x0</run_address>
         <size>0xa3</size>
         <input_file_ref idref="fl-2"/>
      </object_component>
      <object_component id="oc-2b">
         <name>.debug_frame</name>
         <load_address>0xa3</load_address>
         <run_address>0xa3</run_address>
         <size>0xb2</size>
         <input_file_ref idref="fl-3"/>
      </object_component>
      <object_component id="oc-34">
         <name>.debug_frame</name>
         <load_address>0x155</load_address>
         <run_address>0x155</run_address>
         <size>0x133</size>
         <input_file_ref idref="fl-4"/>
      </object_component>
      <object_component id="oc-88">
         <name>.debug_frame</name>
         <load_address>0x288</load_address>
         <run_address>0x288</run_address>
         <size>0x142</size>
         <input_file_ref idref="fl-5"/>
      </object_component>
      <object_component id="oc-14">
         <name>.debug_frame</name>
         <load_address>0x3ca</load_address>
         <run_address>0x3ca</run_address>
         <size>0x7f</size>
         <input_file_ref idref="fl-12e"/>
      </object_component>
      <object_component id="oc-49">
         <name>.debug_frame</name>
         <load_address>0x449</load_address>
         <run_address>0x449</run_address>
         <size>0x8e</size>
         <input_file_ref idref="fl-12f"/>
      </object_component>
      <object_component id="oc-1c">
         <name>.debug_frame</name>
         <load_address>0x4d7</load_address>
         <run_address>0x4d7</run_address>
         <size>0x7f</size>
         <input_file_ref idref="fl-12f"/>
      </object_component>
      <object_component id="oc-20">
         <name>.debug_frame</name>
         <load_address>0x556</load_address>
         <run_address>0x556</run_address>
         <size>0x7f</size>
         <input_file_ref idref="fl-130"/>
      </object_component>
      <object_component id="oc-75">
         <name>.debug_frame</name>
         <load_address>0x5d5</load_address>
         <run_address>0x5d5</run_address>
         <size>0xb3</size>
         <input_file_ref idref="fl-131"/>
      </object_component>
      <object_component id="oc-63">
         <name>.debug_frame</name>
         <load_address>0x688</load_address>
         <run_address>0x688</run_address>
         <size>0x7f</size>
         <input_file_ref idref="fl-134"/>
      </object_component>
      <object_component id="oc-194">
         <name>.debug_frame</name>
         <load_address>0x707</load_address>
         <run_address>0x707</run_address>
         <size>0xa1</size>
         <input_file_ref idref="fl-137"/>
      </object_component>
      <object_component id="oc-6f">
         <name>.debug_frame</name>
         <load_address>0x7a8</load_address>
         <run_address>0x7a8</run_address>
         <size>0x7f</size>
         <input_file_ref idref="fl-138"/>
      </object_component>
      <object_component id="oc-68">
         <name>.debug_frame</name>
         <load_address>0x827</load_address>
         <run_address>0x827</run_address>
         <size>0x8a</size>
         <input_file_ref idref="fl-139"/>
      </object_component>
      <object_component id="oc-102">
         <name>.debug_frame</name>
         <load_address>0x8b1</load_address>
         <run_address>0x8b1</run_address>
         <size>0x8e</size>
         <input_file_ref idref="fl-13a"/>
      </object_component>
      <object_component id="oc-1b5">
         <name>.debug_frame</name>
         <load_address>0x93f</load_address>
         <run_address>0x93f</run_address>
         <size>0x7f</size>
         <input_file_ref idref="fl-13b"/>
      </object_component>
      <object_component id="oc-b5">
         <name>.debug_frame</name>
         <load_address>0x9be</load_address>
         <run_address>0x9be</run_address>
         <size>0x8e</size>
         <input_file_ref idref="fl-13c"/>
      </object_component>
      <object_component id="oc-9c">
         <name>.debug_frame</name>
         <load_address>0xa4c</load_address>
         <run_address>0xa4c</run_address>
         <size>0x8e</size>
         <input_file_ref idref="fl-13c"/>
      </object_component>
      <object_component id="oc-b9">
         <name>.debug_frame</name>
         <load_address>0xada</load_address>
         <run_address>0xada</run_address>
         <size>0x8e</size>
         <input_file_ref idref="fl-13c"/>
      </object_component>
      <object_component id="oc-12e">
         <name>.debug_frame</name>
         <load_address>0xb68</load_address>
         <run_address>0xb68</run_address>
         <size>0x8e</size>
         <input_file_ref idref="fl-13c"/>
      </object_component>
      <object_component id="oc-14b">
         <name>.debug_frame</name>
         <load_address>0xbf6</load_address>
         <run_address>0xbf6</run_address>
         <size>0x8e</size>
         <input_file_ref idref="fl-13c"/>
      </object_component>
      <object_component id="oc-94">
         <name>.debug_frame</name>
         <load_address>0xc84</load_address>
         <run_address>0xc84</run_address>
         <size>0x9a</size>
         <input_file_ref idref="fl-13c"/>
      </object_component>
      <object_component id="oc-c1">
         <name>.debug_frame</name>
         <load_address>0xd1e</load_address>
         <run_address>0xd1e</run_address>
         <size>0x8e</size>
         <input_file_ref idref="fl-13c"/>
      </object_component>
      <object_component id="oc-b1">
         <name>.debug_frame</name>
         <load_address>0xdac</load_address>
         <run_address>0xdac</run_address>
         <size>0x8e</size>
         <input_file_ref idref="fl-13c"/>
      </object_component>
      <object_component id="oc-bd">
         <name>.debug_frame</name>
         <load_address>0xe3a</load_address>
         <run_address>0xe3a</run_address>
         <size>0x8e</size>
         <input_file_ref idref="fl-13c"/>
      </object_component>
      <object_component id="oc-132">
         <name>.debug_frame</name>
         <load_address>0xec8</load_address>
         <run_address>0xec8</run_address>
         <size>0x8e</size>
         <input_file_ref idref="fl-13c"/>
      </object_component>
      <object_component id="oc-ad">
         <name>.debug_frame</name>
         <load_address>0xf56</load_address>
         <run_address>0xf56</run_address>
         <size>0x8e</size>
         <input_file_ref idref="fl-13c"/>
      </object_component>
      <object_component id="oc-12a">
         <name>.debug_frame</name>
         <load_address>0xfe4</load_address>
         <run_address>0xfe4</run_address>
         <size>0x8e</size>
         <input_file_ref idref="fl-13d"/>
      </object_component>
      <object_component id="oc-7e">
         <name>.debug_frame</name>
         <load_address>0x1072</load_address>
         <run_address>0x1072</run_address>
         <size>0x8e</size>
         <input_file_ref idref="fl-13d"/>
      </object_component>
      <object_component id="oc-ce">
         <name>.debug_frame</name>
         <load_address>0x1100</load_address>
         <run_address>0x1100</run_address>
         <size>0x9f</size>
         <input_file_ref idref="fl-13d"/>
      </object_component>
      <object_component id="oc-8f">
         <name>.debug_frame</name>
         <load_address>0x119f</load_address>
         <run_address>0x119f</run_address>
         <size>0x9f</size>
         <input_file_ref idref="fl-13d"/>
      </object_component>
      <object_component id="oc-d7">
         <name>.debug_frame</name>
         <load_address>0x123e</load_address>
         <run_address>0x123e</run_address>
         <size>0x96</size>
         <input_file_ref idref="fl-13e"/>
      </object_component>
      <object_component id="oc-98">
         <name>.debug_frame</name>
         <load_address>0x12d4</load_address>
         <run_address>0x12d4</run_address>
         <size>0x8e</size>
         <input_file_ref idref="fl-13e"/>
      </object_component>
      <object_component id="oc-a8">
         <name>.debug_frame</name>
         <load_address>0x1362</load_address>
         <run_address>0x1362</run_address>
         <size>0x8e</size>
         <input_file_ref idref="fl-13f"/>
      </object_component>
      <object_component id="oc-121">
         <name>.debug_frame</name>
         <load_address>0x13f0</load_address>
         <run_address>0x13f0</run_address>
         <size>0x8e</size>
         <input_file_ref idref="fl-13f"/>
      </object_component>
      <object_component id="oc-125">
         <name>.debug_frame</name>
         <load_address>0x147e</load_address>
         <run_address>0x147e</run_address>
         <size>0x97</size>
         <input_file_ref idref="fl-13f"/>
      </object_component>
      <object_component id="oc-86">
         <name>.debug_frame</name>
         <load_address>0x1515</load_address>
         <run_address>0x1515</run_address>
         <size>0x96</size>
         <input_file_ref idref="fl-13f"/>
      </object_component>
      <object_component id="oc-d3">
         <name>.debug_frame</name>
         <load_address>0x15ab</load_address>
         <run_address>0x15ab</run_address>
         <size>0x96</size>
         <input_file_ref idref="fl-13f"/>
      </object_component>
      <object_component id="oc-163">
         <name>.debug_frame</name>
         <load_address>0x1641</load_address>
         <run_address>0x1641</run_address>
         <size>0x96</size>
         <input_file_ref idref="fl-13f"/>
      </object_component>
      <object_component id="oc-167">
         <name>.debug_frame</name>
         <load_address>0x16d7</load_address>
         <run_address>0x16d7</run_address>
         <size>0x8e</size>
         <input_file_ref idref="fl-13f"/>
      </object_component>
      <object_component id="oc-a4">
         <name>.debug_frame</name>
         <load_address>0x1765</load_address>
         <run_address>0x1765</run_address>
         <size>0x8e</size>
         <input_file_ref idref="fl-13f"/>
      </object_component>
      <object_component id="oc-cb">
         <name>.debug_frame</name>
         <load_address>0x17f3</load_address>
         <run_address>0x17f3</run_address>
         <size>0x8e</size>
         <input_file_ref idref="fl-13f"/>
      </object_component>
      <object_component id="oc-82">
         <name>.debug_frame</name>
         <load_address>0x1881</load_address>
         <run_address>0x1881</run_address>
         <size>0x96</size>
         <input_file_ref idref="fl-13f"/>
      </object_component>
      <object_component id="oc-a0">
         <name>.debug_frame</name>
         <load_address>0x1917</load_address>
         <run_address>0x1917</run_address>
         <size>0x8e</size>
         <input_file_ref idref="fl-13f"/>
      </object_component>
      <object_component id="oc-173">
         <name>.debug_frame</name>
         <load_address>0x19a5</load_address>
[...]
            <object_component_ref idref="oc-4e"/>
            <object_component_ref idref="oc-f5"/>
            <object_component_ref idref="oc-59"/>
            <object_component_ref idref="oc-10f"/>
            <object_component_ref idref="oc-19a"/>
            <object_component_ref idref="oc-18d"/>
            <object_component_ref idref="oc-181"/>
            <object_component_ref idref="oc-186"/>
            <object_component_ref idref="oc-1cd"/>
         </contents>
      </logical_group>
      <load_segment id="lg-201" display="no" color="cyan">
         <name>SEGMENT_0</name>
         <load_address>0x0</load_address>
         <run_address>0x0</run_address>
         <size>0x1798</size>
         <flags>0x5</flags>
         <contents>
            <logical_group_ref idref="lg-3"/>
            <logical_group_ref idref="lg-4"/>
            <logical_group_ref idref="lg-5"/>
            <logical_group_ref idref="lg-6"/>
         </contents>
      </load_segment>
      <load_segment id="lg-202" display="no" color="cyan">
         <name>SEGMENT_1</name>
         <run_address>0x20000000</run_address>
         <size>0x224</size>
         <flags>0x6</flags>
         <contents>
            <logical_group_ref idref="lg-d"/>
            <logical_group_ref idref="lg-a"/>
            <logical_group_ref idref="lg-b"/>
         </contents>
      </load_segment>
   </logical_group_list>
   <placement_map>
      <memory_area display="yes" color="green">
         <name>FLASH</name>
         <page_id>0x0</page_id>
         <origin>0x0</origin>
         <length>0x40000</length>
         <used_space>0x1792</used_space>
         <unused_space>0x3e86e</unused_space>
         <attributes>RX</attributes>
         <usage_details>
            <allocated_space>
               <start_address>0x0</start_address>
               <size>0x26c</size>
               <logical_group_ref idref="lg-3"/>
            </allocated_space>
            <allocated_space>
               <start_address>0x26c</start_address>
               <size>0x131a</size>
               <logical_group_ref idref="lg-4"/>
            </allocated_space>
            <available_space>
               <start_address>0x1586</start_address>
               <size>0x2</size>
            </available_space>
            <allocated_space>
               <start_address>0x1588</start_address>
               <size>0x1d4</size>
               <logical_group_ref idref="lg-5"/>
            </allocated_space>
            <available_space>
               <start_address>0x175c</start_address>
               <size>0x4</size>
            </available_space>
            <allocated_space>
               <start_address>0x1760</start_address>
               <size>0x38</size>
               <logical_group_ref idref="lg-6"/>
            </allocated_space>
            <available_space>
               <start_address>0x1798</start_address>
               <size>0x3e868</size>
            </available_space>
         </usage_details>
      </memory_area>
      <memory_area display="yes" color="green">
         <name>SRAM</name>
         <page_id>0x0</page_id>
         <origin>0x20000000</origin>
         <length>0x8000</length>
         <used_space>0x224</used_space>
         <unused_space>0x7ddc</unused_space>
         <attributes>RWX</attributes>
         <usage_details>
            <allocated_space>
               <start_address>0x20000000</start_address>
               <size>0x200</size>
               <logical_group_ref idref="lg-d"/>
            </allocated_space>
            <allocated_space>
               <start_address>0x20000200</start_address>
               <size>0x1c</size>
               <logical_group_ref idref="lg-1d7"/>
            </allocated_space>
            <allocated_space>
               <start_address>0x2000021c</start_address>
               <size>0x8</size>
               <logical_group_ref idref="lg-1d5"/>
            </allocated_space>
            <available_space>
               <start_address>0x20000224</start_address>
               <size>0x7ddc</size>
            </available_space>
         </usage_details>
      </memory_area>
   </placement_map>
   <cptbl_list>
      <cptbl>
         <name>__TI_cinit_table</name>
         <cprec>
            <name>.data</name>
            <load_address>0x1760</load_address>
            <load_size>0xf</load_size>
            <run_address>0x20000200</run_address>
            <run_size>0x1c</run_size>
            <compression>rle</compression>
         </cprec>
         <cprec>
            <name>.bss</name>
            <load_address>0x1780</load_address>
            <load_size>0x8</load_size>
            <run_address>0x2000021c</run_address>
            <run_size>0x8</run_size>
            <compression>zero_init</compression>
         </cprec>
      </cptbl>
   </cptbl_list>
   <handler_table>
      <handler_table_name>__TI_handler_table</handler_table_name>
      <handler>
         <index>0x0</index>
         <name>__TI_decompress_rle24</name>
      </handler>
      <handler>
         <index>0x1</index>
         <name>__TI_decompress_none</name>
      </handler>
      <handler>
         <index>0x2</index>
         <name>__TI_zero_init</name>
      </handler>
   </handler_table>
   <symbol_table>
      <symbol id="sm-1">
         <name>__STACK_TOP</name>
         <value>0x20000200</value>
      </symbol>
      <symbol id="sm-2">
         <name>__TI_CINIT_Base</name>
         <value>0x1788</value>
      </symbol>
      <symbol id="sm-3">
         <name>__TI_CINIT_Limit</name>
         <value>0x1798</value>
      </symbol>
      <symbol id="sm-4">
         <name>__TI_Handler_Table_Base</name>
         <value>0x1770</value>
      </symbol>
      <symbol id="sm-5">
         <name>__TI_Handler_Table_Limit</name>
         <value>0x177c</value>
      </symbol>
      <symbol id="sm-6">
         <name>binit</name>
         <value>0xffffffff</value>
      </symbol>
      <symbol id="sm-7">
         <name>__binit__</name>
         <value>0xffffffff</value>
      </symbol>
      <symbol id="sm-8">
         <name>__STACK_SIZE</name>
         <value>0x200</value>
      </symbol>
      <symbol id="sm-9">
         <name>__STACK_END</name>
         <value>0x20000200</value>
      </symbol>
      <symbol id="sm-a">
         <name>__c_args__</name>
         <value>0xffffffff</value>
      </symbol>
      <symbol id="sm-4d">
         <name>initPorts</name>
         <value>0xe2d</value>
         <object_component_ref idref="oc-c2"/>
      </symbol>
      <symbol id="sm-4e">
         <name>getKey</name>
         <value>0xe4d</value>
         <object_component_ref idref="oc-c2"/>
      </symbol>
      <symbol id="sm-6f">
         <name>ResetISR</name>
         <value>0x151b</value>
         <object_component_ref idref="oc-2a"/>
      </symbol>
      <symbol id="sm-70">
         <name>g_pfnVectors</name>
         <value>0x0</value>
         <object_component_ref idref="oc-f"/>
      </symbol>
      <symbol id="sm-a4">
         <name>key_get</name>
         <value>0x20000220</value>
      </symbol>
      <symbol id="sm-a5">
         <name>dataFromUart</name>
         <value>0x2000021c</value>
      </symbol>
      <symbol id="sm-a6">
         <name>GPIOIntHandler</name>
         <value>0x853</value>
         <object_component_ref idref="oc-30"/>
      </symbol>
      <symbol id="sm-a7">
         <name>initIntPortD</name>
         <value>0x781</value>
         <object_component_ref idref="oc-30"/>
      </symbol>
      <symbol id="sm-a8">
         <name>InitUARTComm</name>
         <value>0x73d</value>
         <object_component_ref idref="oc-30"/>
      </symbol>
      <symbol id="sm-a9">
         <name>UARTIntHandler</name>
         <value>0x7ef</value>
         <object_component_ref idref="oc-30"/>
      </symbol>
      <symbol id="sm-aa">
         <name>main</name>
         <value>0x891</value>
         <object_component_ref idref="oc-30"/>
      </symbol>
      <symbol id="sm-ab">
         <name>InitConsole</name>
         <value>0x715</value>
         <object_component_ref idref="oc-30"/>
      </symbol>
      <symbol id="sm-ac">
         <name>blinkled</name>
         <value>0x79d</value>
         <object_component_ref idref="oc-30"/>
      </symbol>
      <symbol id="sm-ad">
         <name>sendDataUART</name>
         <value>0x7c3</value>
         <object_component_ref idref="oc-30"/>
      </symbol>
      <symbol id="sm-118">
         <name>UARTgetc</name>
         <value>0x3dd</value>
         <object_component_ref idref="oc-87"/>
      </symbol>
      <symbol id="sm-119">
         <name>UARTgets</name>
         <value>0x325</value>
         <object_component_ref idref="oc-87"/>
      </symbol>
      <symbol id="sm-11a">
         <name>UARTStdioConfig</name>
         <value>0x26d</value>
         <object_component_ref idref="oc-87"/>
      </symbol>
      <symbol id="sm-11b">
         <name>UARTStdioInit</name>
         <value>0x2b3</value>
         <object_component_ref idref="oc-87"/>
      </symbol>
      <symbol id="sm-11c">
         <name>UARTStdioInitExpClk</name>
         <value>0x2c9</value>
         <object_component_ref idref="oc-87"/>
      </symbol>
      <symbol id="sm-11d">
         <name>UARTwrite</name>
         <value>0x2df</value>
         <object_component_ref idref="oc-87"/>
      </symbol>
      <symbol id="sm-11e">
         <name>UARTprintf</name>
         <value>0x405</value>
         <object_component_ref idref="oc-87"/>
      </symbol>
      <symbol id="sm-130">
         <name>_c_int00</name>
         <value>0x1211</value>
         <object_component_ref idref="oc-24"/>
      </symbol>
      <symbol id="sm-131">
         <name>__stack</name>
         <value>0x20000000</value>
         <object_component_ref idref="oc-29"/>
      </symbol>
      <symbol id="sm-148">
         <name>__TI_decompress_none</name>
         <value>0x14dd</value>
         <object_component_ref idref="oc-12"/>
      </symbol>
      <symbol id="sm-170">
         <name>__TI_decompress_rle24</name>
         <value>0x1579</value>
         <object_component_ref idref="oc-18"/>
      </symbol>
      <symbol id="sm-182">
         <name>__TI_zero_init</name>
         <value>0x150f</value>
         <object_component_ref idref="oc-1e"/>
      </symbol>
      <symbol id="sm-1a1">
         <name>C$$EXIT</name>
         <value>0x1339</value>
         <object_component_ref idref="oc-70"/>
      </symbol>
      <symbol id="sm-1a2">
         <name>abort</name>
         <value>0x133d</value>
         <object_component_ref idref="oc-70"/>
      </symbol>
      <symbol id="sm-1a3">
         <name>exit</name>
         <value>0x1345</value>
         <object_component_ref idref="oc-70"/>
      </symbol>
      <symbol id="sm-1a4">
         <name>__TI_dtors_ptr</name>
         <value>0x2000020c</value>
         <object_component_ref idref="oc-10a"/>
      </symbol>
      <symbol id="sm-1a5">
         <name>__TI_cleanup_ptr</name>
         <value>0x20000208</value>
         <object_component_ref idref="oc-10a"/>
      </symbol>
      <symbol id="sm-1c0">
         <name>memcpy</name>
         <value>0xeed</value>
         <object_component_ref idref="oc-39"/>
      </symbol>
      <symbol id="sm-1c1">
         <name>__aeabi_memcpy</name>
         <value>0xeed</value>
         <object_component_ref idref="oc-39"/>
      </symbol>
      <symbol id="sm-1c2">
         <name>__aeabi_memcpy8</name>
         <value>0xeed</value>
         <object_component_ref idref="oc-39"/>
      </symbol>
      <symbol id="sm-1c3">
         <name>__aeabi_memcpy4</name>
         <value>0xeed</value>
         <object_component_ref idref="oc-39"/>
      </symbol>
      <symbol id="sm-1d2">
         <name>__aeabi_memset</name>
         <value>0xf8b</value>
         <object_component_ref idref="oc-52"/>
      </symbol>
      <symbol id="sm-1d3">
         <name>memset</name>
         <value>0xf91</value>
         <object_component_ref idref="oc-52"/>
      </symbol>
      <symbol id="sm-1d4">
         <name>__aeabi_memset8</name>
         <value>0xf8b</value>
         <object_component_ref idref="oc-52"/>
      </symbol>
      <symbol id="sm-1d5">
         <name>__aeabi_memset4</name>
         <value>0xf8b</value>
         <object_component_ref idref="oc-52"/>
      </symbol>
      <symbol id="sm-1d6">
         <name>__aeabi_memclr8</name>
         <value>0xf89</value>
         <object_component_ref idref="oc-52"/>
      </symbol>
      <symbol id="sm-1d7">
         <name>__aeabi_memclr4</name>
         <value>0xf89</value>
         <object_component_ref idref="oc-52"/>
      </symbol>
      <symbol id="sm-1d8">
         <name>__aeabi_memclr</name>
         <value>0xf89</value>
         <object_component_ref idref="oc-52"/>
      </symbol>
      <symbol id="sm-1e2">
         <name>_system_pre_init</name>
         <value>0x1583</value>
         <object_component_ref idref="oc-5e"/>
      </symbol>
      <symbol id="sm-1ea">
         <name>main_func_sp</name>
         <value>0x20000218</value>
         <object_component_ref idref="oc-76"/>
      </symbol>
      <symbol id="sm-1fc">
         <name>__aeabi_uidivmod</name>
         <value>0x13bf</value>
         <object_component_ref idref="oc-139"/>
      </symbol>
      <symbol id="sm-1fd">
         <name>__aeabi_uidiv</name>
         <value>0x13bf</value>
         <object_component_ref idref="oc-139"/>
      </symbol>
      <symbol id="sm-216">
         <name>_nop</name>
         <value>0x1483</value>
         <object_component_ref idref="oc-191"/>
      </symbol>
      <symbol id="sm-217">
         <name>_lock</name>
         <value>0x20000200</value>
         <object_component_ref idref="oc-107"/>
      </symbol>
      <symbol id="sm-218">
         <name>_unlock</name>
         <value>0x20000204</value>
         <object_component_ref idref="oc-107"/>
      </symbol>
      <symbol id="sm-219">
         <name>_register_lock</name>
         <value>0x147b</value>
         <object_component_ref idref="oc-191"/>
      </symbol>
      <symbol id="sm-21a">
         <name>_register_unlock</name>
         <value>0x1475</value>
         <object_component_ref idref="oc-191"/>
      </symbol>
      <symbol id="sm-22f">
         <name>_args_main</name>
         <value>0x1449</value>
         <object_component_ref idref="oc-6a"/>
      </symbol>
      <symbol id="sm-255">
         <name>__TI_auto_init</name>
         <value>0x107d</value>
         <object_component_ref idref="oc-64"/>
      </symbol>
      <symbol id="sm-26f">
         <name>copy_in</name>
         <value>0x1261</value>
         <object_component_ref idref="oc-fd"/>
      </symbol>
      <symbol id="sm-279">
         <name>__aeabi_idiv0</name>
         <value>0x1003</value>
         <object_component_ref idref="oc-1b1"/>
      </symbol>
      <symbol id="sm-2d9">
         <name>UARTConfigSetExpClk</name>
         <value>0x137d</value>
         <object_component_ref idref="oc-91"/>
      </symbol>
      <symbol id="sm-2da">
         <name>UARTDisable</name>
         <value>0x142d</value>
         <object_component_ref idref="oc-148"/>
      </symbol>
      <symbol id="sm-2db">
         <name>UARTBusy</name>
         <value>0x1563</value>
         <object_component_ref idref="oc-aa"/>
      </symbol>
      <symbol id="sm-2dc">
         <name>UARTIntEnable</name>
         <value>0x156b</value>
         <object_component_ref idref="oc-99"/>
      </symbol>
      <symbol id="sm-2dd">
         <name>UARTCharsAvail</name>
         <value>0x1503</value>
         <object_component_ref idref="oc-be"/>
      </symbol>
      <symbol id="sm-2de">
         <name>UARTCharGetNonBlocking</name>
         <value>0x14bf</value>
         <object_component_ref idref="oc-ba"/>
      </symbol>
      <symbol id="sm-2df">
         <name>UARTCharPut</name>
         <value>0x154f</value>
         <object_component_ref idref="oc-ae"/>
      </symbol>
      <symbol id="sm-2e0">
         <name>UARTEnable</name>
         <value>0x1461</value>
         <object_component_ref idref="oc-12b"/>
      </symbol>
      <symbol id="sm-2e1">
         <name>UARTIntClear</name>
         <value>0x157f</value>
         <object_component_ref idref="oc-b6"/>
      </symbol>
      <symbol id="sm-2e2">
         <name>UARTIntStatus</name>
         <value>0x1559</value>
         <object_component_ref idref="oc-b2"/>
      </symbol>
      <symbol id="sm-2e3">
         <name>UARTCharGet</name>
         <value>0x1545</value>
         <object_component_ref idref="oc-12f"/>
      </symbol>
      <symbol id="sm-366">
         <name>SysCtlPeripheralPresent</name>
         <value>0x1005</value>
         <object_component_ref idref="oc-127"/>
      </symbol>
      <symbol id="sm-367">
         <name>SysCtlClockSet</name>
         <value>0xc29</value>
         <object_component_ref idref="oc-cc"/>
      </symbol>
      <symbol id="sm-368">
         <name>SysCtlDelay</name>
         <value>0x1573</value>
         <object_component_ref idref="oc-a9"/>
      </symbol>
      <symbol id="sm-369">
         <name>SysCtlPeripheralEnable</name>
         <value>0x11b9</value>
         <object_component_ref idref="oc-7b"/>
      </symbol>
      <symbol id="sm-36a">
         <name>SysCtlClockGet</name>
         <value>0xa51</value>
         <object_component_ref idref="oc-8d"/>
      </symbol>
      <symbol id="sm-392">
         <name>IntEnable</name>
         <value>0x1155</value>
         <object_component_ref idref="oc-95"/>
      </symbol>
      <symbol id="sm-393">
         <name>IntMasterEnable</name>
         <value>0x153b</value>
         <object_component_ref idref="oc-d4"/>
      </symbol>
      <symbol id="sm-401">
         <name>GPIOPinConfigure</name>
         <value>0x12ad</value>
         <object_component_ref idref="oc-7f"/>
      </symbol>
      <symbol id="sm-402">
         <name>GPIOPinIntDisable</name>
         <value>0x14cf</value>
         <object_component_ref idref="oc-c8"/>
      </symbol>
      <symbol id="sm-403">
         <name>GPIOIntTypeSet</name>
         <value>0x12f5</value>
         <object_component_ref idref="oc-9d"/>
      </symbol>
      <symbol id="sm-404">
         <name>GPIOPinTypeGPIOInput</name>
         <value>0x1489</value>
         <object_component_ref idref="oc-160"/>
      </symbol>
      <symbol id="sm-405">
         <name>GPIOPinIntEnable</name>
         <value>0x14f7</value>
         <object_component_ref idref="oc-a1"/>
      </symbol>
      <symbol id="sm-406">
         <name>GPIOPinTypeUART</name>
         <value>0x14ad</value>
         <object_component_ref idref="oc-83"/>
      </symbol>
      <symbol id="sm-407">
         <name>GPIOPinTypeGPIOOutput</name>
         <value>0x149b</value>
         <object_component_ref idref="oc-d0"/>
      </symbol>
      <symbol id="sm-408">
         <name>GPIOPinRead</name>
         <value>0x1527</value>
         <object_component_ref idref="oc-164"/>
      </symbol>
      <symbol id="sm-409">
         <name>GPIODirModeSet</name>
         <value>0x13ff</value>
         <object_component_ref idref="oc-11e"/>
      </symbol>
      <symbol id="sm-40a">
         <name>GPIOPinWrite</name>
         <value>0x1531</value>
         <object_component_ref idref="oc-a5"/>
      </symbol>
      <symbol id="sm-40b">
         <name>GPIOPadConfigSet</name>
         <value>0xd65</value>
         <object_component_ref idref="oc-122"/>
      </symbol>
      <symbol id="sm-413">
         <name>CPUcpsie</name>
         <value>0x14eb</value>
         <object_component_ref idref="oc-170"/>
      </symbol>
      <symbol id="sm-414">
         <name>__TI_static_base__</name>
         <value>0x0</value>
      </symbol>
      <symbol id="sm-417">
         <name>SHT$$INIT_ARRAY$$Limit</name>
         <value>0x0</value>
      </symbol>
      <symbol id="sm-418">
         <name>SHT$$INIT_ARRAY$$Base</name>
         <value>0x0</value>
      </symbol>
   </symbol_table>
   <title>Link successful</title>
</link_info>
