******************************************************************************
                  TI ARM Linker PC v5.2.5                      
******************************************************************************
>> Linked Sun Apr 03 17:39:12 2016

OUTPUT FILE NAME:   <keyboardMatrixTest.out>
ENTRY POINT SYMBOL: "_c_int00"  address: 00001211


MEMORY CONFIGURATION

         name            origin    length      used     unused   attr    fill
----------------------  --------  ---------  --------  --------  ----  --------
  FLASH                 00000000   00040000  00001792  0003e86e  R  X
  SRAM                  20000000   00008000  00000224  00007ddc  RW X


SEGMENT ALLOCATION MAP

run origin  load origin   length   init length attrs members
----------  ----------- ---------- ----------- ----- -------
00000000    00000000    00001798   00001798    r-x
  00000000    00000000    0000026c   0000026c    r-- .intvecs
  0000026c    0000026c    0000131a   0000131a    r-x .text
  00001588    00001588    000001d4   000001d4    r-- .const
  00001760    00001760    00000038   00000038    r-- .cinit
20000000    20000000    00000224   00000000    rw-
  20000000    20000000    00000200   00000000    rw- .stack
  20000200    20000200    0000001c   00000000    rw- .data
  2000021c    2000021c    00000008   00000000    rw- .bss


SECTION ALLOCATION MAP

 output                                  attributes/
section   page    origin      length       input sections
--------  ----  ----------  ----------   ----------------
.intvecs   0    00000000    0000026c     
                  00000000    0000026c     lm4f120h5qr_startup_ccs.obj (.intvecs)

.text      0    0000026c    0000131a     
                  0000026c    000004a8     uartstdio.obj (.text)
                  00000714    0000033c     main.obj (.text)
                  00000a50    000001d8     driverlib-cm4f.lib : sysctl.obj (.text:SysCtlClockGet)
                  00000c28    0000013c                        : sysctl.obj (.text:SysCtlClockSet)
                  00000d64    000000c8                        : gpio.obj (.text:GPIOPadConfigSet)
                  00000e2c    000000c0     keypad.obj (.text)
                  00000eec    0000009c     rtsv7M4_T_le_v4SPD16_eabi.lib : memcpy_t2.obj (.text)
                  00000f88    0000007a                                   : memset_t2.obj (.text)
                  00001002    00000002                                   : i_div0.obj (.text)
                  00001004    00000078     driverlib-cm4f.lib : sysctl.obj (.text:SysCtlPeripheralPresent)
                  0000107c    0000006c     rtsv7M4_T_le_v4SPD16_eabi.lib : autoinit.obj (.text)
                  000010e8    0000006a                                   : copy_decompress_rle.obj (.text)
                  00001152    00000002     --HOLE-- [fill = 0]
                  00001154    00000064     driverlib-cm4f.lib : interrupt.obj (.text:IntEnable)
                  000011b8    00000058                        : sysctl.obj (.text:SysCtlPeripheralEnable)
                  00001210    00000050     rtsv7M4_T_le_v4SPD16_eabi.lib : boot.obj (.text)
                  00001260    0000004c                                   : cpy_tbl.obj (.text)
                  000012ac    00000048     driverlib-cm4f.lib : gpio.obj (.text:GPIOPinConfigure)
                  000012f4    00000044                        : gpio.obj (.text:GPIOIntTypeSet)
                  00001338    00000044     rtsv7M4_T_le_v4SPD16_eabi.lib : exit.obj (.text)
                  0000137c    00000042     driverlib-cm4f.lib : uart.obj (.text:UARTConfigSetExpClk)
                  000013be    00000040     rtsv7M4_T_le_v4SPD16_eabi.lib : u_divt2.obj (.text)
                  000013fe    0000002e     driverlib-cm4f.lib : gpio.obj (.text:GPIODirModeSet)
                  0000142c    0000001c                        : uart.obj (.text:UARTDisable)
                  00001448    00000018     rtsv7M4_T_le_v4SPD16_eabi.lib : args_main.obj (.text)
                  00001460    00000014     driverlib-cm4f.lib : uart.obj (.text:UARTEnable)
                  00001474    00000014     rtsv7M4_T_le_v4SPD16_eabi.lib : _lock.obj (.text)
                  00001488    00000012     driverlib-cm4f.lib : gpio.obj (.text:GPIOPinTypeGPIOInput)
                  0000149a    00000012                        : gpio.obj (.text:GPIOPinTypeGPIOOutput)
                  000014ac    00000012                        : gpio.obj (.text:GPIOPinTypeUART)
                  000014be    00000010                        : uart.obj (.text:UARTCharGetNonBlocking)
                  000014ce    0000000e                        : gpio.obj (.text:GPIOPinIntDisable)
                  000014dc    0000000e     rtsv7M4_T_le_v4SPD16_eabi.lib : copy_decompress_none.obj (.text:decompress:none)
                  000014ea    0000000c     driverlib-cm4f.lib : cpu.obj (.text:CPUcpsie)
                  000014f6    0000000c                        : gpio.obj (.text:GPIOPinIntEnable)
                  00001502    0000000c                        : uart.obj (.text:UARTCharsAvail)
                  0000150e    0000000c     rtsv7M4_T_le_v4SPD16_eabi.lib : copy_zero_init.obj (.text:decompress:ZI)
                  0000151a    0000000c     lm4f120h5qr_startup_ccs.obj (.text)
                  00001526    0000000a     driverlib-cm4f.lib : gpio.obj (.text:GPIOPinRead)
                  00001530    0000000a                        : gpio.obj (.text:GPIOPinWrite)
                  0000153a    0000000a                        : interrupt.obj (.text:IntMasterEnable)
                  00001544    0000000a                        : uart.obj (.text:UARTCharGet)
                  0000154e    0000000a                        : uart.obj (.text:UARTCharPut)
                  00001558    0000000a                        : uart.obj (.text:UARTIntStatus)
                  00001562    00000008                        : uart.obj (.text:UARTBusy)
                  0000156a    00000008                        : uart.obj (.text:UARTIntEnable)
                  00001572    00000006                        : sysctl.obj (.text:SysCtlDelay)
                  00001578    00000006     rtsv7M4_T_le_v4SPD16_eabi.lib : copy_decompress_rle.obj (.text:decompress:rle24)
                  0000157e    00000004     driverlib-cm4f.lib : uart.obj (.text:UARTIntClear)
                  00001582    00000004     rtsv7M4_T_le_v4SPD16_eabi.lib : pre_init.obj (.text)

.const     0    00001588    000001d4     
                  00001588    00000078     driverlib-cm4f.lib : gpio.obj (.const:g_pulGPIOBaseAddrs)
                  00001600    00000070                        : interrupt.obj (.const)
                  00001670    0000006c                        : sysctl.obj (.const:g_pulXtals)
                  000016dc    00000040                        : sysctl.obj (.const)
                  0000171c    0000001c     uartstdio.obj (.const)
                  00001738    00000012     uartstdio.obj (.const:.string)
                  0000174a    00000002     --HOLE-- [fill = 0]
                  0000174c    00000010     keypad.obj (.const)

.cinit     0    00001760    00000038     
                  00001760    0000000f     (.cinit..data.load) [load image, compression = rle]
                  0000176f    00000001     --HOLE-- [fill = 0]
                  00001770    0000000c     (__TI_handler_table)
                  0000177c    00000004     --HOLE-- [fill = 0]
                  00001780    00000008     (.cinit..bss.load) [load image, compression = zero_init]
                  00001788    00000010     (__TI_cinit_table)

.init_array 
*          0    00000000    00000000     UNINITIALIZED

.stack     0    20000000    00000200     UNINITIALIZED
                  20000000    00000200     --HOLE--

.data      0    20000200    0000001c     UNINITIALIZED
                  20000200    00000008     rtsv7M4_T_le_v4SPD16_eabi.lib : _lock.obj (.data)
                  20000208    00000008                                   : exit.obj (.data)
                  20000210    00000005     uartstdio.obj (.data)
                  20000215    00000003     --HOLE--
                  20000218    00000004     rtsv7M4_T_le_v4SPD16_eabi.lib : stkdepth_vars.obj (.data)

.bss       0    2000021c    00000008     UNINITIALIZED
                  2000021c    00000004     (.common:dataFromUart)
                  20000220    00000004     (.common:key_get)

.TI.persistent 
*          0    20000200    00000000     UNINITIALIZED

.TI.noinit 
*          0    2000021c    00000000     UNINITIALIZED


LINKER GENERATED COPY TABLES

__TI_cinit_table @ 00001788 records: 2, size/record: 8, table size: 16
	.data: load addr=00001760, load size=0000000f bytes, run addr=20000200, run size=0000001c bytes, compression=rle
	.bss: load addr=00001780, load size=00000008 bytes, run addr=2000021c, run size=00000008 bytes, compression=zero_init


LINKER GENERATED HANDLER TABLE

__TI_handler_table @ 00001770 records: 3, size/record: 4, table size: 12
	index: 0, handler: __TI_decompress_rle24
	index: 1, handler: __TI_decompress_none
	index: 2, handler: __TI_zero_init


GLOBAL SYMBOLS: SORTED ALPHABETICALLY BY Name 

address   name                    
-------   ----                    
00001339  C$$EXIT                 
000014eb  CPUcpsie                
000013ff  GPIODirModeSet          
00000853  GPIOIntHandler          
000012f5  GPIOIntTypeSet          
00000d65  GPIOPadConfigSet        
000012ad  GPIOPinConfigure        
000014cf  GPIOPinIntDisable       
000014f7  GPIOPinIntEnable        
00001527  GPIOPinRead             
00001489  GPIOPinTypeGPIOInput    
0000149b  GPIOPinTypeGPIOOutput   
000014ad  GPIOPinTypeUART         
00001531  GPIOPinWrite            
00000715  InitConsole             
0000073d  InitUARTComm            
00001155  IntEnable               
0000153b  IntMasterEnable         
0000151b  ResetISR                
UNDEFED   SHT$$INIT_ARRAY$$Base   
UNDEFED   SHT$$INIT_ARRAY$$Limit  
00000a51  SysCtlClockGet          
00000c29  SysCtlClockSet          
00001573  SysCtlDelay             
000011b9  SysCtlPeripheralEnable  
00001005  SysCtlPeripheralPresent 
00001563  UARTBusy                
00001545  UARTCharGet             
000014bf  UARTCharGetNonBlocking  
0000154f  UARTCharPut             
00001503  UARTCharsAvail          
0000137d  UARTConfigSetExpClk     
0000142d  UARTDisable             
00001461  UARTEnable              
0000157f  UARTIntClear            
0000156b  UARTIntEnable           
000007ef  UARTIntHandler          
00001559  UARTIntStatus           
0000026d  UARTStdioConfig         
000002b3  UARTStdioInit           
000002c9  UARTStdioInitExpClk     
000003dd  UARTgetc                
00000325  UARTgets                
00000405  UARTprintf              
000002df  UARTwrite               
20000200  __STACK_END             
00000200  __STACK_SIZE            
20000200  __STACK_TOP             
00001788  __TI_CINIT_Base         
00001798  __TI_CINIT_Limit        
00001770  __TI_Handler_Table_Base 
0000177c  __TI_Handler_Table_Limit
0000107d  __TI_auto_init          
20000208  __TI_cleanup_ptr        
000014dd  __TI_decompress_none    
00001579  __TI_decompress_rle24   
2000020c  __TI_dtors_ptr          
00000000  __TI_static_base__      
0000150f  __TI_zero_init          
00001003  __aeabi_idiv0           
00000f89  __aeabi_memclr          
00000f89  __aeabi_memclr4         
00000f89  __aeabi_memclr8         
00000eed  __aeabi_memcpy          
00000eed  __aeabi_memcpy4         
00000eed  __aeabi_memcpy8         
00000f8b  __aeabi_memset          
00000f8b  __aeabi_memset4         
00000f8b  __aeabi_memset8         
000013bf  __aeabi_uidiv           
000013bf  __aeabi_uidivmod        
ffffffff  __binit__               
ffffffff  __c_args__              
20000000  __stack                 
00001449  _args_main              
00001211  _c_int00                
20000200  _lock                   
00001483  _nop                    
0000147b  _register_lock          
00001475  _register_unlock        
00001583  _system_pre_init        
20000204  _unlock                 
0000133d  abort                   
ffffffff  binit                   
0000079d  blinkled                
00001261  copy_in                 
2000021c  dataFromUart            
00001345  exit                    
00000000  g_pfnVectors            
00000e4d  getKey                  
00000781  initIntPortD            
00000e2d  initPorts               
20000220  key_get                 
00000891  main                    
20000218  main_func_sp            
00000eed  memcpy                  
00000f91  memset                  
000007c3  sendDataUART            


GLOBAL SYMBOLS: SORTED BY Symbol Address 

address   name                    
-------   ----                    
00000000  __TI_static_base__      
00000000  g_pfnVectors            
00000200  __STACK_SIZE            
0000026d  UARTStdioConfig         
000002b3  UARTStdioInit           
000002c9  UARTStdioInitExpClk     
000002df  UARTwrite               
00000325  UARTgets                
000003dd  UARTgetc                
00000405  UARTprintf              
00000715  InitConsole             
0000073d  InitUARTComm            
00000781  initIntPortD            
0000079d  blinkled                
000007c3  sendDataUART            
000007ef  UARTIntHandler          
00000853  GPIOIntHandler          
00000891  main                    
00000a51  SysCtlClockGet          
00000c29  SysCtlClockSet          
00000d65  GPIOPadConfigSet        
00000e2d  initPorts               
00000e4d  getKey                  
00000eed  __aeabi_memcpy          
00000eed  __aeabi_memcpy4         
00000eed  __aeabi_memcpy8         
00000eed  memcpy                  
00000f89  __aeabi_memclr          
00000f89  __aeabi_memclr4         
00000f89  __aeabi_memclr8         
00000f8b  __aeabi_memset          
00000f8b  __aeabi_memset4         
00000f8b  __aeabi_memset8         
00000f91  memset                  
00001003  __aeabi_idiv0           
00001005  SysCtlPeripheralPresent 
0000107d  __TI_auto_init          
00001155  IntEnable               
000011b9  SysCtlPeripheralEnable  
00001211  _c_int00                
00001261  copy_in                 
000012ad  GPIOPinConfigure        
000012f5  GPIOIntTypeSet          
00001339  C$$EXIT                 
0000133d  abort                   
00001345  exit                    
0000137d  UARTConfigSetExpClk     
000013bf  __aeabi_uidiv           
000013bf  __aeabi_uidivmod        
000013ff  GPIODirModeSet          
0000142d  UARTDisable             
00001449  _args_main              
00001461  UARTEnable              
00001475  _register_unlock        
0000147b  _register_lock          
00001483  _nop                    
00001489  GPIOPinTypeGPIOInput    
0000149b  GPIOPinTypeGPIOOutput   
000014ad  GPIOPinTypeUART         
000014bf  UARTCharGetNonBlocking  
000014cf  GPIOPinIntDisable       
000014dd  __TI_decompress_none    
000014eb  CPUcpsie                
000014f7  GPIOPinIntEnable        
00001503  UARTCharsAvail          
0000150f  __TI_zero_init          
0000151b  ResetISR                
00001527  GPIOPinRead             
00001531  GPIOPinWrite            
0000153b  IntMasterEnable         
00001545  UARTCharGet             
0000154f  UARTCharPut             
00001559  UARTIntStatus           
00001563  UARTBusy                
0000156b  UARTIntEnable           
00001573  SysCtlDelay             
00001579  __TI_decompress_rle24   
0000157f  UARTIntClear            
00001583  _system_pre_init        
00001770  __TI_Handler_Table_Base 
0000177c  __TI_Handler_Table_Limit
00001788  __TI_CINIT_Base         
00001798  __TI_CINIT_Limit        
20000000  __stack                 
20000200  __STACK_END             
20000200  __STACK_TOP             
20000200  _lock                   
20000204  _unlock                 
20000208  __TI_cleanup_ptr        
2000020c  __TI_dtors_ptr          
20000218  main_func_sp            
2000021c  dataFromUart            
20000220  key_get                 
ffffffff  __binit__               
ffffffff  __c_args__              
ffffffff  binit                   
UNDEFED   SHT$$INIT_ARRAY$$Base   
UNDEFED   SHT$$INIT_ARRAY$$Limit  

[98 symbols]
