******************************************************************************
                  TI ARM Linker PC v5.2.5                      
******************************************************************************
>> Linked Tue Mar 08 23:27:42 2016

OUTPUT FILE NAME:   <usb_dev_bulk.out>
ENTRY POINT SYMBOL: "_c_int00"  address: 00001f31


MEMORY CONFIGURATION

         name            origin    length      used     unused   attr    fill
----------------------  --------  ---------  --------  --------  ----  --------
  FLASH                 00000000   00040000  00003038  0003cfc8  R  X
  SRAM                  20000000   00008000  00000c69  00007397  RW X


SEGMENT ALLOCATION MAP

run origin  load origin   length   init length attrs members
----------  ----------- ---------- ----------- ----- -------
00000000    00000000    00003040   00003040    r-x
  00000000    00000000    0000026c   0000026c    r-- .intvecs
  0000026c    0000026c    00002946   00002946    r-x .text
  00002bb4    00002bb4    000003ee   000003ee    r-- .const
  00002fa8    00002fa8    00000098   00000098    r-- .cinit
20000000    20000000    00000c6c   00000000    rw-
  20000000    20000000    0000079d   00000000    rw- .bss
  200007a0    200007a0    00000400   00000000    rw- .stack
  20000ba0    20000ba0    000000cc   00000000    rw- .data


SECTION ALLOCATION MAP

 output                                  attributes/
section   page    origin      length       input sections
--------  ----  ----------  ----------   ----------------
.intvecs   0    00000000    0000026c     
                  00000000    0000026c     startup_ccs.obj (.intvecs)

.text      0    0000026c    00002946     
                  0000026c    0000021c     usb_dev_bulk.obj (.text:main)
                  00000488    0000021a     uartstdio.obj (.text:UARTprintf)
                  000006a2    00000002     startup_ccs.obj (.text:FaultISR)
                  000006a4    000001d8     driverlib-cm4f.lib : sysctl.obj (.text:SysCtlClockGet)
                  0000087c    00000188     usblib-cm4f.lib : usbdconfig.obj (.text:USBDeviceConfig)
                  00000a04    00000160     uartstdio.obj (.text:UARTStdioIntHandler)
                  00000b64    00000160     usblib-cm4f.lib : usbdenum.obj (.text:USBDEP0StateTxConfig)
                  00000cc4    000000f4                     : usbdenum.obj (.text:USBDCDInit)
                  00000db8    000000d4                     : usbdenum.obj (.text:USBDeviceEnumHandler)
                  00000e8c    000000d0                     : usbdenum.obj (.text:USBDGetDescriptor)
                  00000f5c    000000bc                     : usbdconfig.obj (.text:USBDeviceConfigAlternate)
                  00001018    000000b4                     : usbbuffer.obj (.text:HandleRxAvailable)
                  000010cc    000000b0     uartstdio.obj (.text:UARTStdioConfig)
                  0000117c    000000a8     uartstdio.obj (.text:UARTwrite)
                  00001224    000000a4     usblib-cm4f.lib : usbdenum.obj (.text:USBDeviceIntHandlerInternal)
                  000012c8    000000a2                     : usbbuffer.obj (.text:ScheduleNextTransmission)
                  0000136a    0000009c     rtsv7M4_T_le_v4SPD16_eabi.lib : memcpy_t2.obj (.text)
                  00001406    00000002     startup_ccs.obj (.text:IntDefaultHandler)
                  00001408    00000094     driverlib-cm4f.lib : sysctl.obj (.text:SysCtlPeripheralReset)
                  0000149c    00000090     usb_dev_bulk.obj (.text:EchoNewDataToHost)
                  0000152c    0000008c     uartstdio.obj (.text:UARTPrimeTransmit)
                  000015b8    00000084     usblib-cm4f.lib : usbdenum.obj (.text:USBDClearFeature)
                  0000163c    00000084                     : usbdenum.obj (.text:USBDSetConfiguration)
                  000016c0    00000084                     : usbdenum.obj (.text:USBDSetInterface)
                  00001744    00000080     usb_dev_bulk.obj (.text:RxHandler)
                  000017c4    0000007a     rtsv7M4_T_le_v4SPD16_eabi.lib : memset_t2.obj (.text)
                  0000183e    00000002     startup_ccs.obj (.text:NmiSR)
                  00001840    00000078     usblib-cm4f.lib : usbdenum.obj (.text:USBDGetStatus)
                  000018b8    00000076     driverlib-cm4f.lib : usb.obj (.text:USBDevEndpointConfigSet)
                  0000192e    00000002     rtsv7M4_T_le_v4SPD16_eabi.lib : i_div0.obj (.text)
                  00001930    00000070     usblib-cm4f.lib : usbdbulk.obj (.text:USBDBulkCompositeInit)
                  000019a0    0000006c                     : usbdenum.obj (.text:USBDSetFeature)
                  00001a0c    0000006c     rtsv7M4_T_le_v4SPD16_eabi.lib : autoinit.obj (.text)
                  00001a78    0000006a                                   : copy_decompress_rle.obj (.text)
                  00001ae2    00000068     usblib-cm4f.lib : usbdbulk.obj (.text:USBDBulkPacketRead)
                  00001b4a    00000002     --HOLE-- [fill = 0]
                  00001b4c    00000068                     : usbdenum.obj (.text:USBDEP0StateTx)
                  00001bb4    00000064     driverlib-cm4f.lib : interrupt.obj (.text:IntEnable)
                  00001c18    00000060     usblib-cm4f.lib : usbbuffer.obj (.text:USBBufferEventCallback)
                  00001c78    0000005e     driverlib-cm4f.lib : usb.obj (.text:USBDevEndpointStatusClear)
                  00001cd6    00000002     --HOLE-- [fill = 0]
                  00001cd8    0000005c     usblib-cm4f.lib : usbdbulk.obj (.text:ProcessDataFromHost)
                  00001d34    00000058     driverlib-cm4f.lib : sysctl.obj (.text:SysCtlPeripheralEnable)
                  00001d8c    00000058     usblib-cm4f.lib : usbdenum.obj (.text:USBDReadAndDispatchRequest)
                  00001de4    00000058                     : usbdenum.obj (.text:USBDStringIndexFromRequest)
                  00001e3c    00000054                     : usbdconfig.obj (.text:GetEPDescriptorType)
                  00001e90    00000050                     : usbdcdesc.obj (.text:USBDCDConfigDescGet)
                  00001ee0    00000050     driverlib-cm4f.lib : usb.obj (.text:USBDevEndpointStallClear)
                  00001f30    00000050     rtsv7M4_T_le_v4SPD16_eabi.lib : boot.obj (.text)
                  00001f80    0000004e     usblib-cm4f.lib : usbdcdesc.obj (.text:ConfigAlternateInterfaceGet)
                  00001fce    00000002     --HOLE-- [fill = 0]
                  00001fd0    0000004c     rtsv7M4_T_le_v4SPD16_eabi.lib : cpy_tbl.obj (.text)
                  0000201c    0000004a     usblib-cm4f.lib : usbdbulk.obj (.text:USBDBulkPacketWrite)
                  00002066    00000002     --HOLE-- [fill = 0]
                  00002068    00000048     driverlib-cm4f.lib : gpio.obj (.text:GPIOPinConfigure)
                  000020b0    00000048     usblib-cm4f.lib : usbdenum.obj (.text:USBDeviceResumeTickHandler)
                  000020f8    00000046     driverlib-cm4f.lib : usb.obj (.text:USBFIFOConfigSet)
                  0000213e    00000002     --HOLE-- [fill = 0]
                  00002140    00000044     usblib-cm4f.lib : usbdenum.obj (.text:USBDGetInterface)
                  00002184    00000044     driverlib-cm4f.lib : usb.obj (.text:USBEndpointDataGet)
                  000021c8    00000044     rtsv7M4_T_le_v4SPD16_eabi.lib : exit.obj (.text)
                  0000220c    00000040                                   : u_divt2.obj (.text)
                  0000224c    0000003e     usblib-cm4f.lib : usbdconfig.obj (.text:GetEndpointFIFOSize)
                  0000228a    00000002     --HOLE-- [fill = 0]
                  0000228c    0000003c     uartstdio.obj (.text:UARTFlushTx)
                  000022c8    0000003a     usblib-cm4f.lib : usbdcdesc.obj (.text:USBDCDConfigGetInterfaceEndpoint)
                  00002302    00000002     --HOLE-- [fill = 0]
                  00002304    00000038                     : usbdenum.obj (.text:USBDGetConfiguration)
                  0000233c    00000038     driverlib-cm4f.lib : usb.obj (.text:USBIntStatusControl)
                  00002374    00000036     usblib-cm4f.lib : usbdcdesc.obj (.text:NextConfigDescGet)
                  000023aa    00000036     driverlib-cm4f.lib : usb.obj (.text:USBDevEndpointStall)
                  000023e0    00000036     usblib-cm4f.lib : usbringbuf.obj (.text:USBRingBufAdvanceWrite)
                  00002416    00000002     --HOLE-- [fill = 0]
                  00002418    00000034                     : usbtick.obj (.text:InternalUSBStartOfFrameTick)
                  0000244c    00000032                     : usbdenum.obj (.text:USBDeviceEnumResetHandler)
                  0000247e    00000030                     : usbdbulk.obj (.text:HandleEndpoints)
                  000024ae    00000002     --HOLE-- [fill = 0]
                  000024b0    00000030                     : usbtick.obj (.text:InternalUSBTickInit)
                  000024e0    00000030     driverlib-cm4f.lib : usb.obj (.text:USBEndpointDataPut)
                  00002510    0000002e                        : usb.obj (.text:USBEndpointDataSend)
                  0000253e    00000002     --HOLE-- [fill = 0]
                  00002540    0000002c     usblib-cm4f.lib : usbtick.obj (.text:InternalUSBRegisterTickHandler)
                  0000256c    0000002c                     : usbdbulk.obj (.text:ProcessDataToHost)
                  00002598    0000002c     uartstdio.obj (.text:UARTFlushRx)
                  000025c4    0000002c     usblib-cm4f.lib : usbdcdesc.obj (.text:USBDCDConfigDescGetNum)
                  000025f0    0000002c                     : usbdesc.obj (.text:USBDescGet)
                  0000261c    0000002a                     : usbdbulk.obj (.text:HandleDevice)
                  00002646    00000028                     : usbdesc.obj (.text:USBDescGetNum)
                  0000266e    00000002     --HOLE-- [fill = 0]
                  00002670    00000028     driverlib-cm4f.lib : usb.obj (.text:USBIntEnableControl)
                  00002698    00000028     usblib-cm4f.lib : usbringbuf.obj (.text:UpdateIndexAtomic)
                  000026c0    00000024                     : usbbuffer.obj (.text:HandleRequestBuffer)
                  000026e4    00000024                     : usbdenum.obj (.text:USBDSetAddress)
                  00002708    00000024     driverlib-cm4f.lib : usb.obj (.text:USBDevEndpointDataAck)
                  0000272c    00000022     usblib-cm4f.lib : usbdbulk.obj (.text:BulkTickHandler)
                  0000274e    00000002     --HOLE-- [fill = 0]
                  00002750    00000020     uartstdio.obj (.text:UARTStdioInit)
                  00002770    00000020     usblib-cm4f.lib : usbmode.obj (.text:USBStackModeSet)
                  00002790    0000001e                     : usbbuffer.obj (.text:HandleDataRemaining)
                  000027ae    0000001e                     : usbdbulk.obj (.text:USBDBulkRxPacketAvailable)
                  000027cc    0000001e     driverlib-cm4f.lib : usb.obj (.text:USBEndpointDataAvail)
                  000027ea    0000001e     usblib-cm4f.lib : usbringbuf.obj (.text:USBRingBufAdvanceRead)
                  00002808    0000001c                     : usbdbulk.obj (.text:HandleConfigChange)
                  00002824    0000001c                     : usbdbulk.obj (.text:HandleDisconnect)
                  00002840    0000001c                     : usbdbulk.obj (.text:SetDeferredOpFlag)
                  0000285c    0000001c                     : usbdbulk.obj (.text:USBDBulkInit)
                  00002878    0000001c                     : usbdcdesc.obj (.text:USBDCDConfigGetInterface)
                  00002894    0000001c                     : usbdenum.obj (.text:USBDCDStallEP0)
                  000028b0    0000001c                     : usbringbuf.obj (.text:USBRingBufContigFree)
                  000028cc    0000001a                     : usbringbuf.obj (.text:USBRingBufWrite)
                  000028e6    00000018     uartstdio.obj (.text:IsBufferFull)
                  000028fe    00000002     --HOLE-- [fill = 0]
                  00002900    00000018     usblib-cm4f.lib : usbdhandler.obj (.text:USB0DeviceIntHandler)
                  00002918    00000018                     : usbdcdesc.obj (.text:USBDCDConfigDescGetSize)
                  00002930    00000018                     : usbdenum.obj (.text:USBDSetDescriptor)
                  00002948    00000018                     : usbdenum.obj (.text:USBDSyncFrame)
                  00002960    00000018     rtsv7M4_T_le_v4SPD16_eabi.lib : args_main.obj (.text)
                  00002978    00000016     usblib-cm4f.lib : usbbuffer.obj (.text:USBBufferInit)
                  0000298e    00000016     driverlib-cm4f.lib : usb.obj (.text:USBHostResume)
                  000029a4    00000016                        : usb.obj (.text:USBIndexWrite)
                  000029ba    00000016     usblib-cm4f.lib : usbringbuf.obj (.text:USBRingBufUsed)
                  000029d0    00000014     usb_dev_bulk.obj (.text:TxHandler)
                  000029e4    00000014     usblib-cm4f.lib : usbbuffer.obj (.text:USBBufferDataWritten)
                  000029f8    00000014     driverlib-cm4f.lib : usb.obj (.text:USBIntEnableEndpoint)
                  00002a0c    00000014     usblib-cm4f.lib : usbringbuf.obj (.text:USBRingBufContigUsed)
                  00002a20    00000014                     : usbringbuf.obj (.text:USBRingBufFlush)
                  00002a34    00000014     rtsv7M4_T_le_v4SPD16_eabi.lib : _lock.obj (.text)
                  00002a48    00000012     usblib-cm4f.lib : usbdbulk.obj (.text:HandleResume)
                  00002a5a    00000012                     : usbdbulk.obj (.text:HandleSuspend)
                  00002a6c    00000012                     : usbbuffer.obj (.text:HandleTxComplete)
                  00002a7e    00000012     driverlib-cm4f.lib : usb.obj (.text:USBEndpointStatus)
                  00002a90    00000012     usblib-cm4f.lib : usbringbuf.obj (.text:USBRingBufFree)
                  00002aa2    00000012                     : usbringbuf.obj (.text:USBRingBufWriteOne)
                  00002ab4    00000010     driverlib-cm4f.lib : sysctl.obj (.text:SysCtlUSBPLLEnable)
                  00002ac4    00000010     usb_dev_bulk.obj (.text:SysTickIntHandler)
                  00002ad4    00000010     usblib-cm4f.lib : usbdbulk.obj (.text:USBDBulkTxPacketAvailable)
                  00002ae4    0000000e     uartstdio.obj (.text:IsBufferEmpty)
                  00002af2    0000000e     usblib-cm4f.lib : usbbuffer.obj (.text:USBBufferInfoGet)
                  00002b00    0000000e     rtsv7M4_T_le_v4SPD16_eabi.lib : copy_decompress_none.obj (.text:decompress:none)
                  00002b0e    0000000c     driverlib-cm4f.lib : cpu.obj (.text:CPUcpsid)
                  00002b1a    0000000c                        : cpu.obj (.text:CPUcpsie)
                  00002b26    0000000c                        : usb.obj (.text:USBIntStatusEndpoint)
                  00002b32    0000000c     usblib-cm4f.lib : usbringbuf.obj (.text:USBRingBufInit)
                  00002b3e    0000000c     rtsv7M4_T_le_v4SPD16_eabi.lib : copy_zero_init.obj (.text:decompress:ZI)
                  00002b4a    0000000a     driverlib-cm4f.lib : gpio.obj (.text:GPIOPinWrite)
                  00002b54    0000000a                        : interrupt.obj (.text:IntMasterDisable)
                  00002b5e    0000000a                        : interrupt.obj (.text:IntMasterEnable)
                  00002b68    0000000a                        : usb.obj (.text:USBDevConnect)
                  00002b72    0000000a                        : usb.obj (.text:USBDevDisconnect)
                  00002b7c    00000008                        : usb.obj (.text:USBDevMode)
                  00002b84    00000008                        : usb.obj (.text:USBOTGMode)
                  00002b8c    00000006     startup_ccs.obj (.text:ResetISR)
                  00002b92    00000006     driverlib-cm4f.lib : sysctl.obj (.text:SysCtlDelay)
                  00002b98    00000006     usblib-cm4f.lib : usbbuffer.obj (.text:USBBufferFlush)
                  00002b9e    00000006                     : usbbuffer.obj (.text:USBBufferSpaceAvailable)
                  00002ba4    00000006     rtsv7M4_T_le_v4SPD16_eabi.lib : copy_decompress_rle.obj (.text:decompress:rle24)
                  00002baa    00000004     driverlib-cm4f.lib : usb.obj (.text:USBDevAddrSet)
                  00002bae    00000004     rtsv7M4_T_le_v4SPD16_eabi.lib : pre_init.obj (.text)

.const     0    00002bb4    000003ee     
                  00002bb4    00000078     driverlib-cm4f.lib : gpio.obj (.const:g_pulGPIOBaseAddrs)
                  00002c2c    00000078     usblib-cm4f.lib : usbdenum.obj (.const:g_sUSBDefaultFIFOConfig)
                  00002ca4    00000070     driverlib-cm4f.lib : interrupt.obj (.const)
                  00002d14    0000006c                        : sysctl.obj (.const:g_pulXtals)
                  00002d80    00000040                        : sysctl.obj (.const)
                  00002dc0    00000034     usblib-cm4f.lib : usbdenum.obj (.const:g_psUSBDStdRequests)
                  00002df4    00000034                     : usbdbulk.obj (.const)
                  00002e28    00000030     usb_bulk_structs.obj (.const:.string:g_pConfigString)
                  00002e58    00000028     usb_bulk_structs.obj (.const:.string:g_pDataInterfaceString)
                  00002e80    00000028     usb_bulk_structs.obj (.const:.string:g_pProductString)
                  00002ea8    00000028     uartstdio.obj (.const)
                  00002ed0    00000024     usb_bulk_structs.obj (.const:.string:g_pManufacturerString)
                  00002ef4    00000024     usb_bulk_structs.obj (.const:g_sBulkDevice)
                  00002f18    00000024     usb_bulk_structs.obj (.const:g_sRxBuffer)
                  00002f3c    00000024     usb_bulk_structs.obj (.const:g_sTxBuffer)
                  00002f60    00000018     usb_bulk_structs.obj (.const)
                  00002f78    00000016     usb_bulk_structs.obj (.const:.string)
                  00002f8e    00000002     --HOLE-- [fill = 0]
                  00002f90    00000012     uartstdio.obj (.const:.string)

.cinit     0    00002fa8    00000098     
                  00002fa8    0000006d     (.cinit..data.load) [load image, compression = rle]
                  00003015    00000003     --HOLE-- [fill = 0]
                  00003018    0000000c     (__TI_handler_table)
                  00003024    00000004     --HOLE-- [fill = 0]
                  00003028    00000008     (.cinit..bss.load) [load image, compression = zero_init]
                  00003030    00000010     (__TI_cinit_table)

.init_array 
*          0    00000000    00000000     UNINITIALIZED

.bss       0    20000000    0000079d     UNINITIALIZED
                  20000000    00000400     uartstdio.obj (.bss:g_pcUARTTxBuffer)
                  20000400    00000100     usb_bulk_structs.obj (.bss:g_pucUSBRxBuffer)
                  20000500    00000100     usb_bulk_structs.obj (.bss:g_pucUSBTxBuffer)
                  20000600    00000080     uartstdio.obj (.bss:g_pcUARTRxBuffer)
                  20000680    00000054     usblib-cm4f.lib : usbdenum.obj (.bss:g_psUSBDevice)
                  200006d4    00000040                     : usbdenum.obj (.bss:g_pucDataBufferIn)
                  20000714    00000030                     : usbtick.obj (.bss)
                  20000744    00000018     (.common:g_pucRxBufferWorkspace)
                  2000075c    00000018     (.common:g_pucTxBufferWorkspace)
                  20000774    00000018     (.common:g_sBulkInstance)
                  2000078c    0000000c                     : usbmode.obj (.bss)
                  20000798    00000004     (.common:g_ulPortNum)
                  2000079c    00000001     (.common:g_bDisableEcho)

.TI.noinit 
*          0    20000000    00000000     UNINITIALIZED

.stack     0    200007a0    00000400     UNINITIALIZED
                  200007a0    00000400     --HOLE--

.data      0    20000ba0    000000cc     UNINITIALIZED
                  20000ba0    0000004c     usblib-cm4f.lib : usbdbulk.obj (.data:g_sBulkDeviceInfo)
                  20000bec    00000024                     : usbdbulk.obj (.data)
                  20000c10    00000015     uartstdio.obj (.data)
                  20000c25    00000003     --HOLE--
                  20000c28    00000011     usb_dev_bulk.obj (.data)
                  20000c39    00000003     --HOLE--
                  20000c3c    0000000c     usblib-cm4f.lib : usbtick.obj (.data)
                  20000c48    00000009                     : usbmode.obj (.data)
                  20000c51    00000003     --HOLE--
                  20000c54    00000008     rtsv7M4_T_le_v4SPD16_eabi.lib : _lock.obj (.data)
                  20000c5c    00000008                                   : exit.obj (.data)
                  20000c64    00000004                                   : stkdepth_vars.obj (.data)
                  20000c68    00000004     usblib-cm4f.lib : usbdenum.obj (.data)

.TI.persistent 
*          0    20000ba0    00000000     UNINITIALIZED


LINKER GENERATED COPY TABLES

__TI_cinit_table @ 00003030 records: 2, size/record: 8, table size: 16
	.data: load addr=00002fa8, load size=0000006d bytes, run addr=20000ba0, run size=000000cc bytes, compression=rle
	.bss: load addr=00003028, load size=00000008 bytes, run addr=20000000, run size=0000079d bytes, compression=zero_init


LINKER GENERATED HANDLER TABLE

__TI_handler_table @ 00003018 records: 3, size/record: 4, table size: 12
	index: 0, handler: __TI_decompress_rle24
	index: 1, handler: __TI_decompress_none
	index: 2, handler: __TI_zero_init


GLOBAL SYMBOLS: SORTED ALPHABETICALLY BY Name 

address   name                            
-------   ----                            
000021c9  C$$EXIT                         
00002b0f  CPUcpsid                        
00002b1b  CPUcpsie                        
00002069  GPIOPinConfigure                
00002b4b  GPIOPinWrite                    
00001bb5  IntEnable                       
00002b55  IntMasterDisable                
00002b5f  IntMasterEnable                 
00002541  InternalUSBRegisterTickHandler  
00002419  InternalUSBStartOfFrameTick     
000024b1  InternalUSBTickInit             
00002b8d  ResetISR                        
00001745  RxHandler                       
UNDEFED   SHT$$INIT_ARRAY$$Base           
UNDEFED   SHT$$INIT_ARRAY$$Limit          
000006a5  SysCtlClockGet                  
00002b93  SysCtlDelay                     
00001d35  SysCtlPeripheralEnable          
00001409  SysCtlPeripheralReset           
00002ab5  SysCtlUSBPLLEnable              
00002ac5  SysTickIntHandler               
000029d1  TxHandler                       
00002599  UARTFlushRx                     
0000228d  UARTFlushTx                     
000010cd  UARTStdioConfig                 
00002751  UARTStdioInit                   
00000a05  UARTStdioIntHandler             
00000489  UARTprintf                      
0000117d  UARTwrite                       
00002901  USB0DeviceIntHandler            
000029e5  USBBufferDataWritten            
00001c19  USBBufferEventCallback          
00002b99  USBBufferFlush                  
00002af3  USBBufferInfoGet                
00002979  USBBufferInit                   
00002b9f  USBBufferSpaceAvailable         
00001931  USBDBulkCompositeInit           
0000285d  USBDBulkInit                    
00001ae3  USBDBulkPacketRead              
0000201d  USBDBulkPacketWrite             
000027af  USBDBulkRxPacketAvailable       
00002ad5  USBDBulkTxPacketAvailable       
00001e91  USBDCDConfigDescGet             
000025c5  USBDCDConfigDescGetNum          
00002919  USBDCDConfigDescGetSize         
00002879  USBDCDConfigGetInterface        
000022c9  USBDCDConfigGetInterfaceEndpoint
00000cc5  USBDCDInit                      
00002895  USBDCDStallEP0                  
000025f1  USBDescGet                      
00002647  USBDescGetNum                   
00002bab  USBDevAddrSet                   
00002b69  USBDevConnect                   
00002b73  USBDevDisconnect                
000018b9  USBDevEndpointConfigSet         
00002709  USBDevEndpointDataAck           
000023ab  USBDevEndpointStall             
00001ee1  USBDevEndpointStallClear        
00001c79  USBDevEndpointStatusClear       
00002b7d  USBDevMode                      
0000087d  USBDeviceConfig                 
00000f5d  USBDeviceConfigAlternate        
00000db9  USBDeviceEnumHandler            
0000244d  USBDeviceEnumResetHandler       
00001225  USBDeviceIntHandlerInternal     
000020b1  USBDeviceResumeTickHandler      
000027cd  USBEndpointDataAvail            
00002185  USBEndpointDataGet              
000024e1  USBEndpointDataPut              
00002511  USBEndpointDataSend             
00002a7f  USBEndpointStatus               
000020f9  USBFIFOConfigSet                
0000298f  USBHostResume                   
00002671  USBIntEnableControl             
000029f9  USBIntEnableEndpoint            
0000233d  USBIntStatusControl             
00002b27  USBIntStatusEndpoint            
00002b85  USBOTGMode                      
000027eb  USBRingBufAdvanceRead           
000023e1  USBRingBufAdvanceWrite          
000028b1  USBRingBufContigFree            
00002a0d  USBRingBufContigUsed            
00002a21  USBRingBufFlush                 
00002a91  USBRingBufFree                  
00002b33  USBRingBufInit                  
000029bb  USBRingBufUsed                  
000028cd  USBRingBufWrite                 
00002aa3  USBRingBufWriteOne              
00002771  USBStackModeSet                 
20000ba0  __STACK_END                     
00000400  __STACK_SIZE                    
20000ba0  __STACK_TOP                     
00003030  __TI_CINIT_Base                 
00003040  __TI_CINIT_Limit                
00003018  __TI_Handler_Table_Base         
00003024  __TI_Handler_Table_Limit        
00001a0d  __TI_auto_init                  
20000c5c  __TI_cleanup_ptr                
00002b01  __TI_decompress_none            
00002ba5  __TI_decompress_rle24           
20000c60  __TI_dtors_ptr                  
00000000  __TI_static_base__              
00002b3f  __TI_zero_init                  
0000192f  __aeabi_idiv0                   
000017c5  __aeabi_memclr                  
000017c5  __aeabi_memclr4                 
000017c5  __aeabi_memclr8                 
0000136b  __aeabi_memcpy                  
0000136b  __aeabi_memcpy4                 
0000136b  __aeabi_memcpy8                 
000017c7  __aeabi_memset                  
000017c7  __aeabi_memset4                 
000017c7  __aeabi_memset8                 
0000220d  __aeabi_uidiv                   
0000220d  __aeabi_uidivmod                
ffffffff  __binit__                       
ffffffff  __c_args__                      
200007a0  __stack                         
00002961  _args_main                      
00001f31  _c_int00                        
20000c54  _lock                           
00002a43  _nop                            
00002a3b  _register_lock                  
00002a35  _register_unlock                
00002baf  _system_pre_init                
20000c58  _unlock                         
000021cd  abort                           
ffffffff  binit                           
00001fd1  copy_in                         
000021d5  exit                            
20000c3c  g_bUSBTimerInitialized          
20000790  g_eOTGModeState                 
20000c48  g_eUSBMode                      
00002e24  g_pBulkConfigDescriptors        
20000bfe  g_pBulkDescriptor               
20000bec  g_pBulkDeviceDescriptor         
00002df4  g_pBulkInterface                
00002e28  g_pConfigString                 
00002e58  g_pDataInterfaceString          
00002f78  g_pLangDescriptor               
00002ed0  g_pManufacturerString           
00002e80  g_pProductString                
00002f7c  g_pSerialNumberString           
00002f60  g_pStringDescriptors            
20000714  g_pfTickHandlers                
00000000  g_pfnVectors                    
20000c08  g_psBulkSections                
20000680  g_psUSBDevice                   
20000744  g_pucRxBufferWorkspace          
2000075c  g_pucTxBufferWorkspace          
20000400  g_pucUSBRxBuffer                
20000500  g_pucUSBTxBuffer                
2000072c  g_pvTickInstance                
00002e1c  g_sBulkConfigHeader             
00002e0c  g_sBulkConfigSection            
00002ef4  g_sBulkDevice                   
20000ba0  g_sBulkDeviceInfo               
20000774  g_sBulkInstance                 
00002e14  g_sBulkInterfaceSection         
00002f18  g_sRxBuffer                     
00002f3c  g_sTxBuffer                     
00002c2c  g_sUSBDefaultFIFOConfig         
20000c40  g_ulCurrentUSBTick              
20000c34  g_ulFlags                       
2000078c  g_ulPollRate                    
20000c30  g_ulRxCount                     
20000c28  g_ulSysTickCount                
20000c2c  g_ulTxCount                     
20000c44  g_ulUSBSOFCount                 
20000c4c  g_ulWaitTicks                   
0000026d  main                            
20000c64  main_func_sp                    
0000136b  memcpy                          
000017cd  memset                          


GLOBAL SYMBOLS: SORTED BY Symbol Address 

address   name                            
-------   ----                            
00000000  __TI_static_base__              
00000000  g_pfnVectors                    
0000026d  main                            
00000400  __STACK_SIZE                    
00000489  UARTprintf                      
000006a5  SysCtlClockGet                  
0000087d  USBDeviceConfig                 
00000a05  UARTStdioIntHandler             
00000cc5  USBDCDInit                      
00000db9  USBDeviceEnumHandler            
00000f5d  USBDeviceConfigAlternate        
000010cd  UARTStdioConfig                 
0000117d  UARTwrite                       
00001225  USBDeviceIntHandlerInternal     
0000136b  __aeabi_memcpy                  
0000136b  __aeabi_memcpy4                 
0000136b  __aeabi_memcpy8                 
0000136b  memcpy                          
00001409  SysCtlPeripheralReset           
00001745  RxHandler                       
000017c5  __aeabi_memclr                  
000017c5  __aeabi_memclr4                 
000017c5  __aeabi_memclr8                 
000017c7  __aeabi_memset                  
000017c7  __aeabi_memset4                 
000017c7  __aeabi_memset8                 
000017cd  memset                          
000018b9  USBDevEndpointConfigSet         
0000192f  __aeabi_idiv0                   
00001931  USBDBulkCompositeInit           
00001a0d  __TI_auto_init                  
00001ae3  USBDBulkPacketRead              
00001bb5  IntEnable                       
00001c19  USBBufferEventCallback          
00001c79  USBDevEndpointStatusClear       
00001d35  SysCtlPeripheralEnable          
00001e91  USBDCDConfigDescGet             
00001ee1  USBDevEndpointStallClear        
00001f31  _c_int00                        
00001fd1  copy_in                         
0000201d  USBDBulkPacketWrite             
00002069  GPIOPinConfigure                
000020b1  USBDeviceResumeTickHandler      
000020f9  USBFIFOConfigSet                
00002185  USBEndpointDataGet              
000021c9  C$$EXIT                         
000021cd  abort                           
000021d5  exit                            
0000220d  __aeabi_uidiv                   
0000220d  __aeabi_uidivmod                
0000228d  UARTFlushTx                     
000022c9  USBDCDConfigGetInterfaceEndpoint
0000233d  USBIntStatusControl             
000023ab  USBDevEndpointStall             
000023e1  USBRingBufAdvanceWrite          
00002419  InternalUSBStartOfFrameTick     
0000244d  USBDeviceEnumResetHandler       
000024b1  InternalUSBTickInit             
000024e1  USBEndpointDataPut              
00002511  USBEndpointDataSend             
00002541  InternalUSBRegisterTickHandler  
00002599  UARTFlushRx                     
000025c5  USBDCDConfigDescGetNum          
000025f1  USBDescGet                      
00002647  USBDescGetNum                   
00002671  USBIntEnableControl             
00002709  USBDevEndpointDataAck           
00002751  UARTStdioInit                   
00002771  USBStackModeSet                 
000027af  USBDBulkRxPacketAvailable       
000027cd  USBEndpointDataAvail            
000027eb  USBRingBufAdvanceRead           
0000285d  USBDBulkInit                    
00002879  USBDCDConfigGetInterface        
00002895  USBDCDStallEP0                  
000028b1  USBRingBufContigFree            
000028cd  USBRingBufWrite                 
00002901  USB0DeviceIntHandler            
00002919  USBDCDConfigDescGetSize         
00002961  _args_main                      
00002979  USBBufferInit                   
0000298f  USBHostResume                   
000029bb  USBRingBufUsed                  
000029d1  TxHandler                       
000029e5  USBBufferDataWritten            
000029f9  USBIntEnableEndpoint            
00002a0d  USBRingBufContigUsed            
00002a21  USBRingBufFlush                 
00002a35  _register_unlock                
00002a3b  _register_lock                  
00002a43  _nop                            
00002a7f  USBEndpointStatus               
00002a91  USBRingBufFree                  
00002aa3  USBRingBufWriteOne              
00002ab5  SysCtlUSBPLLEnable              
00002ac5  SysTickIntHandler               
00002ad5  USBDBulkTxPacketAvailable       
00002af3  USBBufferInfoGet                
00002b01  __TI_decompress_none            
00002b0f  CPUcpsid                        
00002b1b  CPUcpsie                        
00002b27  USBIntStatusEndpoint            
00002b33  USBRingBufInit                  
00002b3f  __TI_zero_init                  
00002b4b  GPIOPinWrite                    
00002b55  IntMasterDisable                
00002b5f  IntMasterEnable                 
00002b69  USBDevConnect                   
00002b73  USBDevDisconnect                
00002b7d  USBDevMode                      
00002b85  USBOTGMode                      
00002b8d  ResetISR                        
00002b93  SysCtlDelay                     
00002b99  USBBufferFlush                  
00002b9f  USBBufferSpaceAvailable         
00002ba5  __TI_decompress_rle24           
00002bab  USBDevAddrSet                   
00002baf  _system_pre_init                
00002c2c  g_sUSBDefaultFIFOConfig         
00002df4  g_pBulkInterface                
00002e0c  g_sBulkConfigSection            
00002e14  g_sBulkInterfaceSection         
00002e1c  g_sBulkConfigHeader             
00002e24  g_pBulkConfigDescriptors        
00002e28  g_pConfigString                 
00002e58  g_pDataInterfaceString          
00002e80  g_pProductString                
00002ed0  g_pManufacturerString           
00002ef4  g_sBulkDevice                   
00002f18  g_sRxBuffer                     
00002f3c  g_sTxBuffer                     
00002f60  g_pStringDescriptors            
00002f78  g_pLangDescriptor               
00002f7c  g_pSerialNumberString           
00003018  __TI_Handler_Table_Base         
00003024  __TI_Handler_Table_Limit        
00003030  __TI_CINIT_Base                 
00003040  __TI_CINIT_Limit                
20000400  g_pucUSBRxBuffer                
20000500  g_pucUSBTxBuffer                
20000680  g_psUSBDevice                   
20000714  g_pfTickHandlers                
2000072c  g_pvTickInstance                
20000744  g_pucRxBufferWorkspace          
2000075c  g_pucTxBufferWorkspace          
20000774  g_sBulkInstance                 
2000078c  g_ulPollRate                    
20000790  g_eOTGModeState                 
200007a0  __stack                         
20000ba0  __STACK_END                     
20000ba0  __STACK_TOP                     
20000ba0  g_sBulkDeviceInfo               
20000bec  g_pBulkDeviceDescriptor         
20000bfe  g_pBulkDescriptor               
20000c08  g_psBulkSections                
20000c28  g_ulSysTickCount                
20000c2c  g_ulTxCount                     
20000c30  g_ulRxCount                     
20000c34  g_ulFlags                       
20000c3c  g_bUSBTimerInitialized          
20000c40  g_ulCurrentUSBTick              
20000c44  g_ulUSBSOFCount                 
20000c48  g_eUSBMode                      
20000c4c  g_ulWaitTicks                   
20000c54  _lock                           
20000c58  _unlock                         
20000c5c  __TI_cleanup_ptr                
20000c60  __TI_dtors_ptr                  
20000c64  main_func_sp                    
ffffffff  __binit__                       
ffffffff  __c_args__                      
ffffffff  binit                           
UNDEFED   SHT$$INIT_ARRAY$$Base           
UNDEFED   SHT$$INIT_ARRAY$$Limit          

[174 symbols]
