<?xml version="1.0"?>
<link_info>
   <banner>TI ARM Linker PC v5.2.5</banner>
   <copyright>Copyright (c) 1996-2015 Texas Instruments Incorporated</copyright>
   <link_time>0x56dfb44e</link_time>
   <link_errors>0x0</link_errors>
   <output_file>usb_dev_bulk.out</output_file>
   <entry_point>
      <name>_c_int00</name>
      <address>0x1f31</address>
   </entry_point>
   <input_file_list>
      <input_file id="fl-2">
         <path>.\</path>
         <kind>object</kind>
         <file>startup_ccs.obj</file>
         <name>startup_ccs.obj</name>
      </input_file>
      <input_file id="fl-3">
         <path>.\</path>
         <kind>object</kind>
         <file>usb_bulk_structs.obj</file>
         <name>usb_bulk_structs.obj</name>
      </input_file>
      <input_file id="fl-4">
         <path>.\</path>
         <kind>object</kind>
         <file>usb_dev_bulk.obj</file>
         <name>usb_dev_bulk.obj</name>
      </input_file>
      <input_file id="fl-5">
         <path>.\utils\</path>
         <kind>object</kind>
         <file>uartstdio.obj</file>
         <name>uartstdio.obj</name>
      </input_file>
      <input_file id="fl-6">
         <path>.\utils\</path>
         <kind>object</kind>
         <file>ustdlib.obj</file>
         <name>ustdlib.obj</name>
      </input_file>
      <input_file id="fl-12e">
         <path>C:\ti\ccsv6\tools\compiler\ti-cgt-arm_5.2.5\lib\</path>
         <kind>archive</kind>
         <file>rtsv7M4_T_le_v4SPD16_eabi.lib</file>
         <name>boot.obj</name>
      </input_file>
      <input_file id="fl-12f">
         <path>C:\ti\ccsv6\tools\compiler\ti-cgt-arm_5.2.5\lib\</path>
         <kind>archive</kind>
         <file>rtsv7M4_T_le_v4SPD16_eabi.lib</file>
         <name>copy_decompress_none.obj</name>
      </input_file>
      <input_file id="fl-130">
         <path>C:\ti\ccsv6\tools\compiler\ti-cgt-arm_5.2.5\lib\</path>
         <kind>archive</kind>
         <file>rtsv7M4_T_le_v4SPD16_eabi.lib</file>
         <name>copy_decompress_rle.obj</name>
      </input_file>
      <input_file id="fl-131">
         <path>C:\ti\ccsv6\tools\compiler\ti-cgt-arm_5.2.5\lib\</path>
         <kind>archive</kind>
         <file>rtsv7M4_T_le_v4SPD16_eabi.lib</file>
         <name>copy_zero_init.obj</name>
      </input_file>
      <input_file id="fl-132">
         <path>C:\ti\ccsv6\tools\compiler\ti-cgt-arm_5.2.5\lib\</path>
         <kind>archive</kind>
         <file>rtsv7M4_T_le_v4SPD16_eabi.lib</file>
         <name>exit.obj</name>
      </input_file>
      <input_file id="fl-133">
         <path>C:\ti\ccsv6\tools\compiler\ti-cgt-arm_5.2.5\lib\</path>
         <kind>archive</kind>
         <file>rtsv7M4_T_le_v4SPD16_eabi.lib</file>
         <name>memcpy_t2.obj</name>
      </input_file>
      <input_file id="fl-134">
         <path>C:\ti\ccsv6\tools\compiler\ti-cgt-arm_5.2.5\lib\</path>
         <kind>archive</kind>
         <file>rtsv7M4_T_le_v4SPD16_eabi.lib</file>
         <name>memset_t2.obj</name>
      </input_file>
      <input_file id="fl-135">
         <path>C:\ti\ccsv6\tools\compiler\ti-cgt-arm_5.2.5\lib\</path>
         <kind>archive</kind>
         <file>rtsv7M4_T_le_v4SPD16_eabi.lib</file>
         <name>pre_init.obj</name>
      </input_file>
      <input_file id="fl-136">
         <path>C:\ti\ccsv6\tools\compiler\ti-cgt-arm_5.2.5\lib\</path>
         <kind>archive</kind>
         <file>rtsv7M4_T_le_v4SPD16_eabi.lib</file>
         <name>stkdepth_vars.obj</name>
      </input_file>
      <input_file id="fl-137">
         <path>C:\ti\ccsv6\tools\compiler\ti-cgt-arm_5.2.5\lib\</path>
         <kind>archive</kind>
         <file>rtsv7M4_T_le_v4SPD16_eabi.lib</file>
         <name>u_divt2.obj</name>
      </input_file>
      <input_file id="fl-138">
         <path>C:\ti\ccsv6\tools\compiler\ti-cgt-arm_5.2.5\lib\</path>
         <kind>archive</kind>
         <file>rtsv7M4_T_le_v4SPD16_eabi.lib</file>
         <name>_lock.obj</name>
      </input_file>
      <input_file id="fl-139">
         <path>C:\ti\ccsv6\tools\compiler\ti-cgt-arm_5.2.5\lib\</path>
         <kind>archive</kind>
         <file>rtsv7M4_T_le_v4SPD16_eabi.lib</file>
         <name>args_main.obj</name>
      </input_file>
      <input_file id="fl-13a">
         <path>C:\ti\ccsv6\tools\compiler\ti-cgt-arm_5.2.5\lib\</path>
         <kind>archive</kind>
         <file>rtsv7M4_T_le_v4SPD16_eabi.lib</file>
         <name>autoinit.obj</name>
      </input_file>
      <input_file id="fl-13b">
         <path>C:\ti\ccsv6\tools\compiler\ti-cgt-arm_5.2.5\lib\</path>
         <kind>archive</kind>
         <file>rtsv7M4_T_le_v4SPD16_eabi.lib</file>
         <name>cpy_tbl.obj</name>
      </input_file>
      <input_file id="fl-13c">
         <path>C:\ti\ccsv6\tools\compiler\ti-cgt-arm_5.2.5\lib\</path>
         <kind>archive</kind>
         <file>rtsv7M4_T_le_v4SPD16_eabi.lib</file>
         <name>i_div0.obj</name>
      </input_file>
      <input_file id="fl-13d">
         <path>C:\StellarisWare\boards\ek-lm4f120xl\usb_dev_bulk\ccs\..\..\..\..\driverlib\ccs-cm4f\Debug\</path>
         <kind>archive</kind>
         <file>driverlib-cm4f.lib</file>
         <name>gpio.obj</name>
      </input_file>
      <input_file id="fl-13e">
         <path>C:\StellarisWare\boards\ek-lm4f120xl\usb_dev_bulk\ccs\..\..\..\..\driverlib\ccs-cm4f\Debug\</path>
         <kind>archive</kind>
         <file>driverlib-cm4f.lib</file>
         <name>interrupt.obj</name>
      </input_file>
      <input_file id="fl-13f">
         <path>C:\StellarisWare\boards\ek-lm4f120xl\usb_dev_bulk\ccs\..\..\..\..\driverlib\ccs-cm4f\Debug\</path>
         <kind>archive</kind>
         <file>driverlib-cm4f.lib</file>
         <name>cpu.obj</name>
      </input_file>
      <input_file id="fl-140">
         <path>C:\StellarisWare\boards\ek-lm4f120xl\usb_dev_bulk\ccs\..\..\..\..\usblib\ccs-cm4f\Debug\</path>
         <kind>archive</kind>
         <file>usblib-cm4f.lib</file>
         <name>usbdhandler.obj</name>
      </input_file>
      <input_file id="fl-141">
         <path>C:\StellarisWare\boards\ek-lm4f120xl\usb_dev_bulk\ccs\..\..\..\..\usblib\ccs-cm4f\Debug\</path>
         <kind>archive</kind>
         <file>usblib-cm4f.lib</file>
         <name>usbdenum.obj</name>
      </input_file>
      <input_file id="fl-142">
         <path>C:\StellarisWare\boards\ek-lm4f120xl\usb_dev_bulk\ccs\..\..\..\..\usblib\ccs-cm4f\Debug\</path>
         <kind>archive</kind>
         <file>usblib-cm4f.lib</file>
         <name>usbdconfig.obj</name>
      </input_file>
      <input_file id="fl-143">
         <path>C:\StellarisWare\boards\ek-lm4f120xl\usb_dev_bulk\ccs\..\..\..\..\usblib\ccs-cm4f\Debug\</path>
         <kind>archive</kind>
         <file>usblib-cm4f.lib</file>
         <name>usbdcdesc.obj</name>
      </input_file>
      <input_file id="fl-144">
         <path>C:\StellarisWare\boards\ek-lm4f120xl\usb_dev_bulk\ccs\..\..\..\..\usblib\ccs-cm4f\Debug\</path>
         <kind>archive</kind>
         <file>usblib-cm4f.lib</file>
         <name>usbdbulk.obj</name>
      </input_file>
      <input_file id="fl-145">
         <path>C:\StellarisWare\boards\ek-lm4f120xl\usb_dev_bulk\ccs\..\..\..\..\usblib\ccs-cm4f\Debug\</path>
         <kind>archive</kind>
         <file>usblib-cm4f.lib</file>
         <name>usbtick.obj</name>
      </input_file>
      <input_file id="fl-146">
         <path>C:\StellarisWare\boards\ek-lm4f120xl\usb_dev_bulk\ccs\..\..\..\..\usblib\ccs-cm4f\Debug\</path>
         <kind>archive</kind>
         <file>usblib-cm4f.lib</file>
         <name>usbmode.obj</name>
      </input_file>
      <input_file id="fl-147">
         <path>C:\StellarisWare\boards\ek-lm4f120xl\usb_dev_bulk\ccs\..\..\..\..\usblib\ccs-cm4f\Debug\</path>
         <kind>archive</kind>
         <file>usblib-cm4f.lib</file>
         <name>usbdesc.obj</name>
      </input_file>
      <input_file id="fl-148">
         <path>C:\StellarisWare\boards\ek-lm4f120xl\usb_dev_bulk\ccs\..\..\..\..\usblib\ccs-cm4f\Debug\</path>
         <kind>archive</kind>
         <file>usblib-cm4f.lib</file>
         <name>usbbuffer.obj</name>
      </input_file>
      <input_file id="fl-149">
         <path>C:\StellarisWare\boards\ek-lm4f120xl\usb_dev_bulk\ccs\..\..\..\..\usblib\ccs-cm4f\Debug\</path>
         <kind>archive</kind>
         <file>usblib-cm4f.lib</file>
         <name>usbhostenum.obj</name>
      </input_file>
      <input_file id="fl-14a">
         <path>C:\StellarisWare\boards\ek-lm4f120xl\usb_dev_bulk\ccs\..\..\..\..\usblib\ccs-cm4f\Debug\</path>
         <kind>archive</kind>
         <file>usblib-cm4f.lib</file>
         <name>usbhhub.obj</name>
      </input_file>
      <input_file id="fl-14b">
         <path>C:\StellarisWare\boards\ek-lm4f120xl\usb_dev_bulk\ccs\..\..\..\..\usblib\ccs-cm4f\Debug\</path>
         <kind>archive</kind>
         <file>usblib-cm4f.lib</file>
         <name>usbringbuf.obj</name>
      </input_file>
      <input_file id="fl-14c">
         <path>C:\StellarisWare\boards\ek-lm4f120xl\usb_dev_bulk\ccs\..\..\..\..\driverlib\ccs-cm4f\Debug\</path>
         <kind>archive</kind>
         <file>driverlib-cm4f.lib</file>
         <name>usb.obj</name>
      </input_file>
      <input_file id="fl-14d">
         <path>C:\StellarisWare\boards\ek-lm4f120xl\usb_dev_bulk\ccs\..\..\..\..\driverlib\ccs-cm4f\Debug\</path>
         <kind>archive</kind>
         <file>driverlib-cm4f.lib</file>
         <name>udma.obj</name>
      </input_file>
      <input_file id="fl-14e">
         <path>C:\StellarisWare\boards\ek-lm4f120xl\usb_dev_bulk\ccs\..\..\..\..\driverlib\ccs-cm4f\Debug\</path>
         <kind>archive</kind>
         <file>driverlib-cm4f.lib</file>
         <name>sysctl.obj</name>
      </input_file>
   </input_file_list>
   <object_component_list>
      <object_component id="oc-f">
         <name>.intvecs</name>
         <load_address>0x0</load_address>
         <run_address>0x0</run_address>
         <size>0x26c</size>
         <input_file_ref idref="fl-2"/>
      </object_component>
      <object_component id="oc-f1">
         <name>.text:main</name>
         <load_address>0x26c</load_address>
         <run_address>0x26c</run_address>
         <size>0x21c</size>
         <input_file_ref idref="fl-4"/>
      </object_component>
      <object_component id="oc-15a">
         <name>.text:UARTprintf</name>
         <load_address>0x488</load_address>
         <run_address>0x488</run_address>
         <size>0x21a</size>
         <input_file_ref idref="fl-5"/>
      </object_component>
      <object_component id="oc-36">
         <name>.text:FaultISR</name>
         <load_address>0x6a2</load_address>
         <run_address>0x6a2</run_address>
         <size>0x2</size>
         <input_file_ref idref="fl-2"/>
      </object_component>
      <object_component id="oc-2de">
         <name>.text:SysCtlClockGet</name>
         <load_address>0x6a4</load_address>
         <run_address>0x6a4</run_address>
         <size>0x1d8</size>
         <input_file_ref idref="fl-14e"/>
      </object_component>
      <object_component id="oc-3f5">
         <name>.text:USBDeviceConfig</name>
         <load_address>0x87c</load_address>
         <run_address>0x87c</run_address>
         <size>0x188</size>
         <input_file_ref idref="fl-142"/>
      </object_component>
      <object_component id="oc-48">
         <name>.text:UARTStdioIntHandler</name>
         <load_address>0xa04</load_address>
         <run_address>0xa04</run_address>
         <size>0x160</size>
         <input_file_ref idref="fl-5"/>
      </object_component>
      <object_component id="oc-1ce">
         <name>.text:USBDEP0StateTxConfig</name>
         <load_address>0xb64</load_address>
         <run_address>0xb64</run_address>
         <size>0x160</size>
         <input_file_ref idref="fl-141"/>
      </object_component>
      <object_component id="oc-212">
         <name>.text:USBDCDInit</name>
         <load_address>0xcc4</load_address>
         <run_address>0xcc4</run_address>
         <size>0xf4</size>
         <input_file_ref idref="fl-141"/>
      </object_component>
      <object_component id="oc-12f">
         <name>.text:USBDeviceEnumHandler</name>
         <load_address>0xdb8</load_address>
         <run_address>0xdb8</run_address>
         <size>0xd4</size>
         <input_file_ref idref="fl-141"/>
      </object_component>
      <object_component id="oc-349">
         <name>.text:USBDGetDescriptor</name>
         <load_address>0xe8c</load_address>
         <run_address>0xe8c</run_address>
         <size>0xd0</size>
         <input_file_ref idref="fl-141"/>
      </object_component>
      <object_component id="oc-403">
         <name>.text:USBDeviceConfigAlternate</name>
         <load_address>0xf5c</load_address>
         <run_address>0xf5c</run_address>
         <size>0xbc</size>
         <input_file_ref idref="fl-142"/>
      </object_component>
      <object_component id="oc-31c">
         <name>.text:HandleRxAvailable</name>
         <load_address>0x1018</load_address>
         <run_address>0x1018</run_address>
         <size>0xb4</size>
         <input_file_ref idref="fl-148"/>
      </object_component>
      <object_component id="oc-1f5">
         <name>.text:UARTStdioConfig</name>
         <load_address>0x10cc</load_address>
         <run_address>0x10cc</run_address>
         <size>0xb0</size>
         <input_file_ref idref="fl-5"/>
      </object_component>
      <object_component id="oc-aa">
         <name>.text:UARTwrite</name>
         <load_address>0x117c</load_address>
         <run_address>0x117c</run_address>
         <size>0xa8</size>
         <input_file_ref idref="fl-5"/>
      </object_component>
      <object_component id="oc-ce">
         <name>.text:USBDeviceIntHandlerInternal</name>
         <load_address>0x1224</load_address>
         <run_address>0x1224</run_address>
         <size>0xa4</size>
         <input_file_ref idref="fl-141"/>
      </object_component>
      <object_component id="oc-3c4">
         <name>.text:ScheduleNextTransmission</name>
         <load_address>0x12c8</load_address>
         <run_address>0x12c8</run_address>
         <size>0xa2</size>
         <input_file_ref idref="fl-148"/>
      </object_component>
      <object_component id="oc-55">
         <name>.text</name>
         <load_address>0x136a</load_address>
         <run_address>0x136a</run_address>
         <size>0x9c</size>
         <input_file_ref idref="fl-133"/>
      </object_component>
      <object_component id="oc-3c">
         <name>.text:IntDefaultHandler</name>
         <load_address>0x1406</load_address>
         <run_address>0x1406</run_address>
         <size>0x2</size>
         <input_file_ref idref="fl-2"/>
      </object_component>
      <object_component id="oc-2c2">
         <name>.text:SysCtlPeripheralReset</name>
         <load_address>0x1408</load_address>
         <run_address>0x1408</run_address>
         <size>0x94</size>
         <input_file_ref idref="fl-14e"/>
      </object_component>
      <object_component id="oc-2f9">
         <name>.text:EchoNewDataToHost</name>
         <load_address>0x149c</load_address>
         <run_address>0x149c</run_address>
         <size>0x90</size>
         <input_file_ref idref="fl-4"/>
      </object_component>
      <object_component id="oc-9e">
         <name>.text:UARTPrimeTransmit</name>
         <load_address>0x152c</load_address>
         <run_address>0x152c</run_address>
         <size>0x8c</size>
         <input_file_ref idref="fl-5"/>
      </object_component>
      <object_component id="oc-33d">
         <name>.text:USBDClearFeature</name>
         <load_address>0x15b8</load_address>
         <run_address>0x15b8</run_address>
         <size>0x84</size>
         <input_file_ref idref="fl-141"/>
      </object_component>
      <object_component id="oc-355">
         <name>.text:USBDSetConfiguration</name>
         <load_address>0x163c</load_address>
         <run_address>0x163c</run_address>
         <size>0x84</size>
         <input_file_ref idref="fl-141"/>
      </object_component>
      <object_component id="oc-35d">
         <name>.text:USBDSetInterface</name>
         <load_address>0x16c0</load_address>
         <run_address>0x16c0</run_address>
         <size>0x84</size>
         <input_file_ref idref="fl-141"/>
      </object_component>
      <object_component id="oc-22f">
         <name>.text:RxHandler</name>
         <load_address>0x1744</load_address>
         <run_address>0x1744</run_address>
         <size>0x80</size>
         <input_file_ref idref="fl-4"/>
      </object_component>
      <object_component id="oc-6e">
         <name>.text</name>
         <load_address>0x17c4</load_address>
         <run_address>0x17c4</run_address>
         <size>0x7a</size>
         <input_file_ref idref="fl-134"/>
      </object_component>
      <object_component id="oc-30">
         <name>.text:NmiSR</name>
         <load_address>0x183e</load_address>
         <run_address>0x183e</run_address>
         <size>0x2</size>
         <input_file_ref idref="fl-2"/>
      </object_component>
      <object_component id="oc-339">
         <name>.text:USBDGetStatus</name>
         <load_address>0x1840</load_address>
         <run_address>0x1840</run_address>
         <size>0x78</size>
         <input_file_ref idref="fl-141"/>
      </object_component>
      <object_component id="oc-454">
         <name>.text:USBDevEndpointConfigSet</name>
         <load_address>0x18b8</load_address>
         <run_address>0x18b8</run_address>
         <size>0x76</size>
         <input_file_ref idref="fl-14c"/>
      </object_component>
      <object_component id="oc-290">
         <name>.text</name>
         <load_address>0x192e</load_address>
         <run_address>0x192e</run_address>
         <size>0x2</size>
         <input_file_ref idref="fl-13c"/>
      </object_component>
      <object_component id="oc-20e">
         <name>.text:USBDBulkCompositeInit</name>
         <load_address>0x1930</load_address>
         <run_address>0x1930</run_address>
         <size>0x70</size>
         <input_file_ref idref="fl-144"/>
      </object_component>
      <object_component id="oc-341">
         <name>.text:USBDSetFeature</name>
         <load_address>0x19a0</load_address>
         <run_address>0x19a0</run_address>
         <size>0x6c</size>
         <input_file_ref idref="fl-141"/>
      </object_component>
      <object_component id="oc-80">
         <name>.text</name>
         <load_address>0x1a0c</load_address>
         <run_address>0x1a0c</run_address>
         <size>0x6c</size>
         <input_file_ref idref="fl-13a"/>
      </object_component>
      <object_component id="oc-61">
         <name>.text</name>
         <load_address>0x1a78</load_address>
         <run_address>0x1a78</run_address>
         <size>0x6a</size>
         <input_file_ref idref="fl-130"/>
      </object_component>
      <object_component id="oc-235">
         <name>.text:USBDBulkPacketRead</name>
         <load_address>0x1ae2</load_address>
         <run_address>0x1ae2</run_address>
         <size>0x68</size>
         <input_file_ref idref="fl-144"/>
      </object_component>
      <object_component id="oc-1d2">
         <name>.text:USBDEP0StateTx</name>
         <load_address>0x1b4c</load_address>
         <run_address>0x1b4c</run_address>
         <size>0x68</size>
         <input_file_ref idref="fl-141"/>
      </object_component>
      <object_component id="oc-2e7">
         <name>.text:IntEnable</name>
         <load_address>0x1bb4</load_address>
         <run_address>0x1bb4</run_address>
         <size>0x64</size>
         <input_file_ref idref="fl-13e"/>
      </object_component>
      <object_component id="oc-243">
         <name>.text:USBBufferEventCallback</name>
         <load_address>0x1c18</load_address>
         <run_address>0x1c18</run_address>
         <size>0x60</size>
         <input_file_ref idref="fl-148"/>
      </object_component>
      <object_component id="oc-1ba">
         <name>.text:USBDevEndpointStatusClear</name>
         <load_address>0x1c78</load_address>
         <run_address>0x1c78</run_address>
         <size>0x5e</size>
         <input_file_ref idref="fl-14c"/>
      </object_component>
      <object_component id="oc-411">
         <name>.text:ProcessDataFromHost</name>
         <load_address>0x1cd8</load_address>
         <run_address>0x1cd8</run_address>
         <size>0x5c</size>
         <input_file_ref idref="fl-144"/>
      </object_component>
      <object_component id="oc-2c6">
         <name>.text:SysCtlPeripheralEnable</name>
         <load_address>0x1d34</load_address>
         <run_address>0x1d34</run_address>
         <size>0x58</size>
         <input_file_ref idref="fl-14e"/>
      </object_component>
      <object_component id="oc-1ca">
         <name>.text:USBDReadAndDispatchRequest</name>
         <load_address>0x1d8c</load_address>
         <run_address>0x1d8c</run_address>
         <size>0x58</size>
         <input_file_ref idref="fl-141"/>
      </object_component>
      <object_component id="oc-3ee">
         <name>.text:USBDStringIndexFromRequest</name>
         <load_address>0x1de4</load_address>
         <run_address>0x1de4</run_address>
         <size>0x58</size>
         <input_file_ref idref="fl-141"/>
      </object_component>
      <object_component id="oc-450">
         <name>.text:GetEPDescriptorType</name>
         <load_address>0x1e3c</load_address>
         <run_address>0x1e3c</run_address>
         <size>0x54</size>
         <input_file_ref idref="fl-142"/>
      </object_component>
      <object_component id="oc-448">
         <name>.text:USBDCDConfigDescGet</name>
         <load_address>0x1e90</load_address>
         <run_address>0x1e90</run_address>
         <size>0x50</size>
         <input_file_ref idref="fl-143"/>
      </object_component>
      <object_component id="oc-3e7">
         <name>.text:USBDevEndpointStallClear</name>
         <load_address>0x1ee0</load_address>
         <run_address>0x1ee0</run_address>
         <size>0x50</size>
         <input_file_ref idref="fl-14c"/>
      </object_component>
      <object_component id="oc-24">
         <name>.text</name>
         <load_address>0x1f30</load_address>
         <run_address>0x1f30</run_address>
         <size>0x50</size>
         <input_file_ref idref="fl-12e"/>
      </object_component>
      <object_component id="oc-467">
         <name>.text:ConfigAlternateInterfaceGet</name>
         <load_address>0x1f80</load_address>
         <run_address>0x1f80</run_address>
         <size>0x4e</size>
         <input_file_ref idref="fl-143"/>
      </object_component>
      <object_component id="oc-e9">
         <name>.text</name>
         <load_address>0x1fd0</load_address>
         <run_address>0x1fd0</run_address>
         <size>0x4c</size>
         <input_file_ref idref="fl-13b"/>
      </object_component>
      <object_component id="oc-21f">
         <name>.text:USBDBulkPacketWrite</name>
         <load_address>0x201c</load_address>
         <run_address>0x201c</run_address>
         <size>0x4a</size>
         <input_file_ref idref="fl-144"/>
      </object_component>
      <object_component id="oc-150">
         <name>.text:GPIOPinConfigure</name>
         <load_address>0x2068</load_address>
         <run_address>0x2068</run_address>
         <size>0x48</size>
         <input_file_ref idref="fl-13d"/>
      </object_component>
      <object_component id="oc-123">
         <name>.text:USBDeviceResumeTickHandler</name>
         <load_address>0x20b0</load_address>
         <run_address>0x20b0</run_address>
         <size>0x48</size>
         <input_file_ref idref="fl-141"/>
      </object_component>
      <object_component id="oc-45c">
         <name>.text:USBFIFOConfigSet</name>
         <load_address>0x20f8</load_address>
         <run_address>0x20f8</run_address>
         <size>0x46</size>
         <input_file_ref idref="fl-14c"/>
      </object_component>
      <object_component id="oc-359">
         <name>.text:USBDGetInterface</name>
         <load_address>0x2140</load_address>
         <run_address>0x2140</run_address>
         <size>0x44</size>
         <input_file_ref idref="fl-141"/>
      </object_component>
      <object_component id="oc-1c2">
         <name>.text:USBEndpointDataGet</name>
         <load_address>0x2184</load_address>
         <run_address>0x2184</run_address>
         <size>0x44</size>
         <input_file_ref idref="fl-14c"/>
      </object_component>
      <object_component id="oc-8c">
         <name>.text</name>
         <load_address>0x21c8</load_address>
         <run_address>0x21c8</run_address>
         <size>0x44</size>
         <input_file_ref idref="fl-132"/>
      </object_component>
      <object_component id="oc-1fc">
         <name>.text</name>
         <load_address>0x220c</load_address>
         <run_address>0x220c</run_address>
         <size>0x40</size>
         <input_file_ref idref="fl-137"/>
      </object_component>
      <object_component id="oc-458">
         <name>.text:GetEndpointFIFOSize</name>
         <load_address>0x224c</load_address>
         <run_address>0x224c</run_address>
         <size>0x3e</size>
         <input_file_ref idref="fl-142"/>
      </object_component>
      <object_component id="oc-289">
         <name>.text:UARTFlushTx</name>
         <load_address>0x228c</load_address>
         <run_address>0x228c</run_address>
         <size>0x3c</size>
         <input_file_ref idref="fl-5"/>
      </object_component>
      <object_component id="oc-44c">
         <name>.text:USBDCDConfigGetInterfaceEndpoint</name>
         <load_address>0x22c8</load_address>
         <run_address>0x22c8</run_address>
         <size>0x3a</size>
         <input_file_ref idref="fl-143"/>
      </object_component>
      <object_component id="oc-351">
         <name>.text:USBDGetConfiguration</name>
         <load_address>0x2304</load_address>
         <run_address>0x2304</run_address>
         <size>0x38</size>
         <input_file_ref idref="fl-141"/>
      </object_component>
      <object_component id="oc-ca">
         <name>.text:USBIntStatusControl</name>
         <load_address>0x233c</load_address>
         <run_address>0x233c</run_address>
         <size>0x38</size>
         <input_file_ref idref="fl-14c"/>
      </object_component>
      <object_component id="oc-481">
         <name>.text:NextConfigDescGet</name>
         <load_address>0x2374</load_address>
         <run_address>0x2374</run_address>
         <size>0x36</size>
         <input_file_ref idref="fl-143"/>
      </object_component>
      <object_component id="oc-332">
         <name>.text:USBDevEndpointStall</name>
         <load_address>0x23aa</load_address>
         <run_address>0x23aa</run_address>
         <size>0x36</size>
         <input_file_ref idref="fl-14c"/>
      </object_component>
      <object_component id="oc-3ce">
         <name>.text:USBRingBufAdvanceWrite</name>
         <load_address>0x23e0</load_address>
         <run_address>0x23e0</run_address>
         <size>0x36</size>
         <input_file_ref idref="fl-14b"/>
      </object_component>
      <object_component id="oc-127">
         <name>.text:InternalUSBStartOfFrameTick</name>
         <load_address>0x2418</load_address>
         <run_address>0x2418</run_address>
         <size>0x34</size>
         <input_file_ref idref="fl-145"/>
      </object_component>
      <object_component id="oc-11f">
         <name>.text:USBDeviceEnumResetHandler</name>
         <load_address>0x244c</load_address>
         <run_address>0x244c</run_address>
         <size>0x32</size>
         <input_file_ref idref="fl-141"/>
      </object_component>
      <object_component id="oc-388">
         <name>.text:HandleEndpoints</name>
         <load_address>0x247e</load_address>
         <run_address>0x247e</run_address>
         <size>0x30</size>
         <input_file_ref idref="fl-144"/>
      </object_component>
      <object_component id="oc-2b1">
         <name>.text:InternalUSBTickInit</name>
         <load_address>0x24b0</load_address>
         <run_address>0x24b0</run_address>
         <size>0x30</size>
         <input_file_ref idref="fl-145"/>
      </object_component>
      <object_component id="oc-270">
         <name>.text:USBEndpointDataPut</name>
         <load_address>0x24e0</load_address>
         <run_address>0x24e0</run_address>
         <size>0x30</size>
         <input_file_ref idref="fl-14c"/>
      </object_component>
      <object_component id="oc-274">
         <name>.text:USBEndpointDataSend</name>
         <load_address>0x2510</load_address>
         <run_address>0x2510</run_address>
         <size>0x2e</size>
         <input_file_ref idref="fl-14c"/>
      </object_component>
      <object_component id="oc-2b5">
         <name>.text:InternalUSBRegisterTickHandler</name>
         <load_address>0x2540</load_address>
         <run_address>0x2540</run_address>
         <size>0x2c</size>
         <input_file_ref idref="fl-145"/>
      </object_component>
      <object_component id="oc-415">
         <name>.text:ProcessDataToHost</name>
         <load_address>0x256c</load_address>
         <run_address>0x256c</run_address>
         <size>0x2c</size>
         <input_file_ref idref="fl-144"/>
      </object_component>
      <object_component id="oc-283">
         <name>.text:UARTFlushRx</name>
         <load_address>0x2598</load_address>
         <run_address>0x2598</run_address>
         <size>0x2c</size>
         <input_file_ref idref="fl-5"/>
      </object_component>
      <object_component id="oc-3fb">
         <name>.text:USBDCDConfigDescGetNum</name>
         <load_address>0x25c4</load_address>
         <run_address>0x25c4</run_address>
         <size>0x2c</size>
         <input_file_ref idref="fl-143"/>
      </object_component>
      <object_component id="oc-47c">
         <name>.text:USBDescGet</name>
         <load_address>0x25f0</load_address>
         <run_address>0x25f0</run_address>
         <size>0x2c</size>
         <input_file_ref idref="fl-147"/>
      </object_component>
      <object_component id="oc-38c">
         <name>.text:HandleDevice</name>
         <load_address>0x261c</load_address>
         <run_address>0x261c</run_address>
         <size>0x2a</size>
         <input_file_ref idref="fl-144"/>
      </object_component>
      <object_component id="oc-462">
         <name>.text:USBDescGetNum</name>
         <load_address>0x2646</load_address>
         <run_address>0x2646</run_address>
         <size>0x28</size>
         <input_file_ref idref="fl-147"/>
      </object_component>
      <object_component id="oc-2d6">
         <name>.text:USBIntEnableControl</name>
         <load_address>0x2670</load_address>
         <run_address>0x2670</run_address>
         <size>0x28</size>
         <input_file_ref idref="fl-14c"/>
      </object_component>
      <object_component id="oc-434">
         <name>.text:UpdateIndexAtomic</name>
         <load_address>0x2698</load_address>
         <run_address>0x2698</run_address>
         <size>0x28</size>
         <input_file_ref idref="fl-14b"/>
      </object_component>
      <object_component id="oc-318">
         <name>.text:HandleRequestBuffer</name>
         <load_address>0x26c0</load_address>
         <run_address>0x26c0</run_address>
         <size>0x24</size>
         <input_file_ref idref="fl-148"/>
      </object_component>
      <object_component id="oc-345">
         <name>.text:USBDSetAddress</name>
         <load_address>0x26e4</load_address>
         <run_address>0x26e4</run_address>
         <size>0x24</size>
         <input_file_ref idref="fl-141"/>
      </object_component>
      <object_component id="oc-1c6">
         <name>.text:USBDevEndpointDataAck</name>
         <load_address>0x2708</load_address>
         <run_address>0x2708</run_address>
         <size>0x24</size>
         <input_file_ref idref="fl-14c"/>
      </object_component>
      <object_component id="oc-2bd">
         <name>.text:BulkTickHandler</name>
         <load_address>0x272c</load_address>
         <run_address>0x272c</run_address>
         <size>0x22</size>
         <input_file_ref idref="fl-144"/>
      </object_component>
      <object_component id="oc-154">
         <name>.text:UARTStdioInit</name>
         <load_address>0x2750</load_address>
         <run_address>0x2750</run_address>
         <size>0x20</size>
         <input_file_ref idref="fl-5"/>
      </object_component>
      <object_component id="oc-164">
         <name>.text:USBStackModeSet</name>
         <load_address>0x2770</load_address>
         <run_address>0x2770</run_address>
         <size>0x20</size>
         <input_file_ref idref="fl-146"/>
      </object_component>
      <object_component id="oc-310">
         <name>.text:HandleDataRemaining</name>
         <load_address>0x2790</load_address>
         <run_address>0x2790</run_address>
         <size>0x1e</size>
         <input_file_ref idref="fl-148"/>
      </object_component>
      <object_component id="oc-239">
         <name>.text:USBDBulkRxPacketAvailable</name>
         <load_address>0x27ae</load_address>
         <run_address>0x27ae</run_address>
         <size>0x1e</size>
         <input_file_ref idref="fl-144"/>
      </object_component>
      <object_component id="oc-304">
         <name>.text:USBEndpointDataAvail</name>
         <load_address>0x27cc</load_address>
         <run_address>0x27cc</run_address>
         <size>0x1e</size>
         <input_file_ref idref="fl-14c"/>
      </object_component>
      <object_component id="oc-3c0">
         <name>.text:USBRingBufAdvanceRead</name>
         <load_address>0x27ea</load_address>
         <run_address>0x27ea</run_address>
         <size>0x1e</size>
         <input_file_ref idref="fl-14b"/>
      </object_component>
      <object_component id="oc-378">
         <name>.text:HandleConfigChange</name>
         <load_address>0x2808</load_address>
         <run_address>0x2808</run_address>
         <size>0x1c</size>
         <input_file_ref idref="fl-144"/>
      </object_component>
      <object_component id="oc-384">
         <name>.text:HandleDisconnect</name>
         <load_address>0x2824</load_address>
         <run_address>0x2824</run_address>
         <size>0x1c</size>
         <input_file_ref idref="fl-144"/>
      </object_component>
      <object_component id="oc-308">
         <name>.text:SetDeferredOpFlag</name>
         <load_address>0x2840</load_address>
         <run_address>0x2840</run_address>
         <size>0x1c</size>
         <input_file_ref idref="fl-144"/>
      </object_component>
      <object_component id="oc-168">
         <name>.text:USBDBulkInit</name>
         <load_address>0x285c</load_address>
         <run_address>0x285c</run_address>
         <size>0x1c</size>
         <input_file_ref idref="fl-144"/>
      </object_component>
      <object_component id="oc-3ff">
         <name>.text:USBDCDConfigGetInterface</name>
         <load_address>0x2878</load_address>
         <run_address>0x2878</run_address>
         <size>0x1c</size>
         <input_file_ref idref="fl-143"/>
      </object_component>
      <object_component id="oc-263">
         <name>.text:USBDCDStallEP0</name>
         <load_address>0x2894</load_address>
         <run_address>0x2894</run_address>
         <size>0x1c</size>
         <input_file_ref idref="fl-141"/>
      </object_component>
      <object_component id="oc-3c9">
         <name>.text:USBRingBufContigFree</name>
         <load_address>0x28b0</load_address>
         <run_address>0x28b0</run_address>
         <size>0x1c</size>
         <input_file_ref idref="fl-14b"/>
      </object_component>
      <object_component id="oc-3d6">
         <name>.text:USBRingBufWrite</name>
         <load_address>0x28cc</load_address>
         <run_address>0x28cc</run_address>
         <size>0x1a</size>
         <input_file_ref idref="fl-14b"/>
      </object_component>
      <object_component id="oc-b0">
         <name>.text:IsBufferFull</name>
         <load_address>0x28e6</load_address>
         <run_address>0x28e6</run_address>
         <size>0x18</size>
         <input_file_ref idref="fl-5"/>
      </object_component>
      <object_component id="oc-4e">
         <name>.text:USB0DeviceIntHandler</name>
         <load_address>0x2900</load_address>
         <run_address>0x2900</run_address>
         <size>0x18</size>
         <input_file_ref idref="fl-140"/>
      </object_component>
      <object_component id="oc-26c">
         <name>.text:USBDCDConfigDescGetSize</name>
         <load_address>0x2918</load_address>
         <run_address>0x2918</run_address>
         <size>0x18</size>
         <input_file_ref idref="fl-143"/>
      </object_component>
      <object_component id="oc-34d">
         <name>.text:USBDSetDescriptor</name>
         <load_address>0x2930</load_address>
         <run_address>0x2930</run_address>
         <size>0x18</size>
         <input_file_ref idref="fl-141"/>
      </object_component>
      <object_component id="oc-361">
         <name>.text:USBDSyncFrame</name>
         <load_address>0x2948</load_address>
         <run_address>0x2948</run_address>
         <size>0x18</size>
         <input_file_ref idref="fl-141"/>
      </object_component>
      <object_component id="oc-86">
         <name>.text</name>
         <load_address>0x2960</load_address>
         <run_address>0x2960</run_address>
         <size>0x18</size>
         <input_file_ref idref="fl-139"/>
      </object_component>
      <object_component id="oc-160">
         <name>.text:USBBufferInit</name>
         <load_address>0x2978</load_address>
         <run_address>0x2978</run_address>
         <size>0x16</size>
         <input_file_ref idref="fl-148"/>
      </object_component>
      <object_component id="oc-1ac">
         <name>.text:USBHostResume</name>
         <load_address>0x298e</load_address>
         <run_address>0x298e</run_address>
         <size>0x16</size>
         <input_file_ref idref="fl-14c"/>
      </object_component>
      <object_component id="oc-489">
         <name>.text:USBIndexWrite</name>
         <load_address>0x29a4</load_address>
         <run_address>0x29a4</run_address>
         <size>0x16</size>
         <input_file_ref idref="fl-14c"/>
      </object_component>
      <object_component id="oc-3bb">
         <name>.text:USBRingBufUsed</name>
         <load_address>0x29ba</load_address>
         <run_address>0x29ba</run_address>
         <size>0x16</size>
         <input_file_ref idref="fl-14b"/>
      </object_component>
      <object_component id="oc-219">
         <name>.text:TxHandler</name>
         <load_address>0x29d0</load_address>
         <run_address>0x29d0</run_address>
         <size>0x14</size>
         <input_file_ref idref="fl-4"/>
      </object_component>
      <object_component id="oc-3af">
         <name>.text:USBBufferDataWritten</name>
         <load_address>0x29e4</load_address>
         <run_address>0x29e4</run_address>
         <size>0x14</size>
         <input_file_ref idref="fl-148"/>
      </object_component>
      <object_component id="oc-2da">
         <name>.text:USBIntEnableEndpoint</name>
         <load_address>0x29f8</load_address>
         <run_address>0x29f8</run_address>
         <size>0x14</size>
         <input_file_ref idref="fl-14c"/>
      </object_component>
      <object_component id="oc-439">
         <name>.text:USBRingBufContigUsed</name>
         <load_address>0x2a0c</load_address>
         <run_address>0x2a0c</run_address>
         <size>0x14</size>
         <input_file_ref idref="fl-14b"/>
      </object_component>
      <object_component id="oc-3b4">
         <name>.text:USBRingBufFlush</name>
         <load_address>0x2a20</load_address>
         <run_address>0x2a20</run_address>
         <size>0x14</size>
         <input_file_ref idref="fl-14b"/>
      </object_component>
      <object_component id="oc-181">
         <name>.text</name>
         <load_address>0x2a34</load_address>
         <run_address>0x2a34</run_address>
         <size>0x14</size>
         <input_file_ref idref="fl-138"/>
      </object_component>
      <object_component id="oc-380">
         <name>.text:HandleResume</name>
         <load_address>0x2a48</load_address>
         <run_address>0x2a48</run_address>
         <size>0x12</size>
         <input_file_ref idref="fl-144"/>
      </object_component>
      <object_component id="oc-37c">
         <name>.text:HandleSuspend</name>
         <load_address>0x2a5a</load_address>
         <run_address>0x2a5a</run_address>
         <size>0x12</size>
         <input_file_ref idref="fl-144"/>
      </object_component>
      <object_component id="oc-314">
         <name>.text:HandleTxComplete</name>
         <load_address>0x2a6c</load_address>
         <run_address>0x2a6c</run_address>
         <size>0x12</size>
         <input_file_ref idref="fl-148"/>
      </object_component>
      <object_component id="oc-1b6">
         <name>.text:USBEndpointStatus</name>
         <load_address>0x2a7e</load_address>
         <run_address>0x2a7e</run_address>
         <size>0x12</size>
         <input_file_ref idref="fl-14c"/>
      </object_component>
      <object_component id="oc-3d2">
         <name>.text:USBRingBufFree</name>
         <load_address>0x2a90</load_address>
         <run_address>0x2a90</run_address>
         <size>0x12</size>
         <input_file_ref idref="fl-14b"/>
      </object_component>
      <object_component id="oc-441">
         <name>.text:USBRingBufWriteOne</name>
         <load_address>0x2aa2</load_address>
         <run_address>0x2aa2</run_address>
         <size>0x12</size>
         <input_file_ref idref="fl-14b"/>
      </object_component>
      <object_component id="oc-2ca">
         <name>.text:SysCtlUSBPLLEnable</name>
         <load_address>0x2ab4</load_address>
         <run_address>0x2ab4</run_address>
         <size>0x10</size>
         <input_file_ref idref="fl-14e"/>
      </object_component>
      <object_component id="oc-42">
         <name>.text:SysTickIntHandler</name>
         <load_address>0x2ac4</load_address>
         <run_address>0x2ac4</run_address>
         <size>0x10</size>
         <input_file_ref idref="fl-4"/>
      </object_component>
      <object_component id="oc-223">
         <name>.text:USBDBulkTxPacketAvailable</name>
         <load_address>0x2ad4</load_address>
         <run_address>0x2ad4</run_address>
         <size>0x10</size>
         <input_file_ref idref="fl-144"/>
      </object_component>
      <object_component id="oc-a4">
         <name>.text:IsBufferEmpty</name>
         <load_address>0x2ae4</load_address>
         <run_address>0x2ae4</run_address>
         <size>0xe</size>
         <input_file_ref idref="fl-5"/>
      </object_component>
      <object_component id="oc-3a7">
         <name>.text:USBBufferInfoGet</name>
         <load_address>0x2af2</load_address>
         <run_address>0x2af2</run_address>
         <size>0xe</size>
         <input_file_ref idref="fl-148"/>
      </object_component>
      <object_component id="oc-12">
         <name>.text:decompress:none</name>
         <load_address>0x2b00</load_address>
         <run_address>0x2b00</run_address>
         <size>0xe</size>
         <input_file_ref idref="fl-12f"/>
      </object_component>
      <object_component id="oc-46f">
         <name>.text:CPUcpsid</name>
         <load_address>0x2b0e</load_address>
         <run_address>0x2b0e</run_address>
         <size>0xc</size>
         <input_file_ref idref="fl-13f"/>
      </object_component>
      <object_component id="oc-474">
         <name>.text:CPUcpsie</name>
         <load_address>0x2b1a</load_address>
         <run_address>0x2b1a</run_address>
         <size>0xc</size>
         <input_file_ref idref="fl-13f"/>
      </object_component>
      <object_component id="oc-12b">
         <name>.text:USBIntStatusEndpoint</name>
         <load_address>0x2b26</load_address>
         <run_address>0x2b26</run_address>
         <size>0xc</size>
         <input_file_ref idref="fl-14c"/>
      </object_component>
      <object_component id="oc-202">
         <name>.text:USBRingBufInit</name>
         <load_address>0x2b32</load_address>
         <run_address>0x2b32</run_address>
         <size>0xc</size>
         <input_file_ref idref="fl-14b"/>
      </object_component>
      <object_component id="oc-1e">
         <name>.text:decompress:ZI</name>
         <load_address>0x2b3e</load_address>
         <run_address>0x2b3e</run_address>
         <size>0xc</size>
         <input_file_ref idref="fl-131"/>
      </object_component>
      <object_component id="oc-16c">
         <name>.text:GPIOPinWrite</name>
         <load_address>0x2b4a</load_address>
         <run_address>0x2b4a</run_address>
         <size>0xa</size>
         <input_file_ref idref="fl-13d"/>
      </object_component>
      <object_component id="oc-42a">
         <name>.text:IntMasterDisable</name>
         <load_address>0x2b54</load_address>
         <run_address>0x2b54</run_address>
         <size>0xa</size>
         <input_file_ref idref="fl-13e"/>
      </object_component>
      <object_component id="oc-42e">
         <name>.text:IntMasterEnable</name>
         <load_address>0x2b5e</load_address>
         <run_address>0x2b5e</run_address>
         <size>0xa</size>
         <input_file_ref idref="fl-13e"/>
      </object_component>
      <object_component id="oc-2e3">
         <name>.text:USBDevConnect</name>
         <load_address>0x2b68</load_address>
         <run_address>0x2b68</run_address>
         <size>0xa</size>
         <input_file_ref idref="fl-14c"/>
      </object_component>
      <object_component id="oc-133">
         <name>.text:USBDevDisconnect</name>
         <load_address>0x2b72</load_address>
         <run_address>0x2b72</run_address>
         <size>0xa</size>
         <input_file_ref idref="fl-14c"/>
      </object_component>
      <object_component id="oc-2d2">
         <name>.text:USBDevMode</name>
         <load_address>0x2b7c</load_address>
         <run_address>0x2b7c</run_address>
         <size>0x8</size>
         <input_file_ref idref="fl-14c"/>
      </object_component>
      <object_component id="oc-2ce">
         <name>.text:USBOTGMode</name>
         <load_address>0x2b84</load_address>
         <run_address>0x2b84</run_address>
         <size>0x8</size>
         <input_file_ref idref="fl-14c"/>
      </object_component>
      <object_component id="oc-2a">
         <name>.text:ResetISR</name>
         <load_address>0x2b8c</load_address>
         <run_address>0x2b8c</run_address>
         <size>0x6</size>
         <input_file_ref idref="fl-2"/>
      </object_component>
      <object_component id="oc-2e2">
         <name>.text:SysCtlDelay</name>
         <load_address>0x2b92</load_address>
         <run_address>0x2b92</run_address>
         <size>0x6</size>
         <input_file_ref idref="fl-14e"/>
      </object_component>
      <object_component id="oc-2ff">
         <name>.text:USBBufferFlush</name>
         <load_address>0x2b98</load_address>
         <run_address>0x2b98</run_address>
         <size>0x6</size>
         <input_file_ref idref="fl-148"/>
      </object_component>
      <object_component id="oc-3ab">
         <name>.text:USBBufferSpaceAvailable</name>
         <load_address>0x2b9e</load_address>
         <run_address>0x2b9e</run_address>
         <size>0x6</size>
         <input_file_ref idref="fl-148"/>
      </object_component>
      <object_component id="oc-18">
         <name>.text:decompress:rle24</name>
         <load_address>0x2ba4</load_address>
         <run_address>0x2ba4</run_address>
         <size>0x6</size>
         <input_file_ref idref="fl-130"/>
      </object_component>
      <object_component id="oc-1be">
         <name>.text:USBDevAddrSet</name>
         <load_address>0x2baa</load_address>
         <run_address>0x2baa</run_address>
         <size>0x4</size>
         <input_file_ref idref="fl-14c"/>
      </object_component>
      <object_component id="oc-7a">
         <name>.text</name>
         <load_address>0x2bae</load_address>
         <run_address>0x2bae</run_address>
         <size>0x4</size>
         <input_file_ref idref="fl-135"/>
      </object_component>
      <object_component id="oc-1f1">
         <name>.const:g_pulGPIOBaseAddrs</name>
         <load_address>0x2bb4</load_address>
         <run_address>0x2bb4</run_address>
         <size>0x78</size>
         <input_file_ref idref="fl-13d"/>
      </object_component>
      <object_component id="oc-390">
         <name>.const:g_sUSBDefaultFIFOConfig</name>
         <load_address>0x2c2c</load_address>
         <run_address>0x2c2c</run_address>
         <size>0x78</size>
         <input_file_ref idref="fl-141"/>
      </object_component>
      <object_component id="oc-3a3">
         <name>.const</name>
         <load_address>0x2ca4</load_address>
         <run_address>0x2ca4</run_address>
         <size>0x70</size>
         <input_file_ref idref="fl-13e"/>
      </object_component>
      <object_component id="oc-39f">
         <name>.const:g_pulXtals</name>
         <load_address>0x2d14</load_address>
         <run_address>0x2d14</run_address>
         <size>0x6c</size>
         <input_file_ref idref="fl-14e"/>
      </object_component>
      <object_component id="oc-395">
         <name>.const</name>
         <load_address>0x2d80</load_address>
         <run_address>0x2d80</run_address>
         <size>0x40</size>
         <input_file_ref idref="fl-14e"/>
      </object_component>
      <object_component id="oc-269">
         <name>.const:g_psUSBDStdRequests</name>
         <load_address>0x2dc0</load_address>
         <run_address>0x2dc0</run_address>
         <size>0x34</size>
         <input_file_ref idref="fl-141"/>
      </object_component>
      <object_component id="oc-374">
         <name>.const</name>
         <load_address>0x2df4</load_address>
         <run_address>0x2df4</run_address>
         <size>0x34</size>
         <input_file_ref idref="fl-144"/>
      </object_component>
      <object_component id="oc-32d">
         <name>.const:.string:g_pConfigString</name>
         <load_address>0x2e28</load_address>
         <run_address>0x2e28</run_address>
         <size>0x30</size>
         <input_file_ref idref="fl-3"/>
      </object_component>
      <object_component id="oc-32a">
         <name>.const:.string:g_pDataInterfaceString</name>
         <load_address>0x2e58</load_address>
         <run_address>0x2e58</run_address>
         <size>0x28</size>
         <input_file_ref idref="fl-3"/>
      </object_component>
      <object_component id="oc-327">
         <name>.const:.string:g_pProductString</name>
         <load_address>0x2e80</load_address>
         <run_address>0x2e80</run_address>
         <size>0x28</size>
         <input_file_ref idref="fl-3"/>
      </object_component>
      <object_component id="oc-109">
         <name>.const</name>
         <load_address>0x2ea8</load_address>
         <run_address>0x2ea8</run_address>
         <size>0x28</size>
         <input_file_ref idref="fl-5"/>
      </object_component>
      <object_component id="oc-324">
         <name>.const:.string:g_pManufacturerString</name>
         <load_address>0x2ed0</load_address>
         <run_address>0x2ed0</run_address>
         <size>0x24</size>
         <input_file_ref idref="fl-3"/>
      </object_component>
      <object_component id="oc-176">
         <name>.const:g_sBulkDevice</name>
         <load_address>0x2ef4</load_address>
         <run_address>0x2ef4</run_address>
         <size>0x24</size>
         <input_file_ref idref="fl-3"/>
      </object_component>
      <object_component id="oc-173">
         <name>.const:g_sRxBuffer</name>
         <load_address>0x2f18</load_address>
         <run_address>0x2f18</run_address>
         <size>0x24</size>
         <input_file_ref idref="fl-3"/>
      </object_component>
      <object_component id="oc-170">
         <name>.const:g_sTxBuffer</name>
         <load_address>0x2f3c</load_address>
         <run_address>0x2f3c</run_address>
         <size>0x24</size>
         <input_file_ref idref="fl-3"/>
      </object_component>
      <object_component id="oc-247">
         <name>.const</name>
         <load_address>0x2f60</load_address>
         <run_address>0x2f60</run_address>
         <size>0x18</size>
         <input_file_ref idref="fl-3"/>
      </object_component>
      <object_component id="oc-321">
         <name>.const:.string</name>
         <load_address>0x2f78</load_address>
         <run_address>0x2f78</run_address>
         <size>0x16</size>
         <input_file_ref idref="fl-3"/>
      </object_component>
      <object_component id="oc-1a0">
         <name>.const:.string</name>
         <load_address>0x2f90</load_address>
         <run_address>0x2f90</run_address>
         <size>0x12</size>
         <input_file_ref idref="fl-5"/>
      </object_component>
      <object_component id="oc-4c1">
         <name>.cinit..data.load</name>
         <load_address>0x2fa8</load_address>
         <run_address>0x2fa8</run_address>
         <size>0x6d</size>
      </object_component>
      <object_component id="oc-4bf">
         <name>__TI_handler_table</name>
         <load_address>0x3018</load_address>
         <run_address>0x3018</run_address>
         <size>0xc</size>
      </object_component>
      <object_component id="oc-4c2">
         <name>.cinit..bss.load</name>
         <load_address>0x3028</load_address>
         <run_address>0x3028</run_address>
         <size>0x8</size>
      </object_component>
      <object_component id="oc-4c0">
         <name>__TI_cinit_table</name>
         <load_address>0x3030</load_address>
         <run_address>0x3030</run_address>
         <size>0x10</size>
      </object_component>
      <object_component id="oc-29">
         <name>.stack</name>
         <uninitialized>true</uninitialized>
         <run_address>0x200007a0</run_address>
         <size>0x0</size>
         <input_file_ref idref="fl-12e"/>
      </object_component>
      <object_component id="oc-4c3">
         <name>.stack</name>
         <uninitialized>true</uninitialized>
         <run_address>0x200007a0</run_address>
         <size>0x0</size>
      </object_component>
      <object_component id="oc-23d">
         <name>.bss:g_pucUSBRxBuffer</name>
         <uninitialized>true</uninitialized>
         <run_address>0x20000400</run_address>
         <size>0x100</size>
         <input_file_ref idref="fl-3"/>
      </object_component>
      <object_component id="oc-227">
         <name>.bss:g_pucUSBTxBuffer</name>
         <uninitialized>true</uninitialized>
         <run_address>0x20000500</run_address>
         <size>0x100</size>
         <input_file_ref idref="fl-3"/>
      </object_component>
      <object_component id="oc-10c">
         <name>.bss:g_pcUARTTxBuffer</name>
         <uninitialized>true</uninitialized>
         <run_address>0x20000000</run_address>
         <size>0x400</size>
         <input_file_ref idref="fl-5"/>
      </object_component>
      <object_component id="oc-bc">
         <name>.bss:g_pcUARTRxBuffer</name>
         <uninitialized>true</uninitialized>
         <run_address>0x20000600</run_address>
         <size>0x80</size>
         <input_file_ref idref="fl-5"/>
      </object_component>
      <object_component id="oc-267">
         <name>.bss:g_pucDataBufferIn</name>
         <uninitialized>true</uninitialized>
         <run_address>0x200006d4</run_address>
         <size>0x40</size>
         <input_file_ref idref="fl-141"/>
      </object_component>
      <object_component id="oc-13a">
         <name>.bss:g_psUSBDevice</name>
         <uninitialized>true</uninitialized>
         <run_address>0x20000680</run_address>
         <size>0x54</size>
         <input_file_ref idref="fl-141"/>
      </object_component>
      <object_component id="oc-1b1">
         <name>.bss</name>
         <uninitialized>true</uninitialized>
         <run_address>0x20000714</run_address>
         <size>0x30</size>
         <input_file_ref idref="fl-145"/>
      </object_component>
      <object_component id="oc-20a">
         <name>.bss</name>
         <uninitialized>true</uninitialized>
         <run_address>0x2000078c</run_address>
         <size>0xc</size>
         <input_file_ref idref="fl-146"/>
      </object_component>
      <object_component id="oc-24a">
         <name>.common:g_sBulkInstance</name>
         <uninitialized>true</uninitialized>
         <run_address>0x20000774</run_address>
         <size>0x18</size>
      </object_component>
      <object_component id="oc-240">
         <name>.common:g_pucRxBufferWorkspace</name>
         <uninitialized>true</uninitialized>
         <run_address>0x20000744</run_address>
         <size>0x18</size>
      </object_component>
      <object_component id="oc-22a">
         <name>.common:g_pucTxBufferWorkspace</name>
         <uninitialized>true</uninitialized>
         <run_address>0x2000075c</run_address>
         <size>0x18</size>
      </object_component>
      <object_component id="oc-b9">
         <name>.common:g_bDisableEcho</name>
         <uninitialized>true</uninitialized>
         <run_address>0x2000079c</run_address>
         <size>0x1</size>
      </object_component>
      <object_component id="oc-108">
         <name>.common:g_ulPortNum</name>
         <uninitialized>true</uninitialized>
         <run_address>0x20000798</run_address>
         <size>0x4</size>
      </object_component>
      <object_component id="oc-9a">
         <name>.data</name>
         <load_address>0x20000c28</load_address>
         <run_address>0x20000c28</run_address>
         <size>0x11</size>
         <input_file_ref idref="fl-4"/>
      </object_component>
      <object_component id="oc-b6">
         <name>.data</name>
         <load_address>0x20000c10</load_address>
         <run_address>0x20000c10</run_address>
         <size>0x15</size>
         <input_file_ref idref="fl-5"/>
      </object_component>
      <object_component id="oc-fc">
         <name>.data</name>
         <load_address>0x20000c5c</load_address>
         <run_address>0x20000c5c</run_address>
         <size>0x8</size>
         <input_file_ref idref="fl-132"/>
      </object_component>
      <object_component id="oc-92">
         <name>.data</name>
         <load_address>0x20000c64</load_address>
         <run_address>0x20000c64</run_address>
         <size>0x4</size>
         <input_file_ref idref="fl-136"/>
      </object_component>
      <object_component id="oc-f9">
         <name>.data</name>
         <load_address>0x20000c54</load_address>
         <run_address>0x20000c54</run_address>
         <size>0x8</size>
         <input_file_ref idref="fl-138"/>
      </object_component>
      <object_component id="oc-139">
         <name>.data</name>
         <load_address>0x20000c68</load_address>
         <run_address>0x20000c68</run_address>
         <size>0x4</size>
         <input_file_ref idref="fl-141"/>
      </object_component>
      <object_component id="oc-2b9">
         <name>.data</name>
         <load_address>0x20000bec</load_address>
         <run_address>0x20000bec</run_address>
         <size>0x24</size>
         <input_file_ref idref="fl-144"/>
      </object_component>
      <object_component id="oc-2bb">
         <name>.data:g_sBulkDeviceInfo</name>
         <load_address>0x20000ba0</load_address>
         <run_address>0x20000ba0</run_address>
         <size>0x4c</size>
         <input_file_ref idref="fl-144"/>
      </object_component>
      <object_component id="oc-137">
         <name>.data</name>
         <load_address>0x20000c3c</load_address>
         <run_address>0x20000c3c</run_address>
         <size>0xc</size>
         <input_file_ref idref="fl-145"/>
      </object_component>
      <object_component id="oc-208">
         <name>.data</name>
         <load_address>0x20000c48</load_address>
         <run_address>0x20000c48</run_address>
         <size>0x9</size>
         <input_file_ref idref="fl-146"/>
      </object_component>
      <object_component id="oc-54">
         <name>.debug_info</name>
         <load_address>0x0</load_address>
         <run_address>0x0</run_address>
         <size>0x17a</size>
         <input_file_ref idref="fl-2"/>
      </object_component>
      <object_component id="oc-10">
         <name>.debug_info</name>
         <load_address>0x17a</load_address>
         <run_address>0x17a</run_address>
         <size>0xd7</size>
         <input_file_ref idref="fl-2"/>
      </object_component>
      <object_component id="oc-2b">
         <name>.debug_info</name>
         <load_address>0x251</load_address>
         <run_address>0x251</run_address>
         <size>0x107</size>
         <input_file_ref idref="fl-2"/>
      </object_component>
      <object_component id="oc-31">
         <name>.debug_info</name>
         <load_address>0x358</load_address>
         <run_address>0x358</run_address>
         <size>0xf8</size>
         <input_file_ref idref="fl-2"/>
      </object_component>
      <object_component id="oc-3d">
         <name>.debug_info</name>
         <load_address>0x450</load_address>
         <run_address>0x450</run_address>
         <size>0x110</size>
         <input_file_ref idref="fl-2"/>
      </object_component>
      <object_component id="oc-37">
         <name>.debug_info</name>
         <load_address>0x560</load_address>
         <run_address>0x560</run_address>
         <size>0xfe</size>
         <input_file_ref idref="fl-2"/>
      </object_component>
      <object_component id="oc-c5">
         <name>.debug_info</name>
         <load_address>0x65e</load_address>
         <run_address>0x65e</run_address>
         <size>0x84</size>
         <input_file_ref idref="fl-2"/>
      </object_component>
      <object_component id="oc-22b">
         <name>.debug_info</name>
         <load_address>0x6e2</load_address>
         <run_address>0x6e2</run_address>
         <size>0x588</size>
         <input_file_ref idref="fl-3"/>
      </object_component>
      <object_component id="oc-322">
         <name>.debug_info</name>
         <load_address>0xc6a</load_address>
         <run_address>0xc6a</run_address>
         <size>0x121</size>
         <input_file_ref idref="fl-3"/>
      </object_component>
      <object_component id="oc-325">
         <name>.debug_info</name>
         <load_address>0xd8b</load_address>
         <run_address>0xd8b</run_address>
         <size>0xee</size>
         <input_file_ref idref="fl-3"/>
      </object_component>
      <object_component id="oc-328">
         <name>.debug_info</name>
         <load_address>0xe79</load_address>
         <run_address>0xe79</run_address>
         <size>0xe4</size>
         <input_file_ref idref="fl-3"/>
      </object_component>
      <object_component id="oc-32b">
         <name>.debug_info</name>
         <load_address>0xf5d</load_address>
         <run_address>0xf5d</run_address>
         <size>0xf0</size>
         <input_file_ref idref="fl-3"/>
      </object_component>
      <object_component id="oc-32e">
         <name>.debug_info</name>
         <load_address>0x104d</load_address>
         <run_address>0x104d</run_address>
         <size>0xe2</size>
         <input_file_ref idref="fl-3"/>
      </object_component>
      <object_component id="oc-248">
         <name>.debug_info</name>
         <load_address>0x112f</load_address>
         <run_address>0x112f</run_address>
         <size>0xec</size>
         <input_file_ref idref="fl-3"/>
      </object_component>
      <object_component id="oc-177">
         <name>.debug_info</name>
         <load_address>0x121b</load_address>
         <run_address>0x121b</run_address>
         <size>0xde</size>
         <input_file_ref idref="fl-3"/>
      </object_component>
      <object_component id="oc-23e">
         <name>.debug_info</name>
         <load_address>0x12f9</load_address>
         <run_address>0x12f9</run_address>
         <size>0xe4</size>
         <input_file_ref idref="fl-3"/>
      </object_component>
      <object_component id="oc-174">
         <name>.debug_info</name>
         <load_address>0x13dd</load_address>
         <run_address>0x13dd</run_address>
         <size>0xda</size>
         <input_file_ref idref="fl-3"/>
      </object_component>
      <object_component id="oc-228">
         <name>.debug_info</name>
         <load_address>0x14b7</load_address>
         <run_address>0x14b7</run_address>
         <size>0xe4</size>
         <input_file_ref idref="fl-3"/>
      </object_component>
      <object_component id="oc-171">
         <name>.debug_info</name>
         <load_address>0x159b</load_address>
         <run_address>0x159b</run_address>
         <size>0xda</size>
         <input_file_ref idref="fl-3"/>
      </object_component>
      <object_component id="oc-191">
         <name>.debug_info</name>
         <load_address>0x1675</load_address>
         <run_address>0x1675</run_address>
         <size>0x240</size>
         <input_file_ref idref="fl-3"/>
      </object_component>
      <object_component id="oc-196">
         <name>.debug_info</name>
         <load_address>0x18b5</load_address>
         <run_address>0x18b5</run_address>
         <size>0x1fc</size>
         <input_file_ref idref="fl-3"/>
      </object_component>
      <object_component id="oc-19b">
         <name>.debug_info</name>
         <load_address>0x1ab1</load_address>
         <run_address>0x1ab1</run_address>
         <size>0xa58</size>
         <input_file_ref idref="fl-3"/>
      </object_component>
      <object_component id="oc-c0">
         <name>.debug_info</name>
         <load_address>0x2509</load_address>
         <run_address>0x2509</run_address>
         <size>0x2c</size>
         <input_file_ref idref="fl-3"/>
      </object_component>
      <object_component id="oc-250">
         <name>.debug_info</name>
         <load_address>0x2535</load_address>
         <run_address>0x2535</run_address>
         <size>0xcd</size>
         <input_file_ref idref="fl-3"/>
      </object_component>
      <object_component id="oc-106">
         <name>.debug_info</name>
         <load_address>0x2602</load_address>
         <run_address>0x2602</run_address>
         <size>0x5ef</size>
         <input_file_ref idref="fl-4"/>
      </object_component>
      <object_component id="oc-9b">
         <name>.debug_info</name>
         <load_address>0x2bf1</load_address>
         <run_address>0x2bf1</run_address>
         <size>0x181</size>
         <input_file_ref idref="fl-4"/>
      </object_component>
      <object_component id="oc-f2">
         <name>.debug_info</name>
         <load_address>0x2d72</load_address>
         <run_address>0x2d72</run_address>
         <size>0x2d7</size>
         <input_file_ref idref="fl-4"/>
      </object_component>
      <object_component id="oc-21a">
         <name>.debug_info</name>
         <load_address>0x3049</load_address>
         <run_address>0x3049</run_address>
         <size>0x1af</size>
         <input_file_ref idref="fl-4"/>
      </object_component>
      <object_component id="oc-43">
         <name>.debug_info</name>
         <load_address>0x31f8</load_address>
         <run_address>0x31f8</run_address>
         <size>0x11c</size>
         <input_file_ref idref="fl-4"/>
      </object_component>
      <object_component id="oc-2fa">
         <name>.debug_info</name>
         <load_address>0x3314</load_address>
         <run_address>0x3314</run_address>
         <size>0x288</size>
         <input_file_ref idref="fl-4"/>
      </object_component>
      <object_component id="oc-230">
         <name>.debug_info</name>
         <load_address>0x359c</load_address>
         <run_address>0x359c</run_address>
         <size>0x1fe</size>
         <input_file_ref idref="fl-4"/>
      </object_component>
      <object_component id="oc-ba">
         <name>.debug_info</name>
         <load_address>0x379a</load_address>
         <run_address>0x379a</run_address>
         <size>0x187</size>
         <input_file_ref idref="fl-5"/>
      </object_component>
      <object_component id="oc-10d">
         <name>.debug_info</name>
         <load_address>0x3921</load_address>
         <run_address>0x3921</run_address>
         <size>0xf0</size>
         <input_file_ref idref="fl-5"/>
      </object_component>
      <object_component id="oc-b7">
         <name>.debug_info</name>
         <load_address>0x3a11</load_address>
         <run_address>0x3a11</run_address>
         <size>0x1bc</size>
         <input_file_ref idref="fl-5"/>
      </object_component>
      <object_component id="oc-bd">
         <name>.debug_info</name>
         <load_address>0x3bcd</load_address>
         <run_address>0x3bcd</run_address>
         <size>0xf0</size>
         <input_file_ref idref="fl-5"/>
      </object_component>
      <object_component id="oc-10a">
         <name>.debug_info</name>
         <load_address>0x3cbd</load_address>
         <run_address>0x3cbd</run_address>
         <size>0x158</size>
         <input_file_ref idref="fl-5"/>
      </object_component>
      <object_component id="oc-b2">
         <name>.debug_info</name>
         <load_address>0x3e15</load_address>
         <run_address>0x3e15</run_address>
         <size>0x1fe</size>
         <input_file_ref idref="fl-5"/>
      </object_component>
      <object_component id="oc-a6">
         <name>.debug_info</name>
         <load_address>0x4013</load_address>
         <run_address>0x4013</run_address>
         <size>0x1d6</size>
         <input_file_ref idref="fl-5"/>
      </object_component>
      <object_component id="oc-a0">
         <name>.debug_info</name>
         <load_address>0x41e9</load_address>
         <run_address>0x41e9</run_address>
         <size>0x1bf</size>
         <input_file_ref idref="fl-5"/>
      </object_component>
      <object_component id="oc-ab">
         <name>.debug_info</name>
         <load_address>0x43a8</load_address>
         <run_address>0x43a8</run_address>
         <size>0x1fc</size>
         <input_file_ref idref="fl-5"/>
      </object_component>
      <object_component id="oc-15b">
         <name>.debug_info</name>
         <load_address>0x45a4</load_address>
         <run_address>0x45a4</run_address>
         <size>0x288</size>
         <input_file_ref idref="fl-5"/>
      </object_component>
      <object_component id="oc-49">
         <name>.debug_info</name>
         <load_address>0x482c</load_address>
         <run_address>0x482c</run_address>
         <size>0x27a</size>
         <input_file_ref idref="fl-5"/>
      </object_component>
      <object_component id="oc-284">
         <name>.debug_info</name>
         <load_address>0x4aa6</load_address>
         <run_address>0x4aa6</run_address>
         <size>0x167</size>
         <input_file_ref idref="fl-5"/>
      </object_component>
      <object_component id="oc-28a">
         <name>.debug_info</name>
         <load_address>0x4c0d</load_address>
         <run_address>0x4c0d</run_address>
         <size>0x1b3</size>
         <input_file_ref idref="fl-5"/>
      </object_component>
      <object_component id="oc-1f6">
         <name>.debug_info</name>
         <load_address>0x4dc0</load_address>
         <run_address>0x4dc0</run_address>
         <size>0x244</size>
         <input_file_ref idref="fl-5"/>
      </object_component>
      <object_component id="oc-155">
         <name>.debug_info</name>
         <load_address>0x5004</load_address>
         <run_address>0x5004</run_address>
         <size>0x19d</size>
         <input_file_ref idref="fl-5"/>
      </object_component>
      <object_component id="oc-e0">
         <name>.debug_info</name>
         <load_address>0x51a1</load_address>
         <run_address>0x51a1</run_address>
         <size>0x2c</size>
         <input_file_ref idref="fl-6"/>
      </object_component>
      <object_component id="oc-25">
         <name>.debug_info</name>
         <load_address>0x51cd</load_address>
         <run_address>0x51cd</run_address>
         <size>0x134</size>
         <input_file_ref idref="fl-12e"/>
      </object_component>
      <object_component id="oc-60">
         <name>.debug_info</name>
         <load_address>0x5301</load_address>
         <run_address>0x5301</run_address>
         <size>0x121</size>
         <input_file_ref idref="fl-12f"/>
      </object_component>
      <object_component id="oc-14">
         <name>.debug_info</name>
         <load_address>0x5422</load_address>
         <run_address>0x5422</run_address>
         <size>0x1c0</size>
         <input_file_ref idref="fl-12f"/>
      </object_component>
      <object_component id="oc-5b">
         <name>.debug_info</name>
         <load_address>0x55e2</load_address>
         <run_address>0x55e2</run_address>
         <size>0x46</size>
         <input_file_ref idref="fl-12f"/>
      </object_component>
      <object_component id="oc-d6">
         <name>.debug_info</name>
         <load_address>0x5628</load_address>
         <run_address>0x5628</run_address>
         <size>0x2c</size>
         <input_file_ref idref="fl-12f"/>
      </object_component>
      <object_component id="oc-68">
         <name>.debug_info</name>
         <load_address>0x5654</load_address>
         <run_address>0x5654</run_address>
         <size>0x115</size>
         <input_file_ref idref="fl-130"/>
      </object_component>
      <object_component id="oc-64">
         <name>.debug_info</name>
         <load_address>0x5769</load_address>
         <run_address>0x5769</run_address>
         <size>0x228</size>
         <input_file_ref idref="fl-130"/>
      </object_component>
      <object_component id="oc-1b">
         <name>.debug_info</name>
         <load_address>0x5991</load_address>
         <run_address>0x5991</run_address>
         <size>0x192</size>
         <input_file_ref idref="fl-130"/>
      </object_component>
      <object_component id="oc-69">
         <name>.debug_info</name>
         <load_address>0x5b23</load_address>
         <run_address>0x5b23</run_address>
         <size>0x39</size>
         <input_file_ref idref="fl-130"/>
      </object_component>
      <object_component id="oc-79">
         <name>.debug_info</name>
         <load_address>0x5b5c</load_address>
         <run_address>0x5b5c</run_address>
         <size>0x110</size>
         <input_file_ref idref="fl-131"/>
      </object_component>
      <object_component id="oc-20">
         <name>.debug_info</name>
         <load_address>0x5c6c</load_address>
         <run_address>0x5c6c</run_address>
         <size>0x18b</size>
         <input_file_ref idref="fl-131"/>
      </object_component>
      <object_component id="oc-74">
         <name>.debug_info</name>
         <load_address>0x5df7</load_address>
         <run_address>0x5df7</run_address>
         <size>0x46</size>
         <input_file_ref idref="fl-131"/>
      </object_component>
      <object_component id="oc-100">
         <name>.debug_info</name>
         <load_address>0x5e3d</load_address>
         <run_address>0x5e3d</run_address>
         <size>0x172</size>
         <input_file_ref idref="fl-132"/>
      </object_component>
      <object_component id="oc-fd">
         <name>.debug_info</name>
         <load_address>0x5faf</load_address>
         <run_address>0x5faf</run_address>
         <size>0x117</size>
         <input_file_ref idref="fl-132"/>
      </object_component>
      <object_component id="oc-8d">
         <name>.debug_info</name>
         <load_address>0x60c6</load_address>
         <run_address>0x60c6</run_address>
         <size>0x1ee</size>
         <input_file_ref idref="fl-132"/>
      </object_component>
      <object_component id="oc-56">
         <name>.debug_info</name>
         <load_address>0x62b4</load_address>
         <run_address>0x62b4</run_address>
         <size>0xf6</size>
         <input_file_ref idref="fl-133"/>
      </object_component>
      <object_component id="oc-6f">
         <name>.debug_info</name>
         <load_address>0x63aa</load_address>
         <run_address>0x63aa</run_address>
         <size>0x124</size>
         <input_file_ref idref="fl-134"/>
      </object_component>
      <object_component id="oc-7e">
         <name>.debug_info</name>
         <load_address>0x64ce</load_address>
         <run_address>0x64ce</run_address>
         <size>0x129</size>
         <input_file_ref idref="fl-135"/>
      </object_component>
      <object_component id="oc-93">
         <name>.debug_info</name>
         <load_address>0x65f7</load_address>
         <run_address>0x65f7</run_address>
         <size>0xea</size>
         <input_file_ref idref="fl-136"/>
      </object_component>
      <object_component id="oc-1fe">
         <name>.debug_info</name>
         <load_address>0x66e1</load_address>
         <run_address>0x66e1</run_address>
         <size>0x11f</size>
         <input_file_ref idref="fl-137"/>
      </object_component>
      <object_component id="oc-189">
         <name>.debug_info</name>
         <load_address>0x6800</load_address>
         <run_address>0x6800</run_address>
         <size>0x105</size>
         <input_file_ref idref="fl-138"/>
      </object_component>
      <object_component id="oc-fa">
         <name>.debug_info</name>
         <load_address>0x6905</load_address>
         <run_address>0x6905</run_address>
         <size>0xf4</size>
         <input_file_ref idref="fl-138"/>
      </object_component>
      <object_component id="oc-182">
         <name>.debug_info</name>
         <load_address>0x69f9</load_address>
         <run_address>0x69f9</run_address>
         <size>0x200</size>
         <input_file_ref idref="fl-138"/>
      </object_component>
      <object_component id="oc-f8">
         <name>.debug_info</name>
         <load_address>0x6bf9</load_address>
         <run_address>0x6bf9</run_address>
         <size>0x147</size>
         <input_file_ref idref="fl-139"/>
      </object_component>
      <object_component id="oc-87">
         <name>.debug_info</name>
         <load_address>0x6d40</load_address>
         <run_address>0x6d40</run_address>
         <size>0x148</size>
         <input_file_ref idref="fl-139"/>
      </object_component>
      <object_component id="oc-17c">
         <name>.debug_info</name>
         <load_address>0x6e88</load_address>
         <run_address>0x6e88</run_address>
         <size>0x5e</size>
         <input_file_ref idref="fl-139"/>
      </object_component>
      <object_component id="oc-f0">
         <name>.debug_info</name>
         <load_address>0x6ee6</load_address>
         <run_address>0x6ee6</run_address>
         <size>0x29e</size>
         <input_file_ref idref="fl-13a"/>
      </object_component>
      <object_component id="oc-84">
         <name>.debug_info</name>
         <load_address>0x7184</load_address>
         <run_address>0x7184</run_address>
         <size>0x158</size>
         <input_file_ref idref="fl-13a"/>
      </object_component>
      <object_component id="oc-146">
         <name>.debug_info</name>
         <load_address>0x72dc</load_address>
         <run_address>0x72dc</run_address>
         <size>0x39</size>
         <input_file_ref idref="fl-13a"/>
      </object_component>
      <object_component id="oc-14b">
         <name>.debug_info</name>
         <load_address>0x7315</load_address>
         <run_address>0x7315</run_address>
         <size>0xcd</size>
         <input_file_ref idref="fl-13a"/>
      </object_component>
      <object_component id="oc-143">
         <name>.debug_info</name>
         <load_address>0x73e2</load_address>
         <run_address>0x73e2</run_address>
         <size>0x1c1</size>
         <input_file_ref idref="fl-13b"/>
      </object_component>
      <object_component id="oc-ed">
         <name>.debug_info</name>
         <load_address>0x75a3</load_address>
         <run_address>0x75a3</run_address>
         <size>0x164</size>
         <input_file_ref idref="fl-13b"/>
[...]
         <value>0x20000c60</value>
         <object_component_ref idref="oc-fc"/>
      </symbol>
      <symbol id="sm-2af">
         <name>__TI_cleanup_ptr</name>
         <value>0x20000c5c</value>
         <object_component_ref idref="oc-fc"/>
      </symbol>
      <symbol id="sm-2ca">
         <name>memcpy</name>
         <value>0x136b</value>
         <object_component_ref idref="oc-55"/>
      </symbol>
      <symbol id="sm-2cb">
         <name>__aeabi_memcpy</name>
         <value>0x136b</value>
         <object_component_ref idref="oc-55"/>
      </symbol>
      <symbol id="sm-2cc">
         <name>__aeabi_memcpy8</name>
         <value>0x136b</value>
         <object_component_ref idref="oc-55"/>
      </symbol>
      <symbol id="sm-2cd">
         <name>__aeabi_memcpy4</name>
         <value>0x136b</value>
         <object_component_ref idref="oc-55"/>
      </symbol>
      <symbol id="sm-2dc">
         <name>__aeabi_memset</name>
         <value>0x17c7</value>
         <object_component_ref idref="oc-6e"/>
      </symbol>
      <symbol id="sm-2dd">
         <name>memset</name>
         <value>0x17cd</value>
         <object_component_ref idref="oc-6e"/>
      </symbol>
      <symbol id="sm-2de">
         <name>__aeabi_memset8</name>
         <value>0x17c7</value>
         <object_component_ref idref="oc-6e"/>
      </symbol>
      <symbol id="sm-2df">
         <name>__aeabi_memset4</name>
         <value>0x17c7</value>
         <object_component_ref idref="oc-6e"/>
      </symbol>
      <symbol id="sm-2e0">
         <name>__aeabi_memclr8</name>
         <value>0x17c5</value>
         <object_component_ref idref="oc-6e"/>
      </symbol>
      <symbol id="sm-2e1">
         <name>__aeabi_memclr4</name>
         <value>0x17c5</value>
         <object_component_ref idref="oc-6e"/>
      </symbol>
      <symbol id="sm-2e2">
         <name>__aeabi_memclr</name>
         <value>0x17c5</value>
         <object_component_ref idref="oc-6e"/>
      </symbol>
      <symbol id="sm-2ec">
         <name>_system_pre_init</name>
         <value>0x2baf</value>
         <object_component_ref idref="oc-7a"/>
      </symbol>
      <symbol id="sm-2f4">
         <name>main_func_sp</name>
         <value>0x20000c64</value>
         <object_component_ref idref="oc-92"/>
      </symbol>
      <symbol id="sm-306">
         <name>__aeabi_uidivmod</name>
         <value>0x220d</value>
         <object_component_ref idref="oc-1fc"/>
      </symbol>
      <symbol id="sm-307">
         <name>__aeabi_uidiv</name>
         <value>0x220d</value>
         <object_component_ref idref="oc-1fc"/>
      </symbol>
      <symbol id="sm-320">
         <name>_nop</name>
         <value>0x2a43</value>
         <object_component_ref idref="oc-181"/>
      </symbol>
      <symbol id="sm-321">
         <name>_lock</name>
         <value>0x20000c54</value>
         <object_component_ref idref="oc-f9"/>
      </symbol>
      <symbol id="sm-322">
         <name>_unlock</name>
         <value>0x20000c58</value>
         <object_component_ref idref="oc-f9"/>
      </symbol>
      <symbol id="sm-323">
         <name>_register_lock</name>
         <value>0x2a3b</value>
         <object_component_ref idref="oc-181"/>
      </symbol>
      <symbol id="sm-324">
         <name>_register_unlock</name>
         <value>0x2a35</value>
         <object_component_ref idref="oc-181"/>
      </symbol>
      <symbol id="sm-339">
         <name>_args_main</name>
         <value>0x2961</value>
         <object_component_ref idref="oc-86"/>
      </symbol>
      <symbol id="sm-35f">
         <name>__TI_auto_init</name>
         <value>0x1a0d</value>
         <object_component_ref idref="oc-80"/>
      </symbol>
      <symbol id="sm-379">
         <name>copy_in</name>
         <value>0x1fd1</value>
         <object_component_ref idref="oc-e9"/>
      </symbol>
      <symbol id="sm-383">
         <name>__aeabi_idiv0</name>
         <value>0x192f</value>
         <object_component_ref idref="oc-290"/>
      </symbol>
      <symbol id="sm-3a7">
         <name>GPIOPinConfigure</name>
         <value>0x2069</value>
         <object_component_ref idref="oc-150"/>
      </symbol>
      <symbol id="sm-3a8">
         <name>GPIOPinWrite</name>
         <value>0x2b4b</value>
         <object_component_ref idref="oc-16c"/>
      </symbol>
      <symbol id="sm-3d6">
         <name>IntEnable</name>
         <value>0x1bb5</value>
         <object_component_ref idref="oc-2e7"/>
      </symbol>
      <symbol id="sm-3d7">
         <name>IntMasterDisable</name>
         <value>0x2b55</value>
         <object_component_ref idref="oc-42a"/>
      </symbol>
      <symbol id="sm-3d8">
         <name>IntMasterEnable</name>
         <value>0x2b5f</value>
         <object_component_ref idref="oc-42e"/>
      </symbol>
      <symbol id="sm-3e6">
         <name>CPUcpsie</name>
         <value>0x2b1b</value>
         <object_component_ref idref="oc-474"/>
      </symbol>
      <symbol id="sm-3e7">
         <name>CPUcpsid</name>
         <value>0x2b0f</value>
         <object_component_ref idref="oc-46f"/>
      </symbol>
      <symbol id="sm-40c">
         <name>USB0DeviceIntHandler</name>
         <value>0x2901</value>
         <object_component_ref idref="oc-4e"/>
      </symbol>
      <symbol id="sm-565">
         <name>g_psUSBDevice</name>
         <value>0x20000680</value>
         <object_component_ref idref="oc-13a"/>
      </symbol>
      <symbol id="sm-566">
         <name>USBDCDStallEP0</name>
         <value>0x2895</value>
         <object_component_ref idref="oc-263"/>
      </symbol>
      <symbol id="sm-567">
         <name>g_sUSBDefaultFIFOConfig</name>
         <value>0x2c2c</value>
         <object_component_ref idref="oc-390"/>
      </symbol>
      <symbol id="sm-568">
         <name>USBDeviceEnumHandler</name>
         <value>0xdb9</value>
         <object_component_ref idref="oc-12f"/>
      </symbol>
      <symbol id="sm-569">
         <name>USBDCDInit</name>
         <value>0xcc5</value>
         <object_component_ref idref="oc-212"/>
      </symbol>
      <symbol id="sm-56a">
         <name>USBDeviceEnumResetHandler</name>
         <value>0x244d</value>
         <object_component_ref idref="oc-11f"/>
      </symbol>
      <symbol id="sm-56b">
         <name>USBDeviceIntHandlerInternal</name>
         <value>0x1225</value>
         <object_component_ref idref="oc-ce"/>
      </symbol>
      <symbol id="sm-56c">
         <name>USBDeviceResumeTickHandler</name>
         <value>0x20b1</value>
         <object_component_ref idref="oc-123"/>
      </symbol>
      <symbol id="sm-60f">
         <name>USBDeviceConfigAlternate</name>
         <value>0xf5d</value>
         <object_component_ref idref="oc-403"/>
      </symbol>
      <symbol id="sm-610">
         <name>USBDeviceConfig</name>
         <value>0x87d</value>
         <object_component_ref idref="oc-3f5"/>
      </symbol>
      <symbol id="sm-675">
         <name>USBDCDConfigDescGet</name>
         <value>0x1e91</value>
         <object_component_ref idref="oc-448"/>
      </symbol>
      <symbol id="sm-676">
         <name>USBDCDConfigGetInterface</name>
         <value>0x2879</value>
         <object_component_ref idref="oc-3ff"/>
      </symbol>
      <symbol id="sm-677">
         <name>USBDCDConfigDescGetSize</name>
         <value>0x2919</value>
         <object_component_ref idref="oc-26c"/>
      </symbol>
      <symbol id="sm-678">
         <name>USBDCDConfigGetInterfaceEndpoint</name>
         <value>0x22c9</value>
         <object_component_ref idref="oc-44c"/>
      </symbol>
      <symbol id="sm-679">
         <name>USBDCDConfigDescGetNum</name>
         <value>0x25c5</value>
         <object_component_ref idref="oc-3fb"/>
      </symbol>
      <symbol id="sm-71e">
         <name>USBDBulkTxPacketAvailable</name>
         <value>0x2ad5</value>
         <object_component_ref idref="oc-223"/>
      </symbol>
      <symbol id="sm-71f">
         <name>USBDBulkCompositeInit</name>
         <value>0x1931</value>
         <object_component_ref idref="oc-20e"/>
      </symbol>
      <symbol id="sm-720">
         <name>g_sBulkInterfaceSection</name>
         <value>0x2e14</value>
         <object_component_ref idref="oc-374"/>
      </symbol>
      <symbol id="sm-721">
         <name>g_psBulkSections</name>
         <value>0x20000c08</value>
         <object_component_ref idref="oc-2b9"/>
      </symbol>
      <symbol id="sm-722">
         <name>g_sBulkConfigSection</name>
         <value>0x2e0c</value>
         <object_component_ref idref="oc-374"/>
      </symbol>
      <symbol id="sm-723">
         <name>g_pBulkInterface</name>
         <value>0x2df4</value>
         <object_component_ref idref="oc-374"/>
      </symbol>
      <symbol id="sm-724">
         <name>USBDBulkInit</name>
         <value>0x285d</value>
         <object_component_ref idref="oc-168"/>
      </symbol>
      <symbol id="sm-725">
         <name>USBDBulkRxPacketAvailable</name>
         <value>0x27af</value>
         <object_component_ref idref="oc-239"/>
      </symbol>
      <symbol id="sm-726">
         <name>USBDBulkPacketRead</name>
         <value>0x1ae3</value>
         <object_component_ref idref="oc-235"/>
      </symbol>
      <symbol id="sm-727">
         <name>g_pBulkDescriptor</name>
         <value>0x20000bfe</value>
         <object_component_ref idref="oc-2b9"/>
      </symbol>
      <symbol id="sm-728">
         <name>g_pBulkConfigDescriptors</name>
         <value>0x2e24</value>
         <object_component_ref idref="oc-374"/>
      </symbol>
      <symbol id="sm-729">
         <name>USBDBulkPacketWrite</name>
         <value>0x201d</value>
         <object_component_ref idref="oc-21f"/>
      </symbol>
      <symbol id="sm-72a">
         <name>g_sBulkDeviceInfo</name>
         <value>0x20000ba0</value>
         <object_component_ref idref="oc-2bb"/>
      </symbol>
      <symbol id="sm-72b">
         <name>g_pBulkDeviceDescriptor</name>
         <value>0x20000bec</value>
         <object_component_ref idref="oc-2b9"/>
      </symbol>
      <symbol id="sm-72c">
         <name>g_sBulkConfigHeader</name>
         <value>0x2e1c</value>
         <object_component_ref idref="oc-374"/>
      </symbol>
      <symbol id="sm-76d">
         <name>g_pfTickHandlers</name>
         <value>0x20000714</value>
         <object_component_ref idref="oc-1b1"/>
      </symbol>
      <symbol id="sm-76e">
         <name>g_ulUSBSOFCount</name>
         <value>0x20000c44</value>
         <object_component_ref idref="oc-137"/>
      </symbol>
      <symbol id="sm-76f">
         <name>g_pvTickInstance</name>
         <value>0x2000072c</value>
         <object_component_ref idref="oc-1b1"/>
      </symbol>
      <symbol id="sm-770">
         <name>g_bUSBTimerInitialized</name>
         <value>0x20000c3c</value>
         <object_component_ref idref="oc-137"/>
      </symbol>
      <symbol id="sm-771">
         <name>InternalUSBStartOfFrameTick</name>
         <value>0x2419</value>
         <object_component_ref idref="oc-127"/>
      </symbol>
      <symbol id="sm-772">
         <name>InternalUSBRegisterTickHandler</name>
         <value>0x2541</value>
         <object_component_ref idref="oc-2b5"/>
      </symbol>
      <symbol id="sm-773">
         <name>InternalUSBTickInit</name>
         <value>0x24b1</value>
         <object_component_ref idref="oc-2b1"/>
      </symbol>
      <symbol id="sm-774">
         <name>g_ulCurrentUSBTick</name>
         <value>0x20000c40</value>
         <object_component_ref idref="oc-137"/>
      </symbol>
      <symbol id="sm-79c">
         <name>g_ulPollRate</name>
         <value>0x2000078c</value>
         <object_component_ref idref="oc-20a"/>
      </symbol>
      <symbol id="sm-79d">
         <name>g_eOTGModeState</name>
         <value>0x20000790</value>
         <object_component_ref idref="oc-20a"/>
      </symbol>
      <symbol id="sm-79e">
         <name>USBStackModeSet</name>
         <value>0x2771</value>
         <object_component_ref idref="oc-164"/>
      </symbol>
      <symbol id="sm-79f">
         <name>g_ulWaitTicks</name>
         <value>0x20000c4c</value>
         <object_component_ref idref="oc-208"/>
      </symbol>
      <symbol id="sm-7a0">
         <name>g_eUSBMode</name>
         <value>0x20000c48</value>
         <object_component_ref idref="oc-208"/>
      </symbol>
      <symbol id="sm-7cc">
         <name>USBDescGet</name>
         <value>0x25f1</value>
         <object_component_ref idref="oc-47c"/>
      </symbol>
      <symbol id="sm-7cd">
         <name>USBDescGetNum</name>
         <value>0x2647</value>
         <object_component_ref idref="oc-462"/>
      </symbol>
      <symbol id="sm-833">
         <name>USBBufferDataWritten</name>
         <value>0x29e5</value>
         <object_component_ref idref="oc-3af"/>
      </symbol>
      <symbol id="sm-834">
         <name>USBBufferSpaceAvailable</name>
         <value>0x2b9f</value>
         <object_component_ref idref="oc-3ab"/>
      </symbol>
      <symbol id="sm-835">
         <name>USBBufferInit</name>
         <value>0x2979</value>
         <object_component_ref idref="oc-160"/>
      </symbol>
      <symbol id="sm-836">
         <name>USBBufferEventCallback</name>
         <value>0x1c19</value>
         <object_component_ref idref="oc-243"/>
      </symbol>
      <symbol id="sm-837">
         <name>USBBufferInfoGet</name>
         <value>0x2af3</value>
         <object_component_ref idref="oc-3a7"/>
      </symbol>
      <symbol id="sm-838">
         <name>USBBufferFlush</name>
         <value>0x2b99</value>
         <object_component_ref idref="oc-2ff"/>
      </symbol>
      <symbol id="sm-898">
         <name>USBRingBufWrite</name>
         <value>0x28cd</value>
         <object_component_ref idref="oc-3d6"/>
      </symbol>
      <symbol id="sm-899">
         <name>USBRingBufContigUsed</name>
         <value>0x2a0d</value>
         <object_component_ref idref="oc-439"/>
      </symbol>
      <symbol id="sm-89a">
         <name>USBRingBufFlush</name>
         <value>0x2a21</value>
         <object_component_ref idref="oc-3b4"/>
      </symbol>
      <symbol id="sm-89b">
         <name>USBRingBufAdvanceWrite</name>
         <value>0x23e1</value>
         <object_component_ref idref="oc-3ce"/>
      </symbol>
      <symbol id="sm-89c">
         <name>USBRingBufWriteOne</name>
         <value>0x2aa3</value>
         <object_component_ref idref="oc-441"/>
      </symbol>
      <symbol id="sm-89d">
         <name>USBRingBufUsed</name>
         <value>0x29bb</value>
         <object_component_ref idref="oc-3bb"/>
      </symbol>
      <symbol id="sm-89e">
         <name>USBRingBufFree</name>
         <value>0x2a91</value>
         <object_component_ref idref="oc-3d2"/>
      </symbol>
      <symbol id="sm-89f">
         <name>USBRingBufAdvanceRead</name>
         <value>0x27eb</value>
         <object_component_ref idref="oc-3c0"/>
      </symbol>
      <symbol id="sm-8a0">
         <name>USBRingBufInit</name>
         <value>0x2b33</value>
         <object_component_ref idref="oc-202"/>
      </symbol>
      <symbol id="sm-8a1">
         <name>USBRingBufContigFree</name>
         <value>0x28b1</value>
         <object_component_ref idref="oc-3c9"/>
      </symbol>
      <symbol id="sm-96e">
         <name>USBEndpointDataAvail</name>
         <value>0x27cd</value>
         <object_component_ref idref="oc-304"/>
      </symbol>
      <symbol id="sm-96f">
         <name>USBDevDisconnect</name>
         <value>0x2b73</value>
         <object_component_ref idref="oc-133"/>
      </symbol>
      <symbol id="sm-970">
         <name>USBDevEndpointStallClear</name>
         <value>0x1ee1</value>
         <object_component_ref idref="oc-3e7"/>
      </symbol>
      <symbol id="sm-971">
         <name>USBEndpointDataPut</name>
         <value>0x24e1</value>
         <object_component_ref idref="oc-270"/>
      </symbol>
      <symbol id="sm-972">
         <name>USBDevAddrSet</name>
         <value>0x2bab</value>
         <object_component_ref idref="oc-1be"/>
      </symbol>
      <symbol id="sm-973">
         <name>USBIntStatusControl</name>
         <value>0x233d</value>
         <object_component_ref idref="oc-ca"/>
      </symbol>
      <symbol id="sm-974">
         <name>USBDevEndpointDataAck</name>
         <value>0x2709</value>
         <object_component_ref idref="oc-1c6"/>
      </symbol>
      <symbol id="sm-975">
         <name>USBOTGMode</name>
         <value>0x2b85</value>
         <object_component_ref idref="oc-2ce"/>
      </symbol>
      <symbol id="sm-976">
         <name>USBDevMode</name>
         <value>0x2b7d</value>
         <object_component_ref idref="oc-2d2"/>
      </symbol>
      <symbol id="sm-977">
         <name>USBIntEnableEndpoint</name>
         <value>0x29f9</value>
         <object_component_ref idref="oc-2da"/>
      </symbol>
      <symbol id="sm-978">
         <name>USBEndpointDataGet</name>
         <value>0x2185</value>
         <object_component_ref idref="oc-1c2"/>
      </symbol>
      <symbol id="sm-979">
         <name>USBDevEndpointStatusClear</name>
         <value>0x1c79</value>
         <object_component_ref idref="oc-1ba"/>
      </symbol>
      <symbol id="sm-97a">
         <name>USBFIFOConfigSet</name>
         <value>0x20f9</value>
         <object_component_ref idref="oc-45c"/>
      </symbol>
      <symbol id="sm-97b">
         <name>USBEndpointDataSend</name>
         <value>0x2511</value>
         <object_component_ref idref="oc-274"/>
      </symbol>
      <symbol id="sm-97c">
         <name>USBIntStatusEndpoint</name>
         <value>0x2b27</value>
         <object_component_ref idref="oc-12b"/>
      </symbol>
      <symbol id="sm-97d">
         <name>USBEndpointStatus</name>
         <value>0x2a7f</value>
         <object_component_ref idref="oc-1b6"/>
      </symbol>
      <symbol id="sm-97e">
         <name>USBDevEndpointStall</name>
         <value>0x23ab</value>
         <object_component_ref idref="oc-332"/>
      </symbol>
      <symbol id="sm-97f">
         <name>USBDevConnect</name>
         <value>0x2b69</value>
         <object_component_ref idref="oc-2e3"/>
      </symbol>
      <symbol id="sm-980">
         <name>USBDevEndpointConfigSet</name>
         <value>0x18b9</value>
         <object_component_ref idref="oc-454"/>
      </symbol>
      <symbol id="sm-981">
         <name>USBHostResume</name>
         <value>0x298f</value>
         <object_component_ref idref="oc-1ac"/>
      </symbol>
      <symbol id="sm-982">
         <name>USBIntEnableControl</name>
         <value>0x2671</value>
         <object_component_ref idref="oc-2d6"/>
      </symbol>
      <symbol id="sm-9f0">
         <name>SysCtlDelay</name>
         <value>0x2b93</value>
         <object_component_ref idref="oc-2e2"/>
      </symbol>
      <symbol id="sm-9f1">
         <name>SysCtlPeripheralEnable</name>
         <value>0x1d35</value>
         <object_component_ref idref="oc-2c6"/>
      </symbol>
      <symbol id="sm-9f2">
         <name>SysCtlClockGet</name>
         <value>0x6a5</value>
         <object_component_ref idref="oc-2de"/>
      </symbol>
      <symbol id="sm-9f3">
         <name>SysCtlUSBPLLEnable</name>
         <value>0x2ab5</value>
         <object_component_ref idref="oc-2ca"/>
      </symbol>
      <symbol id="sm-9f4">
         <name>SysCtlPeripheralReset</name>
         <value>0x1409</value>
         <object_component_ref idref="oc-2c2"/>
      </symbol>
      <symbol id="sm-9f5">
         <name>__TI_static_base__</name>
         <value>0x0</value>
      </symbol>
      <symbol id="sm-9f8">
         <name>SHT$$INIT_ARRAY$$Limit</name>
         <value>0x0</value>
      </symbol>
      <symbol id="sm-9f9">
         <name>SHT$$INIT_ARRAY$$Base</name>
         <value>0x0</value>
      </symbol>
   </symbol_table>
   <title>Link successful</title>
</link_info>
