******************************************************************************
                  TI ARM Linker PC v5.2.5                      
******************************************************************************
>> Linked Wed Jan 20 02:42:47 2016

OUTPUT FILE NAME:   <temp_sensor_adc_imp.out>
ENTRY POINT SYMBOL: "_c_int00"  address: 000013e5


MEMORY CONFIGURATION

         name            origin    length      used     unused   attr    fill
----------------------  --------  ---------  --------  --------  ----  --------
  FLASH                 00000000   00040000  000019cc  0003e634  R  X
  SRAM                  20000000   00008000  00000228  00007dd8  RW X


SEGMENT ALLOCATION MAP

run origin  load origin   length   init length attrs members
----------  ----------- ---------- ----------- ----- -------
00000000    00000000    000019d0   000019d0    r-x
  00000000    00000000    0000026c   0000026c    r-- .intvecs
  0000026c    0000026c    000015a6   000015a6    r-x .text
  00001814    00001814    00000182   00000182    r-- .const
  00001998    00001998    00000038   00000038    r-- .cinit
20000000    20000000    00000228   00000000    rw-
  20000000    20000000    00000200   00000000    rw- .stack
  20000200    20000200    0000001c   00000000    rw- .data
  2000021c    2000021c    0000000c   00000000    rw- .bss


SECTION ALLOCATION MAP

 output                                  attributes/
section   page    origin      length       input sections
--------  ----  ----------  ----------   ----------------
.intvecs   0    00000000    0000026c     
                  00000000    0000026c     lm4f120h5qr_startup_ccs.obj (.intvecs)

.text      0    0000026c    000015a6     
                  0000026c    000004a8     uartstdio.obj (.text)
                  00000714    000002d4     main.obj (.text)
                  000009e8    000001d8     driverlib-cm4f.lib : sysctl.obj (.text:SysCtlClockGet)
                  00000bc0    0000013c                        : sysctl.obj (.text:SysCtlClockSet)
                  00000cfc    00000136     rtsv7M4_T_le_v4SPD16_eabi.lib : fd_div_t2.obj (.text)
                  00000e32    000000fc                                   : fd_mul_t2.obj (.text)
                  00000f2e    000000c8     driverlib-cm4f.lib : gpio.obj (.text:GPIOPadConfigSet)
                  00000ff6    00000002     rtsv7M4_T_le_v4SPD16_eabi.lib : i_div0.obj (.text)
                  00000ff8    000000c0                                   : xdint.obj (.text)
                  000010b8    0000009c                                   : memcpy_t2.obj (.text)
                  00001154    0000007a                                   : memset_t2.obj (.text)
                  000011ce    00000002     --HOLE-- [fill = 0]
                  000011d0    00000078     driverlib-cm4f.lib : sysctl.obj (.text:SysCtlPeripheralPresent)
                  00001248    0000006c                        : adc.obj (.text:ADCSequenceStepConfigure)
                  000012b4    0000006c     rtsv7M4_T_le_v4SPD16_eabi.lib : autoinit.obj (.text)
                  00001320    0000006a                                   : copy_decompress_rle.obj (.text)
                  0000138a    00000002     --HOLE-- [fill = 0]
                  0000138c    00000058     driverlib-cm4f.lib : sysctl.obj (.text:SysCtlPeripheralEnable)
                  000013e4    00000050     rtsv7M4_T_le_v4SPD16_eabi.lib : boot.obj (.text)
                  00001434    0000004c                                   : cpy_tbl.obj (.text)
                  00001480    00000048     driverlib-cm4f.lib : gpio.obj (.text:GPIOPinConfigure)
                  000014c8    00000048     rtsv7M4_T_le_v4SPD16_eabi.lib : fd_tos_t2.obj (.text)
                  00001510    00000044                                   : exit.obj (.text)
                  00001554    00000042     driverlib-cm4f.lib : uart.obj (.text:UARTConfigSetExpClk)
                  00001596    00000040     rtsv7M4_T_le_v4SPD16_eabi.lib : u_divt2.obj (.text)
                  000015d6    00000038                                   : fs_tod_t2.obj (.text)
                  0000160e    0000002e     driverlib-cm4f.lib : adc.obj (.text:ADCIntStatus)
                  0000163c    0000002e                        : gpio.obj (.text:GPIODirModeSet)
                  0000166a    0000002a                        : adc.obj (.text:ADCSequenceConfigure)
                  00001694    00000022     rtsv7M4_T_le_v4SPD16_eabi.lib : trunc.obj (.text)
                  000016b6    00000020     driverlib-cm4f.lib : adc.obj (.text:ADCSequenceDataGet)
                  000016d6    00000002     --HOLE-- [fill = 0]
                  000016d8    00000020                        : sysctl.obj (.text:SysCtlADCSpeedSet)
                  000016f8    00000020     rtsv7M4_T_le_v4SPD16_eabi.lib : u_tofd_t2.obj (.text)
                  00001718    0000001c     driverlib-cm4f.lib : uart.obj (.text:UARTDisable)
                  00001734    00000018     rtsv7M4_T_le_v4SPD16_eabi.lib : args_main.obj (.text)
                  0000174c    00000016     driverlib-cm4f.lib : adc.obj (.text:ADCProcessorTrigger)
                  00001762    00000014                        : uart.obj (.text:UARTEnable)
                  00001776    00000002     --HOLE-- [fill = 0]
                  00001778    00000014     rtsv7M4_T_le_v4SPD16_eabi.lib : _lock.obj (.text)
                  0000178c    00000012     driverlib-cm4f.lib : gpio.obj (.text:GPIOPinTypeADC)
                  0000179e    00000012                        : gpio.obj (.text:GPIOPinTypeUART)
                  000017b0    0000000e                        : adc.obj (.text:ADCSequenceEnable)
                  000017be    0000000e     rtsv7M4_T_le_v4SPD16_eabi.lib : copy_decompress_none.obj (.text:decompress:none)
                  000017cc    0000000c                                   : copy_zero_init.obj (.text:decompress:ZI)
                  000017d8    0000000c     lm4f120h5qr_startup_ccs.obj (.text)
                  000017e4    0000000a     driverlib-cm4f.lib : adc.obj (.text:ADCIntClear)
                  000017ee    0000000a                        : uart.obj (.text:UARTCharGet)
                  000017f8    0000000a                        : uart.obj (.text:UARTCharPut)
                  00001802    00000006                        : sysctl.obj (.text:SysCtlDelay)
                  00001808    00000006     rtsv7M4_T_le_v4SPD16_eabi.lib : copy_decompress_rle.obj (.text:decompress:rle24)
                  0000180e    00000004                                   : pre_init.obj (.text)

.const     0    00001814    00000182     
                  00001814    00000078     driverlib-cm4f.lib : gpio.obj (.const:g_pulGPIOBaseAddrs)
                  0000188c    0000006c                        : sysctl.obj (.const:g_pulXtals)
                  000018f8    00000040                        : sysctl.obj (.const)
                  00001938    00000030     rtsv7M4_T_le_v4SPD16_eabi.lib : xdint.obj (.const)
                  00001968    0000001c     uartstdio.obj (.const)
                  00001984    00000012     uartstdio.obj (.const:.string)

.cinit     0    00001998    00000038     
                  00001998    0000000f     (.cinit..data.load) [load image, compression = rle]
                  000019a7    00000001     --HOLE-- [fill = 0]
                  000019a8    0000000c     (__TI_handler_table)
                  000019b4    00000004     --HOLE-- [fill = 0]
                  000019b8    00000008     (.cinit..bss.load) [load image, compression = zero_init]
                  000019c0    00000010     (__TI_cinit_table)

.init_array 
*          0    00000000    00000000     UNINITIALIZED

.stack     0    20000000    00000200     UNINITIALIZED
                  20000000    00000200     --HOLE--

.data      0    20000200    0000001c     UNINITIALIZED
                  20000200    00000008     rtsv7M4_T_le_v4SPD16_eabi.lib : _lock.obj (.data)
                  20000208    00000008                                   : exit.obj (.data)
                  20000210    00000005     uartstdio.obj (.data)
                  20000215    00000003     --HOLE--
                  20000218    00000004     rtsv7M4_T_le_v4SPD16_eabi.lib : stkdepth_vars.obj (.data)

.bss       0    2000021c    0000000c     UNINITIALIZED
                  2000021c    00000004     (.common:ulADC0Value)
                  20000220    00000004     (.common:ulV)
                  20000224    00000004     (.common:ulmV)

.TI.persistent 
*          0    20000200    00000000     UNINITIALIZED

.TI.noinit 
*          0    2000021c    00000000     UNINITIALIZED


LINKER GENERATED COPY TABLES

__TI_cinit_table @ 000019c0 records: 2, size/record: 8, table size: 16
	.data: load addr=00001998, load size=0000000f bytes, run addr=20000200, run size=0000001c bytes, compression=rle
	.bss: load addr=000019b8, load size=00000008 bytes, run addr=2000021c, run size=0000000c bytes, compression=zero_init


LINKER GENERATED HANDLER TABLE

__TI_handler_table @ 000019a8 records: 3, size/record: 4, table size: 12
	index: 0, handler: __TI_decompress_rle24
	index: 1, handler: __TI_decompress_none
	index: 2, handler: __TI_zero_init


GLOBAL SYMBOLS: SORTED ALPHABETICALLY BY Name 

address   name                    
-------   ----                    
000017e5  ADCIntClear             
0000160f  ADCIntStatus            
0000174d  ADCProcessorTrigger     
0000166b  ADCSequenceConfigure    
000016b7  ADCSequenceDataGet      
000017b1  ADCSequenceEnable       
00001249  ADCSequenceStepConfigure
00001511  C$$EXIT                 
0000163d  GPIODirModeSet          
00000f2f  GPIOPadConfigSet        
00001481  GPIOPinConfigure        
0000178d  GPIOPinTypeADC          
0000179f  GPIOPinTypeUART         
00000715  InitConsole             
000017d9  ResetISR                
UNDEFED   SHT$$INIT_ARRAY$$Base   
UNDEFED   SHT$$INIT_ARRAY$$Limit  
000016d9  SysCtlADCSpeedSet       
000009e9  SysCtlClockGet          
00000bc1  SysCtlClockSet          
00001803  SysCtlDelay             
0000138d  SysCtlPeripheralEnable  
000011d1  SysCtlPeripheralPresent 
000017ef  UARTCharGet             
000017f9  UARTCharPut             
00001555  UARTConfigSetExpClk     
00001719  UARTDisable             
00001763  UARTEnable              
0000026d  UARTStdioConfig         
000002b3  UARTStdioInit           
000002c9  UARTStdioInitExpClk     
000003dd  UARTgetc                
00000325  UARTgets                
00000405  UARTprintf              
000002df  UARTwrite               
00000ff9  _Dint                   
20000200  __STACK_END             
00000200  __STACK_SIZE            
20000200  __STACK_TOP             
000019c0  __TI_CINIT_Base         
000019d0  __TI_CINIT_Limit        
000019a8  __TI_Handler_Table_Base 
000019b4  __TI_Handler_Table_Limit
000012b5  __TI_auto_init          
20000208  __TI_cleanup_ptr        
000017bf  __TI_decompress_none    
00001809  __TI_decompress_rle24   
2000020c  __TI_dtors_ptr          
00000000  __TI_static_base__      
000017cd  __TI_zero_init          
000014c9  __aeabi_d2f             
00000cfd  __aeabi_ddiv            
00000e33  __aeabi_dmul            
000015d7  __aeabi_f2d             
00000ff7  __aeabi_idiv0           
00001155  __aeabi_memclr          
00001155  __aeabi_memclr4         
00001155  __aeabi_memclr8         
000010b9  __aeabi_memcpy          
000010b9  __aeabi_memcpy4         
000010b9  __aeabi_memcpy8         
00001157  __aeabi_memset          
00001157  __aeabi_memset4         
00001157  __aeabi_memset8         
000016f9  __aeabi_ui2d            
00001597  __aeabi_uidiv           
00001597  __aeabi_uidivmod        
ffffffff  __binit__               
ffffffff  __c_args__              
20000000  __stack                 
00001735  _args_main              
000013e5  _c_int00                
20000200  _lock                   
00001787  _nop                    
0000177f  _register_lock          
00001779  _register_unlock        
0000180f  _system_pre_init        
20000204  _unlock                 
00001515  abort                   
ffffffff  binit                   
00001435  copy_in                 
0000151d  exit                    
00000000  g_pfnVectors            
0000073d  main                    
20000218  main_func_sp            
000010b9  memcpy                  
0000115d  memset                  
00001695  trunc                   
2000021c  ulADC0Value             
20000220  ulV                     
20000224  ulmV                    


GLOBAL SYMBOLS: SORTED BY Symbol Address 

address   name                    
-------   ----                    
00000000  __TI_static_base__      
00000000  g_pfnVectors            
00000200  __STACK_SIZE            
0000026d  UARTStdioConfig         
000002b3  UARTStdioInit           
000002c9  UARTStdioInitExpClk     
000002df  UARTwrite               
00000325  UARTgets                
000003dd  UARTgetc                
00000405  UARTprintf              
00000715  InitConsole             
0000073d  main                    
000009e9  SysCtlClockGet          
00000bc1  SysCtlClockSet          
00000cfd  __aeabi_ddiv            
00000e33  __aeabi_dmul            
00000f2f  GPIOPadConfigSet        
00000ff7  __aeabi_idiv0           
00000ff9  _Dint                   
000010b9  __aeabi_memcpy          
000010b9  __aeabi_memcpy4         
000010b9  __aeabi_memcpy8         
000010b9  memcpy                  
00001155  __aeabi_memclr          
00001155  __aeabi_memclr4         
00001155  __aeabi_memclr8         
00001157  __aeabi_memset          
00001157  __aeabi_memset4         
00001157  __aeabi_memset8         
0000115d  memset                  
000011d1  SysCtlPeripheralPresent 
00001249  ADCSequenceStepConfigure
000012b5  __TI_auto_init          
0000138d  SysCtlPeripheralEnable  
000013e5  _c_int00                
00001435  copy_in                 
00001481  GPIOPinConfigure        
000014c9  __aeabi_d2f             
00001511  C$$EXIT                 
00001515  abort                   
0000151d  exit                    
00001555  UARTConfigSetExpClk     
00001597  __aeabi_uidiv           
00001597  __aeabi_uidivmod        
000015d7  __aeabi_f2d             
0000160f  ADCIntStatus            
0000163d  GPIODirModeSet          
0000166b  ADCSequenceConfigure    
00001695  trunc                   
000016b7  ADCSequenceDataGet      
000016d9  SysCtlADCSpeedSet       
000016f9  __aeabi_ui2d            
00001719  UARTDisable             
00001735  _args_main              
0000174d  ADCProcessorTrigger     
00001763  UARTEnable              
00001779  _register_unlock        
0000177f  _register_lock          
00001787  _nop                    
0000178d  GPIOPinTypeADC          
0000179f  GPIOPinTypeUART         
000017b1  ADCSequenceEnable       
000017bf  __TI_decompress_none    
000017cd  __TI_zero_init          
000017d9  ResetISR                
000017e5  ADCIntClear             
000017ef  UARTCharGet             
000017f9  UARTCharPut             
00001803  SysCtlDelay             
00001809  __TI_decompress_rle24   
0000180f  _system_pre_init        
000019a8  __TI_Handler_Table_Base 
000019b4  __TI_Handler_Table_Limit
000019c0  __TI_CINIT_Base         
000019d0  __TI_CINIT_Limit        
20000000  __stack                 
20000200  __STACK_END             
20000200  __STACK_TOP             
20000200  _lock                   
20000204  _unlock                 
20000208  __TI_cleanup_ptr        
2000020c  __TI_dtors_ptr          
20000218  main_func_sp            
2000021c  ulADC0Value             
20000220  ulV                     
20000224  ulmV                    
ffffffff  __binit__               
ffffffff  __c_args__              
ffffffff  binit                   
UNDEFED   SHT$$INIT_ARRAY$$Base   
UNDEFED   SHT$$INIT_ARRAY$$Limit  

[91 symbols]
